2026-07-16 08:58:43.351664 - http://localhost:8000/api/projects/22 - no running event loop
Traceback (most recent call last):
  File "C:\Users\kimchunsik\Desktop\업무자동화 비주얼화\backend\venv\Lib\site-packages\starlette\middleware\errors.py", line 164, in __call__
    await self.app(scope, receive, _send)
  File "C:\Users\kimchunsik\Desktop\업무자동화 비주얼화\backend\venv\Lib\site-packages\starlette\middleware\cors.py", line 96, in __call__
    await self.simple_response(scope, receive, send, request_headers=headers)
  File "C:\Users\kimchunsik\Desktop\업무자동화 비주얼화\backend\venv\Lib\site-packages\starlette\middleware\cors.py", line 154, in simple_response
    await self.app(scope, receive, send)
  File "C:\Users\kimchunsik\Desktop\업무자동화 비주얼화\backend\venv\Lib\site-packages\starlette\middleware\exceptions.py", line 63, in __call__
    await wrap_app_handling_exceptions(self.app, conn)(scope, receive, send)
  File "C:\Users\kimchunsik\Desktop\업무자동화 비주얼화\backend\venv\Lib\site-packages\starlette\_exception_handler.py", line 53, in wrapped_app
    raise exc
  File "C:\Users\kimchunsik\Desktop\업무자동화 비주얼화\backend\venv\Lib\site-packages\starlette\_exception_handler.py", line 42, in wrapped_app
    await app(scope, receive, sender)
  File "C:\Users\kimchunsik\Desktop\업무자동화 비주얼화\backend\venv\Lib\site-packages\fastapi\middleware\asyncexitstack.py", line 18, in __call__
    await self.app(scope, receive, send)
  File "C:\Users\kimchunsik\Desktop\업무자동화 비주얼화\backend\venv\Lib\site-packages\starlette\routing.py", line 660, in __call__
    await self.middleware_stack(scope, receive, send)
  File "C:\Users\kimchunsik\Desktop\업무자동화 비주얼화\backend\venv\Lib\site-packages\fastapi\routing.py", line 2683, in app
    await route.handle(scope, receive, send)
  File "C:\Users\kimchunsik\Desktop\업무자동화 비주얼화\backend\venv\Lib\site-packages\fastapi\routing.py", line 1266, in handle
    await super().handle(scope, receive, send)
  File "C:\Users\kimchunsik\Desktop\업무자동화 비주얼화\backend\venv\Lib\site-packages\starlette\routing.py", line 276, in handle
    await self.app(scope, receive, send)
  File "C:\Users\kimchunsik\Desktop\업무자동화 비주얼화\backend\venv\Lib\site-packages\fastapi\routing.py", line 150, in app
    await wrap_app_handling_exceptions(app, request)(scope, receive, send)
  File "C:\Users\kimchunsik\Desktop\업무자동화 비주얼화\backend\venv\Lib\site-packages\starlette\_exception_handler.py", line 53, in wrapped_app
    raise exc
  File "C:\Users\kimchunsik\Desktop\업무자동화 비주얼화\backend\venv\Lib\site-packages\starlette\_exception_handler.py", line 42, in wrapped_app
    await app(scope, receive, sender)
  File "C:\Users\kimchunsik\Desktop\업무자동화 비주얼화\backend\venv\Lib\site-packages\fastapi\routing.py", line 136, in app
    response = await f(request)
               ^^^^^^^^^^^^^^^^
  File "C:\Users\kimchunsik\Desktop\업무자동화 비주얼화\backend\venv\Lib\site-packages\fastapi\routing.py", line 690, in app
    raw_response = await run_endpoint_function(
                   ^^^^^^^^^^^^^^^^^^^^^^^^^^^^
  File "C:\Users\kimchunsik\Desktop\업무자동화 비주얼화\backend\venv\Lib\site-packages\fastapi\routing.py", line 346, in run_endpoint_function
    return await run_in_threadpool(dependant.call, **values)
           ^^^^^^^^^^^^^^^^^^^^^^^^^^^^^^^^^^^^^^^^^^^^^^^^^
  File "C:\Users\kimchunsik\Desktop\업무자동화 비주얼화\backend\venv\Lib\site-packages\starlette\concurrency.py", line 34, in run_in_threadpool
    return await anyio.to_thread.run_sync(func)
           ^^^^^^^^^^^^^^^^^^^^^^^^^^^^^^^^^^^^
  File "C:\Users\kimchunsik\Desktop\업무자동화 비주얼화\backend\venv\Lib\site-packages\anyio\to_thread.py", line 63, in run_sync
    return await get_async_backend().run_sync_in_worker_thread(
           ^^^^^^^^^^^^^^^^^^^^^^^^^^^^^^^^^^^^^^^^^^^^^^^^^^^^
  File "C:\Users\kimchunsik\Desktop\업무자동화 비주얼화\backend\venv\Lib\site-packages\anyio\_backends\_asyncio.py", line 2596, in run_sync_in_worker_thread
    return await future
           ^^^^^^^^^^^^
  File "C:\Users\kimchunsik\Desktop\업무자동화 비주얼화\backend\venv\Lib\site-packages\anyio\_backends\_asyncio.py", line 1029, in run
    result = context.run(func, *args)
             ^^^^^^^^^^^^^^^^^^^^^^^^
  File "C:\Users\kimchunsik\Desktop\업무자동화 비주얼화\backend\main.py", line 319, in delete_project
    discord_bot.stop_discord_bot(project_id)
  File "C:\Users\kimchunsik\Desktop\업무자동화 비주얼화\backend\discord_bot.py", line 158, in stop_discord_bot
    asyncio.create_task(_disconnect())
  File "C:\Users\kimchunsik\AppData\Local\Programs\Python\Python312\Lib\asyncio\tasks.py", line 417, in create_task
    loop = events.get_running_loop()
           ^^^^^^^^^^^^^^^^^^^^^^^^^
RuntimeError: no running event loop
2026-07-16 09:07:22.955439 - http://localhost:8000/api/projects/22 - no running event loop
Traceback (most recent call last):
  File "C:\Users\kimchunsik\Desktop\업무자동화 비주얼화\backend\venv\Lib\site-packages\starlette\middleware\errors.py", line 164, in __call__
    await self.app(scope, receive, _send)
  File "C:\Users\kimchunsik\Desktop\업무자동화 비주얼화\backend\venv\Lib\site-packages\starlette\middleware\cors.py", line 96, in __call__
    await self.simple_response(scope, receive, send, request_headers=headers)
  File "C:\Users\kimchunsik\Desktop\업무자동화 비주얼화\backend\venv\Lib\site-packages\starlette\middleware\cors.py", line 154, in simple_response
    await self.app(scope, receive, send)
  File "C:\Users\kimchunsik\Desktop\업무자동화 비주얼화\backend\venv\Lib\site-packages\starlette\middleware\exceptions.py", line 63, in __call__
    await wrap_app_handling_exceptions(self.app, conn)(scope, receive, send)
  File "C:\Users\kimchunsik\Desktop\업무자동화 비주얼화\backend\venv\Lib\site-packages\starlette\_exception_handler.py", line 53, in wrapped_app
    raise exc
  File "C:\Users\kimchunsik\Desktop\업무자동화 비주얼화\backend\venv\Lib\site-packages\starlette\_exception_handler.py", line 42, in wrapped_app
    await app(scope, receive, sender)
  File "C:\Users\kimchunsik\Desktop\업무자동화 비주얼화\backend\venv\Lib\site-packages\fastapi\middleware\asyncexitstack.py", line 18, in __call__
    await self.app(scope, receive, send)
  File "C:\Users\kimchunsik\Desktop\업무자동화 비주얼화\backend\venv\Lib\site-packages\starlette\routing.py", line 660, in __call__
    await self.middleware_stack(scope, receive, send)
  File "C:\Users\kimchunsik\Desktop\업무자동화 비주얼화\backend\venv\Lib\site-packages\fastapi\routing.py", line 2683, in app
    await route.handle(scope, receive, send)
  File "C:\Users\kimchunsik\Desktop\업무자동화 비주얼화\backend\venv\Lib\site-packages\fastapi\routing.py", line 1266, in handle
    await super().handle(scope, receive, send)
  File "C:\Users\kimchunsik\Desktop\업무자동화 비주얼화\backend\venv\Lib\site-packages\starlette\routing.py", line 276, in handle
    await self.app(scope, receive, send)
  File "C:\Users\kimchunsik\Desktop\업무자동화 비주얼화\backend\venv\Lib\site-packages\fastapi\routing.py", line 150, in app
    await wrap_app_handling_exceptions(app, request)(scope, receive, send)
  File "C:\Users\kimchunsik\Desktop\업무자동화 비주얼화\backend\venv\Lib\site-packages\starlette\_exception_handler.py", line 53, in wrapped_app
    raise exc
  File "C:\Users\kimchunsik\Desktop\업무자동화 비주얼화\backend\venv\Lib\site-packages\starlette\_exception_handler.py", line 42, in wrapped_app
    await app(scope, receive, sender)
  File "C:\Users\kimchunsik\Desktop\업무자동화 비주얼화\backend\venv\Lib\site-packages\fastapi\routing.py", line 136, in app
    response = await f(request)
               ^^^^^^^^^^^^^^^^
  File "C:\Users\kimchunsik\Desktop\업무자동화 비주얼화\backend\venv\Lib\site-packages\fastapi\routing.py", line 690, in app
    raw_response = await run_endpoint_function(
                   ^^^^^^^^^^^^^^^^^^^^^^^^^^^^
  File "C:\Users\kimchunsik\Desktop\업무자동화 비주얼화\backend\venv\Lib\site-packages\fastapi\routing.py", line 346, in run_endpoint_function
    return await run_in_threadpool(dependant.call, **values)
           ^^^^^^^^^^^^^^^^^^^^^^^^^^^^^^^^^^^^^^^^^^^^^^^^^
  File "C:\Users\kimchunsik\Desktop\업무자동화 비주얼화\backend\venv\Lib\site-packages\starlette\concurrency.py", line 34, in run_in_threadpool
    return await anyio.to_thread.run_sync(func)
           ^^^^^^^^^^^^^^^^^^^^^^^^^^^^^^^^^^^^
  File "C:\Users\kimchunsik\Desktop\업무자동화 비주얼화\backend\venv\Lib\site-packages\anyio\to_thread.py", line 63, in run_sync
    return await get_async_backend().run_sync_in_worker_thread(
           ^^^^^^^^^^^^^^^^^^^^^^^^^^^^^^^^^^^^^^^^^^^^^^^^^^^^
  File "C:\Users\kimchunsik\Desktop\업무자동화 비주얼화\backend\venv\Lib\site-packages\anyio\_backends\_asyncio.py", line 2596, in run_sync_in_worker_thread
    return await future
           ^^^^^^^^^^^^
  File "C:\Users\kimchunsik\Desktop\업무자동화 비주얼화\backend\venv\Lib\site-packages\anyio\_backends\_asyncio.py", line 1029, in run
    result = context.run(func, *args)
             ^^^^^^^^^^^^^^^^^^^^^^^^
  File "C:\Users\kimchunsik\Desktop\업무자동화 비주얼화\backend\main.py", line 319, in delete_project
    discord_bot.stop_discord_bot(project_id)
  File "C:\Users\kimchunsik\Desktop\업무자동화 비주얼화\backend\discord_bot.py", line 158, in stop_discord_bot
    asyncio.create_task(_disconnect())
  File "C:\Users\kimchunsik\AppData\Local\Programs\Python\Python312\Lib\asyncio\tasks.py", line 417, in create_task
    loop = events.get_running_loop()
           ^^^^^^^^^^^^^^^^^^^^^^^^^
RuntimeError: no running event loop
2026-07-16 09:12:23.503942 - http://localhost:8000/api/projects/22 - no running event loop
Traceback (most recent call last):
  File "C:\Users\kimchunsik\Desktop\업무자동화 비주얼화\backend\venv\Lib\site-packages\starlette\middleware\errors.py", line 164, in __call__
    await self.app(scope, receive, _send)
  File "C:\Users\kimchunsik\Desktop\업무자동화 비주얼화\backend\venv\Lib\site-packages\starlette\middleware\cors.py", line 96, in __call__
    await self.simple_response(scope, receive, send, request_headers=headers)
  File "C:\Users\kimchunsik\Desktop\업무자동화 비주얼화\backend\venv\Lib\site-packages\starlette\middleware\cors.py", line 154, in simple_response
    await self.app(scope, receive, send)
  File "C:\Users\kimchunsik\Desktop\업무자동화 비주얼화\backend\venv\Lib\site-packages\starlette\middleware\exceptions.py", line 63, in __call__
    await wrap_app_handling_exceptions(self.app, conn)(scope, receive, send)
  File "C:\Users\kimchunsik\Desktop\업무자동화 비주얼화\backend\venv\Lib\site-packages\starlette\_exception_handler.py", line 53, in wrapped_app
    raise exc
  File "C:\Users\kimchunsik\Desktop\업무자동화 비주얼화\backend\venv\Lib\site-packages\starlette\_exception_handler.py", line 42, in wrapped_app
    await app(scope, receive, sender)
  File "C:\Users\kimchunsik\Desktop\업무자동화 비주얼화\backend\venv\Lib\site-packages\fastapi\middleware\asyncexitstack.py", line 18, in __call__
    await self.app(scope, receive, send)
  File "C:\Users\kimchunsik\Desktop\업무자동화 비주얼화\backend\venv\Lib\site-packages\starlette\routing.py", line 660, in __call__
    await self.middleware_stack(scope, receive, send)
  File "C:\Users\kimchunsik\Desktop\업무자동화 비주얼화\backend\venv\Lib\site-packages\fastapi\routing.py", line 2683, in app
    await route.handle(scope, receive, send)
  File "C:\Users\kimchunsik\Desktop\업무자동화 비주얼화\backend\venv\Lib\site-packages\fastapi\routing.py", line 1266, in handle
    await super().handle(scope, receive, send)
  File "C:\Users\kimchunsik\Desktop\업무자동화 비주얼화\backend\venv\Lib\site-packages\starlette\routing.py", line 276, in handle
    await self.app(scope, receive, send)
  File "C:\Users\kimchunsik\Desktop\업무자동화 비주얼화\backend\venv\Lib\site-packages\fastapi\routing.py", line 150, in app
    await wrap_app_handling_exceptions(app, request)(scope, receive, send)
  File "C:\Users\kimchunsik\Desktop\업무자동화 비주얼화\backend\venv\Lib\site-packages\starlette\_exception_handler.py", line 53, in wrapped_app
    raise exc
  File "C:\Users\kimchunsik\Desktop\업무자동화 비주얼화\backend\venv\Lib\site-packages\starlette\_exception_handler.py", line 42, in wrapped_app
    await app(scope, receive, sender)
  File "C:\Users\kimchunsik\Desktop\업무자동화 비주얼화\backend\venv\Lib\site-packages\fastapi\routing.py", line 136, in app
    response = await f(request)
               ^^^^^^^^^^^^^^^^
  File "C:\Users\kimchunsik\Desktop\업무자동화 비주얼화\backend\venv\Lib\site-packages\fastapi\routing.py", line 690, in app
    raw_response = await run_endpoint_function(
                   ^^^^^^^^^^^^^^^^^^^^^^^^^^^^
  File "C:\Users\kimchunsik\Desktop\업무자동화 비주얼화\backend\venv\Lib\site-packages\fastapi\routing.py", line 346, in run_endpoint_function
    return await run_in_threadpool(dependant.call, **values)
           ^^^^^^^^^^^^^^^^^^^^^^^^^^^^^^^^^^^^^^^^^^^^^^^^^
  File "C:\Users\kimchunsik\Desktop\업무자동화 비주얼화\backend\venv\Lib\site-packages\starlette\concurrency.py", line 34, in run_in_threadpool
    return await anyio.to_thread.run_sync(func)
           ^^^^^^^^^^^^^^^^^^^^^^^^^^^^^^^^^^^^
  File "C:\Users\kimchunsik\Desktop\업무자동화 비주얼화\backend\venv\Lib\site-packages\anyio\to_thread.py", line 63, in run_sync
    return await get_async_backend().run_sync_in_worker_thread(
           ^^^^^^^^^^^^^^^^^^^^^^^^^^^^^^^^^^^^^^^^^^^^^^^^^^^^
  File "C:\Users\kimchunsik\Desktop\업무자동화 비주얼화\backend\venv\Lib\site-packages\anyio\_backends\_asyncio.py", line 2596, in run_sync_in_worker_thread
    return await future
           ^^^^^^^^^^^^
  File "C:\Users\kimchunsik\Desktop\업무자동화 비주얼화\backend\venv\Lib\site-packages\anyio\_backends\_asyncio.py", line 1029, in run
    result = context.run(func, *args)
             ^^^^^^^^^^^^^^^^^^^^^^^^
  File "C:\Users\kimchunsik\Desktop\업무자동화 비주얼화\backend\main.py", line 319, in delete_project
    discord_bot.stop_discord_bot(project_id)
  File "C:\Users\kimchunsik\Desktop\업무자동화 비주얼화\backend\discord_bot.py", line 158, in stop_discord_bot
    asyncio.create_task(_disconnect())
  File "C:\Users\kimchunsik\AppData\Local\Programs\Python\Python312\Lib\asyncio\tasks.py", line 417, in create_task
    loop = events.get_running_loop()
           ^^^^^^^^^^^^^^^^^^^^^^^^^
RuntimeError: no running event loop
2026-07-16 16:13:05.689761 - http://127.0.0.1:8000/api/chat - Validation Error: [{'type': 'string_type', 'loc': ('body', 'project_id'), 'msg': 'Input should be a valid string', 'input': 1}]
Body: {'message': 'hello', 'project_id': 1, 'complexity_level': 'low', 'graph_data': {}}
2026-07-18 03:59:53.096095 - https://wa-pnu.duckdns.org/api/projects/6/live - no running event loop
Traceback (most recent call last):
  File "/home/ubuntu/app/backend/venv/lib/python3.12/site-packages/starlette/middleware/errors.py", line 164, in __call__
    await self.app(scope, receive, _send)
  File "/home/ubuntu/app/backend/venv/lib/python3.12/site-packages/starlette/middleware/cors.py", line 96, in __call__
    await self.simple_response(scope, receive, send, request_headers=headers)
  File "/home/ubuntu/app/backend/venv/lib/python3.12/site-packages/starlette/middleware/cors.py", line 154, in simple_response
    await self.app(scope, receive, send)
  File "/home/ubuntu/app/backend/venv/lib/python3.12/site-packages/starlette/middleware/exceptions.py", line 63, in __call__
    await wrap_app_handling_exceptions(self.app, conn)(scope, receive, send)
  File "/home/ubuntu/app/backend/venv/lib/python3.12/site-packages/starlette/_exception_handler.py", line 53, in wrapped_app
    raise exc
  File "/home/ubuntu/app/backend/venv/lib/python3.12/site-packages/starlette/_exception_handler.py", line 42, in wrapped_app
    await app(scope, receive, sender)
  File "/home/ubuntu/app/backend/venv/lib/python3.12/site-packages/fastapi/middleware/asyncexitstack.py", line 18, in __call__
    await self.app(scope, receive, send)
  File "/home/ubuntu/app/backend/venv/lib/python3.12/site-packages/starlette/routing.py", line 660, in __call__
    await self.middleware_stack(scope, receive, send)
  File "/home/ubuntu/app/backend/venv/lib/python3.12/site-packages/fastapi/routing.py", line 2685, in app
    await route.handle(scope, receive, send)
  File "/home/ubuntu/app/backend/venv/lib/python3.12/site-packages/fastapi/routing.py", line 1267, in handle
    await super().handle(scope, receive, send)
  File "/home/ubuntu/app/backend/venv/lib/python3.12/site-packages/starlette/routing.py", line 276, in handle
    await self.app(scope, receive, send)
  File "/home/ubuntu/app/backend/venv/lib/python3.12/site-packages/fastapi/routing.py", line 151, in app
    await wrap_app_handling_exceptions(app, request)(scope, receive, send)
  File "/home/ubuntu/app/backend/venv/lib/python3.12/site-packages/starlette/_exception_handler.py", line 53, in wrapped_app
    raise exc
  File "/home/ubuntu/app/backend/venv/lib/python3.12/site-packages/starlette/_exception_handler.py", line 42, in wrapped_app
    await app(scope, receive, sender)
  File "/home/ubuntu/app/backend/venv/lib/python3.12/site-packages/fastapi/routing.py", line 137, in app
    response = await f(request)
               ^^^^^^^^^^^^^^^^
  File "/home/ubuntu/app/backend/venv/lib/python3.12/site-packages/fastapi/routing.py", line 691, in app
    raw_response = await run_endpoint_function(
                   ^^^^^^^^^^^^^^^^^^^^^^^^^^^^
  File "/home/ubuntu/app/backend/venv/lib/python3.12/site-packages/fastapi/routing.py", line 347, in run_endpoint_function
    return await run_in_threadpool(dependant.call, **values)
           ^^^^^^^^^^^^^^^^^^^^^^^^^^^^^^^^^^^^^^^^^^^^^^^^^
  File "/home/ubuntu/app/backend/venv/lib/python3.12/site-packages/starlette/concurrency.py", line 34, in run_in_threadpool
    return await anyio.to_thread.run_sync(func)
           ^^^^^^^^^^^^^^^^^^^^^^^^^^^^^^^^^^^^
  File "/home/ubuntu/app/backend/venv/lib/python3.12/site-packages/anyio/to_thread.py", line 65, in run_sync
    return await get_async_backend().run_sync_in_worker_thread(
           ^^^^^^^^^^^^^^^^^^^^^^^^^^^^^^^^^^^^^^^^^^^^^^^^^^^^
  File "/home/ubuntu/app/backend/venv/lib/python3.12/site-packages/anyio/_backends/_asyncio.py", line 2641, in run_sync_in_worker_thread
    return await future
           ^^^^^^^^^^^^
  File "/home/ubuntu/app/backend/venv/lib/python3.12/site-packages/anyio/_backends/_asyncio.py", line 1033, in run
    result = context.run(func, *args)
             ^^^^^^^^^^^^^^^^^^^^^^^^
  File "/home/ubuntu/app/backend/main.py", line 523, in toggle_project_live
    discord_bot.start_discord_bot(project_id, token)
  File "/home/ubuntu/app/backend/discord_bot.py", line 158, in start_discord_bot
    asyncio.create_task(run_client())
  File "/usr/lib/python3.12/asyncio/tasks.py", line 417, in create_task
    loop = events.get_running_loop()
           ^^^^^^^^^^^^^^^^^^^^^^^^^
RuntimeError: no running event loop
2026-07-18 05:40:15.278606 - https://wa-pnu.duckdns.org/api/chat/sessions - 'NoneType' object has no attribute 'isoformat'
Traceback (most recent call last):
  File "/home/ubuntu/app/backend/venv/lib/python3.12/site-packages/starlette/middleware/errors.py", line 164, in __call__
    await self.app(scope, receive, _send)
  File "/home/ubuntu/app/backend/venv/lib/python3.12/site-packages/starlette/middleware/cors.py", line 88, in __call__
    await self.app(scope, receive, send)
  File "/home/ubuntu/app/backend/venv/lib/python3.12/site-packages/starlette/middleware/exceptions.py", line 63, in __call__
    await wrap_app_handling_exceptions(self.app, conn)(scope, receive, send)
  File "/home/ubuntu/app/backend/venv/lib/python3.12/site-packages/starlette/_exception_handler.py", line 53, in wrapped_app
    raise exc
  File "/home/ubuntu/app/backend/venv/lib/python3.12/site-packages/starlette/_exception_handler.py", line 42, in wrapped_app
    await app(scope, receive, sender)
  File "/home/ubuntu/app/backend/venv/lib/python3.12/site-packages/fastapi/middleware/asyncexitstack.py", line 18, in __call__
    await self.app(scope, receive, send)
  File "/home/ubuntu/app/backend/venv/lib/python3.12/site-packages/starlette/routing.py", line 660, in __call__
    await self.middleware_stack(scope, receive, send)
  File "/home/ubuntu/app/backend/venv/lib/python3.12/site-packages/fastapi/routing.py", line 2685, in app
    await route.handle(scope, receive, send)
  File "/home/ubuntu/app/backend/venv/lib/python3.12/site-packages/fastapi/routing.py", line 1267, in handle
    await super().handle(scope, receive, send)
  File "/home/ubuntu/app/backend/venv/lib/python3.12/site-packages/starlette/routing.py", line 276, in handle
    await self.app(scope, receive, send)
  File "/home/ubuntu/app/backend/venv/lib/python3.12/site-packages/fastapi/routing.py", line 151, in app
    await wrap_app_handling_exceptions(app, request)(scope, receive, send)
  File "/home/ubuntu/app/backend/venv/lib/python3.12/site-packages/starlette/_exception_handler.py", line 53, in wrapped_app
    raise exc
  File "/home/ubuntu/app/backend/venv/lib/python3.12/site-packages/starlette/_exception_handler.py", line 42, in wrapped_app
    await app(scope, receive, sender)
  File "/home/ubuntu/app/backend/venv/lib/python3.12/site-packages/fastapi/routing.py", line 137, in app
    response = await f(request)
               ^^^^^^^^^^^^^^^^
  File "/home/ubuntu/app/backend/venv/lib/python3.12/site-packages/fastapi/routing.py", line 691, in app
    raw_response = await run_endpoint_function(
                   ^^^^^^^^^^^^^^^^^^^^^^^^^^^^
  File "/home/ubuntu/app/backend/venv/lib/python3.12/site-packages/fastapi/routing.py", line 347, in run_endpoint_function
    return await run_in_threadpool(dependant.call, **values)
           ^^^^^^^^^^^^^^^^^^^^^^^^^^^^^^^^^^^^^^^^^^^^^^^^^
  File "/home/ubuntu/app/backend/venv/lib/python3.12/site-packages/starlette/concurrency.py", line 34, in run_in_threadpool
    return await anyio.to_thread.run_sync(func)
           ^^^^^^^^^^^^^^^^^^^^^^^^^^^^^^^^^^^^
  File "/home/ubuntu/app/backend/venv/lib/python3.12/site-packages/anyio/to_thread.py", line 65, in run_sync
    return await get_async_backend().run_sync_in_worker_thread(
           ^^^^^^^^^^^^^^^^^^^^^^^^^^^^^^^^^^^^^^^^^^^^^^^^^^^^
  File "/home/ubuntu/app/backend/venv/lib/python3.12/site-packages/anyio/_backends/_asyncio.py", line 2641, in run_sync_in_worker_thread
    return await future
           ^^^^^^^^^^^^
  File "/home/ubuntu/app/backend/venv/lib/python3.12/site-packages/anyio/_backends/_asyncio.py", line 1033, in run
    result = context.run(func, *args)
             ^^^^^^^^^^^^^^^^^^^^^^^^
  File "/home/ubuntu/app/backend/main.py", line 1105, in get_chat_sessions
    "updated_at": s.updated_at.isoformat(),
                  ^^^^^^^^^^^^^^^^^^^^^^
AttributeError: 'NoneType' object has no attribute 'isoformat'
2026-07-18 05:40:42.179340 - https://wa-pnu.duckdns.org/api/chat/sessions - 'NoneType' object has no attribute 'isoformat'
Traceback (most recent call last):
  File "/home/ubuntu/app/backend/venv/lib/python3.12/site-packages/starlette/middleware/errors.py", line 164, in __call__
    await self.app(scope, receive, _send)
  File "/home/ubuntu/app/backend/venv/lib/python3.12/site-packages/starlette/middleware/cors.py", line 88, in __call__
    await self.app(scope, receive, send)
  File "/home/ubuntu/app/backend/venv/lib/python3.12/site-packages/starlette/middleware/exceptions.py", line 63, in __call__
    await wrap_app_handling_exceptions(self.app, conn)(scope, receive, send)
  File "/home/ubuntu/app/backend/venv/lib/python3.12/site-packages/starlette/_exception_handler.py", line 53, in wrapped_app
    raise exc
  File "/home/ubuntu/app/backend/venv/lib/python3.12/site-packages/starlette/_exception_handler.py", line 42, in wrapped_app
    await app(scope, receive, sender)
  File "/home/ubuntu/app/backend/venv/lib/python3.12/site-packages/fastapi/middleware/asyncexitstack.py", line 18, in __call__
    await self.app(scope, receive, send)
  File "/home/ubuntu/app/backend/venv/lib/python3.12/site-packages/starlette/routing.py", line 660, in __call__
    await self.middleware_stack(scope, receive, send)
  File "/home/ubuntu/app/backend/venv/lib/python3.12/site-packages/fastapi/routing.py", line 2685, in app
    await route.handle(scope, receive, send)
  File "/home/ubuntu/app/backend/venv/lib/python3.12/site-packages/fastapi/routing.py", line 1267, in handle
    await super().handle(scope, receive, send)
  File "/home/ubuntu/app/backend/venv/lib/python3.12/site-packages/starlette/routing.py", line 276, in handle
    await self.app(scope, receive, send)
  File "/home/ubuntu/app/backend/venv/lib/python3.12/site-packages/fastapi/routing.py", line 151, in app
    await wrap_app_handling_exceptions(app, request)(scope, receive, send)
  File "/home/ubuntu/app/backend/venv/lib/python3.12/site-packages/starlette/_exception_handler.py", line 53, in wrapped_app
    raise exc
  File "/home/ubuntu/app/backend/venv/lib/python3.12/site-packages/starlette/_exception_handler.py", line 42, in wrapped_app
    await app(scope, receive, sender)
  File "/home/ubuntu/app/backend/venv/lib/python3.12/site-packages/fastapi/routing.py", line 137, in app
    response = await f(request)
               ^^^^^^^^^^^^^^^^
  File "/home/ubuntu/app/backend/venv/lib/python3.12/site-packages/fastapi/routing.py", line 691, in app
    raw_response = await run_endpoint_function(
                   ^^^^^^^^^^^^^^^^^^^^^^^^^^^^
  File "/home/ubuntu/app/backend/venv/lib/python3.12/site-packages/fastapi/routing.py", line 347, in run_endpoint_function
    return await run_in_threadpool(dependant.call, **values)
           ^^^^^^^^^^^^^^^^^^^^^^^^^^^^^^^^^^^^^^^^^^^^^^^^^
  File "/home/ubuntu/app/backend/venv/lib/python3.12/site-packages/starlette/concurrency.py", line 34, in run_in_threadpool
    return await anyio.to_thread.run_sync(func)
           ^^^^^^^^^^^^^^^^^^^^^^^^^^^^^^^^^^^^
  File "/home/ubuntu/app/backend/venv/lib/python3.12/site-packages/anyio/to_thread.py", line 65, in run_sync
    return await get_async_backend().run_sync_in_worker_thread(
           ^^^^^^^^^^^^^^^^^^^^^^^^^^^^^^^^^^^^^^^^^^^^^^^^^^^^
  File "/home/ubuntu/app/backend/venv/lib/python3.12/site-packages/anyio/_backends/_asyncio.py", line 2641, in run_sync_in_worker_thread
    return await future
           ^^^^^^^^^^^^
  File "/home/ubuntu/app/backend/venv/lib/python3.12/site-packages/anyio/_backends/_asyncio.py", line 1033, in run
    result = context.run(func, *args)
             ^^^^^^^^^^^^^^^^^^^^^^^^
  File "/home/ubuntu/app/backend/main.py", line 1105, in get_chat_sessions
    "updated_at": s.updated_at.isoformat(),
                  ^^^^^^^^^^^^^^^^^^^^^^
AttributeError: 'NoneType' object has no attribute 'isoformat'
2026-07-18 05:41:20.405120 - https://wa-pnu.duckdns.org/api/chat/sessions - 'NoneType' object has no attribute 'isoformat'
Traceback (most recent call last):
  File "/home/ubuntu/app/backend/venv/lib/python3.12/site-packages/starlette/middleware/errors.py", line 164, in __call__
    await self.app(scope, receive, _send)
  File "/home/ubuntu/app/backend/venv/lib/python3.12/site-packages/starlette/middleware/cors.py", line 88, in __call__
    await self.app(scope, receive, send)
  File "/home/ubuntu/app/backend/venv/lib/python3.12/site-packages/starlette/middleware/exceptions.py", line 63, in __call__
    await wrap_app_handling_exceptions(self.app, conn)(scope, receive, send)
  File "/home/ubuntu/app/backend/venv/lib/python3.12/site-packages/starlette/_exception_handler.py", line 53, in wrapped_app
    raise exc
  File "/home/ubuntu/app/backend/venv/lib/python3.12/site-packages/starlette/_exception_handler.py", line 42, in wrapped_app
    await app(scope, receive, sender)
  File "/home/ubuntu/app/backend/venv/lib/python3.12/site-packages/fastapi/middleware/asyncexitstack.py", line 18, in __call__
    await self.app(scope, receive, send)
  File "/home/ubuntu/app/backend/venv/lib/python3.12/site-packages/starlette/routing.py", line 660, in __call__
    await self.middleware_stack(scope, receive, send)
  File "/home/ubuntu/app/backend/venv/lib/python3.12/site-packages/fastapi/routing.py", line 2685, in app
    await route.handle(scope, receive, send)
  File "/home/ubuntu/app/backend/venv/lib/python3.12/site-packages/fastapi/routing.py", line 1267, in handle
    await super().handle(scope, receive, send)
  File "/home/ubuntu/app/backend/venv/lib/python3.12/site-packages/starlette/routing.py", line 276, in handle
    await self.app(scope, receive, send)
  File "/home/ubuntu/app/backend/venv/lib/python3.12/site-packages/fastapi/routing.py", line 151, in app
    await wrap_app_handling_exceptions(app, request)(scope, receive, send)
  File "/home/ubuntu/app/backend/venv/lib/python3.12/site-packages/starlette/_exception_handler.py", line 53, in wrapped_app
    raise exc
  File "/home/ubuntu/app/backend/venv/lib/python3.12/site-packages/starlette/_exception_handler.py", line 42, in wrapped_app
    await app(scope, receive, sender)
  File "/home/ubuntu/app/backend/venv/lib/python3.12/site-packages/fastapi/routing.py", line 137, in app
    response = await f(request)
               ^^^^^^^^^^^^^^^^
  File "/home/ubuntu/app/backend/venv/lib/python3.12/site-packages/fastapi/routing.py", line 691, in app
    raw_response = await run_endpoint_function(
                   ^^^^^^^^^^^^^^^^^^^^^^^^^^^^
  File "/home/ubuntu/app/backend/venv/lib/python3.12/site-packages/fastapi/routing.py", line 347, in run_endpoint_function
    return await run_in_threadpool(dependant.call, **values)
           ^^^^^^^^^^^^^^^^^^^^^^^^^^^^^^^^^^^^^^^^^^^^^^^^^
  File "/home/ubuntu/app/backend/venv/lib/python3.12/site-packages/starlette/concurrency.py", line 34, in run_in_threadpool
    return await anyio.to_thread.run_sync(func)
           ^^^^^^^^^^^^^^^^^^^^^^^^^^^^^^^^^^^^
  File "/home/ubuntu/app/backend/venv/lib/python3.12/site-packages/anyio/to_thread.py", line 65, in run_sync
    return await get_async_backend().run_sync_in_worker_thread(
           ^^^^^^^^^^^^^^^^^^^^^^^^^^^^^^^^^^^^^^^^^^^^^^^^^^^^
  File "/home/ubuntu/app/backend/venv/lib/python3.12/site-packages/anyio/_backends/_asyncio.py", line 2641, in run_sync_in_worker_thread
    return await future
           ^^^^^^^^^^^^
  File "/home/ubuntu/app/backend/venv/lib/python3.12/site-packages/anyio/_backends/_asyncio.py", line 1033, in run
    result = context.run(func, *args)
             ^^^^^^^^^^^^^^^^^^^^^^^^
  File "/home/ubuntu/app/backend/main.py", line 1105, in get_chat_sessions
    "updated_at": s.updated_at.isoformat(),
                  ^^^^^^^^^^^^^^^^^^^^^^
AttributeError: 'NoneType' object has no attribute 'isoformat'
2026-07-18 06:04:17.052441 - https://wa-pnu.duckdns.org/api/projects/6/live - no running event loop
Traceback (most recent call last):
  File "/home/ubuntu/app/backend/venv/lib/python3.12/site-packages/starlette/middleware/errors.py", line 164, in __call__
    await self.app(scope, receive, _send)
  File "/home/ubuntu/app/backend/venv/lib/python3.12/site-packages/starlette/middleware/cors.py", line 96, in __call__
    await self.simple_response(scope, receive, send, request_headers=headers)
  File "/home/ubuntu/app/backend/venv/lib/python3.12/site-packages/starlette/middleware/cors.py", line 154, in simple_response
    await self.app(scope, receive, send)
  File "/home/ubuntu/app/backend/venv/lib/python3.12/site-packages/starlette/middleware/exceptions.py", line 63, in __call__
    await wrap_app_handling_exceptions(self.app, conn)(scope, receive, send)
  File "/home/ubuntu/app/backend/venv/lib/python3.12/site-packages/starlette/_exception_handler.py", line 53, in wrapped_app
    raise exc
  File "/home/ubuntu/app/backend/venv/lib/python3.12/site-packages/starlette/_exception_handler.py", line 42, in wrapped_app
    await app(scope, receive, sender)
  File "/home/ubuntu/app/backend/venv/lib/python3.12/site-packages/fastapi/middleware/asyncexitstack.py", line 18, in __call__
    await self.app(scope, receive, send)
  File "/home/ubuntu/app/backend/venv/lib/python3.12/site-packages/starlette/routing.py", line 660, in __call__
    await self.middleware_stack(scope, receive, send)
  File "/home/ubuntu/app/backend/venv/lib/python3.12/site-packages/fastapi/routing.py", line 2685, in app
    await route.handle(scope, receive, send)
  File "/home/ubuntu/app/backend/venv/lib/python3.12/site-packages/fastapi/routing.py", line 1267, in handle
    await super().handle(scope, receive, send)
  File "/home/ubuntu/app/backend/venv/lib/python3.12/site-packages/starlette/routing.py", line 276, in handle
    await self.app(scope, receive, send)
  File "/home/ubuntu/app/backend/venv/lib/python3.12/site-packages/fastapi/routing.py", line 151, in app
    await wrap_app_handling_exceptions(app, request)(scope, receive, send)
  File "/home/ubuntu/app/backend/venv/lib/python3.12/site-packages/starlette/_exception_handler.py", line 53, in wrapped_app
    raise exc
  File "/home/ubuntu/app/backend/venv/lib/python3.12/site-packages/starlette/_exception_handler.py", line 42, in wrapped_app
    await app(scope, receive, sender)
  File "/home/ubuntu/app/backend/venv/lib/python3.12/site-packages/fastapi/routing.py", line 137, in app
    response = await f(request)
               ^^^^^^^^^^^^^^^^
  File "/home/ubuntu/app/backend/venv/lib/python3.12/site-packages/fastapi/routing.py", line 691, in app
    raw_response = await run_endpoint_function(
                   ^^^^^^^^^^^^^^^^^^^^^^^^^^^^
  File "/home/ubuntu/app/backend/venv/lib/python3.12/site-packages/fastapi/routing.py", line 347, in run_endpoint_function
    return await run_in_threadpool(dependant.call, **values)
           ^^^^^^^^^^^^^^^^^^^^^^^^^^^^^^^^^^^^^^^^^^^^^^^^^
  File "/home/ubuntu/app/backend/venv/lib/python3.12/site-packages/starlette/concurrency.py", line 34, in run_in_threadpool
    return await anyio.to_thread.run_sync(func)
           ^^^^^^^^^^^^^^^^^^^^^^^^^^^^^^^^^^^^
  File "/home/ubuntu/app/backend/venv/lib/python3.12/site-packages/anyio/to_thread.py", line 65, in run_sync
    return await get_async_backend().run_sync_in_worker_thread(
           ^^^^^^^^^^^^^^^^^^^^^^^^^^^^^^^^^^^^^^^^^^^^^^^^^^^^
  File "/home/ubuntu/app/backend/venv/lib/python3.12/site-packages/anyio/_backends/_asyncio.py", line 2641, in run_sync_in_worker_thread
    return await future
           ^^^^^^^^^^^^
  File "/home/ubuntu/app/backend/venv/lib/python3.12/site-packages/anyio/_backends/_asyncio.py", line 1033, in run
    result = context.run(func, *args)
             ^^^^^^^^^^^^^^^^^^^^^^^^
  File "/home/ubuntu/app/backend/main.py", line 523, in toggle_project_live
    discord_bot.start_discord_bot(project_id, token)
  File "/home/ubuntu/app/backend/discord_bot.py", line 169, in start_discord_bot
    asyncio.create_task(run_client())
  File "/usr/lib/python3.12/asyncio/tasks.py", line 417, in create_task
    loop = events.get_running_loop()
           ^^^^^^^^^^^^^^^^^^^^^^^^^
RuntimeError: no running event loop
2026-07-18 06:04:20.886684 - https://wa-pnu.duckdns.org/api/projects/6/live - no running event loop
Traceback (most recent call last):
  File "/home/ubuntu/app/backend/venv/lib/python3.12/site-packages/starlette/middleware/errors.py", line 164, in __call__
    await self.app(scope, receive, _send)
  File "/home/ubuntu/app/backend/venv/lib/python3.12/site-packages/starlette/middleware/cors.py", line 96, in __call__
    await self.simple_response(scope, receive, send, request_headers=headers)
  File "/home/ubuntu/app/backend/venv/lib/python3.12/site-packages/starlette/middleware/cors.py", line 154, in simple_response
    await self.app(scope, receive, send)
  File "/home/ubuntu/app/backend/venv/lib/python3.12/site-packages/starlette/middleware/exceptions.py", line 63, in __call__
    await wrap_app_handling_exceptions(self.app, conn)(scope, receive, send)
  File "/home/ubuntu/app/backend/venv/lib/python3.12/site-packages/starlette/_exception_handler.py", line 53, in wrapped_app
    raise exc
  File "/home/ubuntu/app/backend/venv/lib/python3.12/site-packages/starlette/_exception_handler.py", line 42, in wrapped_app
    await app(scope, receive, sender)
  File "/home/ubuntu/app/backend/venv/lib/python3.12/site-packages/fastapi/middleware/asyncexitstack.py", line 18, in __call__
    await self.app(scope, receive, send)
  File "/home/ubuntu/app/backend/venv/lib/python3.12/site-packages/starlette/routing.py", line 660, in __call__
    await self.middleware_stack(scope, receive, send)
  File "/home/ubuntu/app/backend/venv/lib/python3.12/site-packages/fastapi/routing.py", line 2685, in app
    await route.handle(scope, receive, send)
  File "/home/ubuntu/app/backend/venv/lib/python3.12/site-packages/fastapi/routing.py", line 1267, in handle
    await super().handle(scope, receive, send)
  File "/home/ubuntu/app/backend/venv/lib/python3.12/site-packages/starlette/routing.py", line 276, in handle
    await self.app(scope, receive, send)
  File "/home/ubuntu/app/backend/venv/lib/python3.12/site-packages/fastapi/routing.py", line 151, in app
    await wrap_app_handling_exceptions(app, request)(scope, receive, send)
  File "/home/ubuntu/app/backend/venv/lib/python3.12/site-packages/starlette/_exception_handler.py", line 53, in wrapped_app
    raise exc
  File "/home/ubuntu/app/backend/venv/lib/python3.12/site-packages/starlette/_exception_handler.py", line 42, in wrapped_app
    await app(scope, receive, sender)
  File "/home/ubuntu/app/backend/venv/lib/python3.12/site-packages/fastapi/routing.py", line 137, in app
    response = await f(request)
               ^^^^^^^^^^^^^^^^
  File "/home/ubuntu/app/backend/venv/lib/python3.12/site-packages/fastapi/routing.py", line 691, in app
    raw_response = await run_endpoint_function(
                   ^^^^^^^^^^^^^^^^^^^^^^^^^^^^
  File "/home/ubuntu/app/backend/venv/lib/python3.12/site-packages/fastapi/routing.py", line 347, in run_endpoint_function
    return await run_in_threadpool(dependant.call, **values)
           ^^^^^^^^^^^^^^^^^^^^^^^^^^^^^^^^^^^^^^^^^^^^^^^^^
  File "/home/ubuntu/app/backend/venv/lib/python3.12/site-packages/starlette/concurrency.py", line 34, in run_in_threadpool
    return await anyio.to_thread.run_sync(func)
           ^^^^^^^^^^^^^^^^^^^^^^^^^^^^^^^^^^^^
  File "/home/ubuntu/app/backend/venv/lib/python3.12/site-packages/anyio/to_thread.py", line 65, in run_sync
    return await get_async_backend().run_sync_in_worker_thread(
           ^^^^^^^^^^^^^^^^^^^^^^^^^^^^^^^^^^^^^^^^^^^^^^^^^^^^
  File "/home/ubuntu/app/backend/venv/lib/python3.12/site-packages/anyio/_backends/_asyncio.py", line 2641, in run_sync_in_worker_thread
    return await future
           ^^^^^^^^^^^^
  File "/home/ubuntu/app/backend/venv/lib/python3.12/site-packages/anyio/_backends/_asyncio.py", line 1033, in run
    result = context.run(func, *args)
             ^^^^^^^^^^^^^^^^^^^^^^^^
  File "/home/ubuntu/app/backend/main.py", line 523, in toggle_project_live
    discord_bot.start_discord_bot(project_id, token)
  File "/home/ubuntu/app/backend/discord_bot.py", line 169, in start_discord_bot
    asyncio.create_task(run_client())
  File "/usr/lib/python3.12/asyncio/tasks.py", line 417, in create_task
    loop = events.get_running_loop()
           ^^^^^^^^^^^^^^^^^^^^^^^^^
RuntimeError: no running event loop
2026-07-18 06:04:40.181227 - https://wa-pnu.duckdns.org/api/bots/6/update-token - no running event loop
Traceback (most recent call last):
  File "/home/ubuntu/app/backend/venv/lib/python3.12/site-packages/starlette/middleware/errors.py", line 164, in __call__
    await self.app(scope, receive, _send)
  File "/home/ubuntu/app/backend/venv/lib/python3.12/site-packages/starlette/middleware/cors.py", line 96, in __call__
    await self.simple_response(scope, receive, send, request_headers=headers)
  File "/home/ubuntu/app/backend/venv/lib/python3.12/site-packages/starlette/middleware/cors.py", line 154, in simple_response
    await self.app(scope, receive, send)
  File "/home/ubuntu/app/backend/venv/lib/python3.12/site-packages/starlette/middleware/exceptions.py", line 63, in __call__
    await wrap_app_handling_exceptions(self.app, conn)(scope, receive, send)
  File "/home/ubuntu/app/backend/venv/lib/python3.12/site-packages/starlette/_exception_handler.py", line 53, in wrapped_app
    raise exc
  File "/home/ubuntu/app/backend/venv/lib/python3.12/site-packages/starlette/_exception_handler.py", line 42, in wrapped_app
    await app(scope, receive, sender)
  File "/home/ubuntu/app/backend/venv/lib/python3.12/site-packages/fastapi/middleware/asyncexitstack.py", line 18, in __call__
    await self.app(scope, receive, send)
  File "/home/ubuntu/app/backend/venv/lib/python3.12/site-packages/starlette/routing.py", line 660, in __call__
    await self.middleware_stack(scope, receive, send)
  File "/home/ubuntu/app/backend/venv/lib/python3.12/site-packages/fastapi/routing.py", line 2685, in app
    await route.handle(scope, receive, send)
  File "/home/ubuntu/app/backend/venv/lib/python3.12/site-packages/fastapi/routing.py", line 1267, in handle
    await super().handle(scope, receive, send)
  File "/home/ubuntu/app/backend/venv/lib/python3.12/site-packages/starlette/routing.py", line 276, in handle
    await self.app(scope, receive, send)
  File "/home/ubuntu/app/backend/venv/lib/python3.12/site-packages/fastapi/routing.py", line 151, in app
    await wrap_app_handling_exceptions(app, request)(scope, receive, send)
  File "/home/ubuntu/app/backend/venv/lib/python3.12/site-packages/starlette/_exception_handler.py", line 53, in wrapped_app
    raise exc
  File "/home/ubuntu/app/backend/venv/lib/python3.12/site-packages/starlette/_exception_handler.py", line 42, in wrapped_app
    await app(scope, receive, sender)
  File "/home/ubuntu/app/backend/venv/lib/python3.12/site-packages/fastapi/routing.py", line 137, in app
    response = await f(request)
               ^^^^^^^^^^^^^^^^
  File "/home/ubuntu/app/backend/venv/lib/python3.12/site-packages/fastapi/routing.py", line 691, in app
    raw_response = await run_endpoint_function(
                   ^^^^^^^^^^^^^^^^^^^^^^^^^^^^
  File "/home/ubuntu/app/backend/venv/lib/python3.12/site-packages/fastapi/routing.py", line 347, in run_endpoint_function
    return await run_in_threadpool(dependant.call, **values)
           ^^^^^^^^^^^^^^^^^^^^^^^^^^^^^^^^^^^^^^^^^^^^^^^^^
  File "/home/ubuntu/app/backend/venv/lib/python3.12/site-packages/starlette/concurrency.py", line 34, in run_in_threadpool
    return await anyio.to_thread.run_sync(func)
           ^^^^^^^^^^^^^^^^^^^^^^^^^^^^^^^^^^^^
  File "/home/ubuntu/app/backend/venv/lib/python3.12/site-packages/anyio/to_thread.py", line 65, in run_sync
    return await get_async_backend().run_sync_in_worker_thread(
           ^^^^^^^^^^^^^^^^^^^^^^^^^^^^^^^^^^^^^^^^^^^^^^^^^^^^
  File "/home/ubuntu/app/backend/venv/lib/python3.12/site-packages/anyio/_backends/_asyncio.py", line 2641, in run_sync_in_worker_thread
    return await future
           ^^^^^^^^^^^^
  File "/home/ubuntu/app/backend/venv/lib/python3.12/site-packages/anyio/_backends/_asyncio.py", line 1033, in run
    result = context.run(func, *args)
             ^^^^^^^^^^^^^^^^^^^^^^^^
  File "/home/ubuntu/app/backend/main.py", line 1502, in update_bot_token
    discord_bot.start_discord_bot(project.id, payload.new_discord_token)
  File "/home/ubuntu/app/backend/discord_bot.py", line 169, in start_discord_bot
    asyncio.create_task(run_client())
  File "/usr/lib/python3.12/asyncio/tasks.py", line 417, in create_task
    loop = events.get_running_loop()
           ^^^^^^^^^^^^^^^^^^^^^^^^^
RuntimeError: no running event loop
2026-07-19 14:15:11.225669 - http://localhost:8000/api/projects/37/live - no running event loop
Traceback (most recent call last):
  File "/home/ubuntu/app/backend/venv/lib/python3.12/site-packages/starlette/middleware/errors.py", line 164, in __call__
    await self.app(scope, receive, _send)
  File "/home/ubuntu/app/backend/venv/lib/python3.12/site-packages/starlette/middleware/cors.py", line 88, in __call__
    await self.app(scope, receive, send)
  File "/home/ubuntu/app/backend/venv/lib/python3.12/site-packages/starlette/middleware/exceptions.py", line 63, in __call__
    await wrap_app_handling_exceptions(self.app, conn)(scope, receive, send)
  File "/home/ubuntu/app/backend/venv/lib/python3.12/site-packages/starlette/_exception_handler.py", line 53, in wrapped_app
    raise exc
  File "/home/ubuntu/app/backend/venv/lib/python3.12/site-packages/starlette/_exception_handler.py", line 42, in wrapped_app
    await app(scope, receive, sender)
  File "/home/ubuntu/app/backend/venv/lib/python3.12/site-packages/fastapi/middleware/asyncexitstack.py", line 18, in __call__
    await self.app(scope, receive, send)
  File "/home/ubuntu/app/backend/venv/lib/python3.12/site-packages/starlette/routing.py", line 660, in __call__
    await self.middleware_stack(scope, receive, send)
  File "/home/ubuntu/app/backend/venv/lib/python3.12/site-packages/fastapi/routing.py", line 2685, in app
    await route.handle(scope, receive, send)
  File "/home/ubuntu/app/backend/venv/lib/python3.12/site-packages/fastapi/routing.py", line 1267, in handle
    await super().handle(scope, receive, send)
  File "/home/ubuntu/app/backend/venv/lib/python3.12/site-packages/starlette/routing.py", line 276, in handle
    await self.app(scope, receive, send)
  File "/home/ubuntu/app/backend/venv/lib/python3.12/site-packages/fastapi/routing.py", line 151, in app
    await wrap_app_handling_exceptions(app, request)(scope, receive, send)
  File "/home/ubuntu/app/backend/venv/lib/python3.12/site-packages/starlette/_exception_handler.py", line 53, in wrapped_app
    raise exc
  File "/home/ubuntu/app/backend/venv/lib/python3.12/site-packages/starlette/_exception_handler.py", line 42, in wrapped_app
    await app(scope, receive, sender)
  File "/home/ubuntu/app/backend/venv/lib/python3.12/site-packages/fastapi/routing.py", line 137, in app
    response = await f(request)
               ^^^^^^^^^^^^^^^^
  File "/home/ubuntu/app/backend/venv/lib/python3.12/site-packages/fastapi/routing.py", line 691, in app
    raw_response = await run_endpoint_function(
                   ^^^^^^^^^^^^^^^^^^^^^^^^^^^^
  File "/home/ubuntu/app/backend/venv/lib/python3.12/site-packages/fastapi/routing.py", line 347, in run_endpoint_function
    return await run_in_threadpool(dependant.call, **values)
           ^^^^^^^^^^^^^^^^^^^^^^^^^^^^^^^^^^^^^^^^^^^^^^^^^
  File "/home/ubuntu/app/backend/venv/lib/python3.12/site-packages/starlette/concurrency.py", line 34, in run_in_threadpool
    return await anyio.to_thread.run_sync(func)
           ^^^^^^^^^^^^^^^^^^^^^^^^^^^^^^^^^^^^
  File "/home/ubuntu/app/backend/venv/lib/python3.12/site-packages/anyio/to_thread.py", line 65, in run_sync
    return await get_async_backend().run_sync_in_worker_thread(
           ^^^^^^^^^^^^^^^^^^^^^^^^^^^^^^^^^^^^^^^^^^^^^^^^^^^^
  File "/home/ubuntu/app/backend/venv/lib/python3.12/site-packages/anyio/_backends/_asyncio.py", line 2641, in run_sync_in_worker_thread
    return await future
           ^^^^^^^^^^^^
  File "/home/ubuntu/app/backend/venv/lib/python3.12/site-packages/anyio/_backends/_asyncio.py", line 1033, in run
    result = context.run(func, *args)
             ^^^^^^^^^^^^^^^^^^^^^^^^
  File "/home/ubuntu/app/backend/main.py", line 557, in toggle_project_live
    discord_bot.start_discord_bot(project_id, token)
  File "/home/ubuntu/app/backend/discord_bot.py", line 200, in start_discord_bot
    asyncio.create_task(run_client())
  File "/usr/lib/python3.12/asyncio/tasks.py", line 417, in create_task
    loop = events.get_running_loop()
           ^^^^^^^^^^^^^^^^^^^^^^^^^
RuntimeError: no running event loop
2026-07-19 14:57:08.440425 - http://localhost:8000/api/docs - File at path /home/ubuntu/app/frontend/dist/index.html does not exist.
Traceback (most recent call last):
  File "/home/ubuntu/app/backend/venv/lib/python3.12/site-packages/starlette/responses.py", line 349, in __call__
    stat_result = await anyio.to_thread.run_sync(os.stat, self.path)
                  ^^^^^^^^^^^^^^^^^^^^^^^^^^^^^^^^^^^^^^^^^^^^^^^^^^
  File "/home/ubuntu/app/backend/venv/lib/python3.12/site-packages/anyio/to_thread.py", line 65, in run_sync
    return await get_async_backend().run_sync_in_worker_thread(
           ^^^^^^^^^^^^^^^^^^^^^^^^^^^^^^^^^^^^^^^^^^^^^^^^^^^^
  File "/home/ubuntu/app/backend/venv/lib/python3.12/site-packages/anyio/_backends/_asyncio.py", line 2641, in run_sync_in_worker_thread
    return await future
           ^^^^^^^^^^^^
  File "/home/ubuntu/app/backend/venv/lib/python3.12/site-packages/anyio/_backends/_asyncio.py", line 1033, in run
    result = context.run(func, *args)
             ^^^^^^^^^^^^^^^^^^^^^^^^
FileNotFoundError: [Errno 2] No such file or directory: '/home/ubuntu/app/frontend/dist/index.html'

During handling of the above exception, another exception occurred:

Traceback (most recent call last):
  File "/home/ubuntu/app/backend/venv/lib/python3.12/site-packages/starlette/middleware/errors.py", line 164, in __call__
    await self.app(scope, receive, _send)
  File "/home/ubuntu/app/backend/venv/lib/python3.12/site-packages/starlette/middleware/cors.py", line 88, in __call__
    await self.app(scope, receive, send)
  File "/home/ubuntu/app/backend/venv/lib/python3.12/site-packages/starlette/middleware/exceptions.py", line 63, in __call__
    await wrap_app_handling_exceptions(self.app, conn)(scope, receive, send)
  File "/home/ubuntu/app/backend/venv/lib/python3.12/site-packages/starlette/_exception_handler.py", line 53, in wrapped_app
    raise exc
  File "/home/ubuntu/app/backend/venv/lib/python3.12/site-packages/starlette/_exception_handler.py", line 42, in wrapped_app
    await app(scope, receive, sender)
  File "/home/ubuntu/app/backend/venv/lib/python3.12/site-packages/fastapi/middleware/asyncexitstack.py", line 18, in __call__
    await self.app(scope, receive, send)
  File "/home/ubuntu/app/backend/venv/lib/python3.12/site-packages/starlette/routing.py", line 660, in __call__
    await self.middleware_stack(scope, receive, send)
  File "/home/ubuntu/app/backend/venv/lib/python3.12/site-packages/fastapi/routing.py", line 2685, in app
    await route.handle(scope, receive, send)
  File "/home/ubuntu/app/backend/venv/lib/python3.12/site-packages/fastapi/routing.py", line 1267, in handle
    await super().handle(scope, receive, send)
  File "/home/ubuntu/app/backend/venv/lib/python3.12/site-packages/starlette/routing.py", line 276, in handle
    await self.app(scope, receive, send)
  File "/home/ubuntu/app/backend/venv/lib/python3.12/site-packages/fastapi/routing.py", line 151, in app
    await wrap_app_handling_exceptions(app, request)(scope, receive, send)
  File "/home/ubuntu/app/backend/venv/lib/python3.12/site-packages/starlette/_exception_handler.py", line 53, in wrapped_app
    raise exc
  File "/home/ubuntu/app/backend/venv/lib/python3.12/site-packages/starlette/_exception_handler.py", line 42, in wrapped_app
    await app(scope, receive, sender)
  File "/home/ubuntu/app/backend/venv/lib/python3.12/site-packages/fastapi/routing.py", line 138, in app
    await response(scope, receive, send)
  File "/home/ubuntu/app/backend/venv/lib/python3.12/site-packages/starlette/responses.py", line 352, in __call__
    raise RuntimeError(f"File at path {self.path} does not exist.")
RuntimeError: File at path /home/ubuntu/app/frontend/dist/index.html does not exist.
2026-08-18 06:03:06.841624 - https://wa-pnu.duckdns.org/api/deploy/TRANSLATE_WORKFLOW_ID/execute - Validation Error: [{'type': 'int_parsing', 'loc': ('path', 'project_id'), 'msg': 'Input should be a valid integer, unable to parse string as an integer', 'input': 'TRANSLATE_WORKFLOW_ID'}]
Body: {'inputs': {'text': 'ㄹ'}}
2026-08-18 06:09:54.434605 - https://wa-pnu.duckdns.org/api/deploy/TRANSLATE_WORKFLOW_ID/execute - Validation Error: [{'type': 'int_parsing', 'loc': ('path', 'project_id'), 'msg': 'Input should be a valid integer, unable to parse string as an integer', 'input': 'TRANSLATE_WORKFLOW_ID'}]
Body: {'inputs': {'text': 'ㄹ'}}
2026-08-18 06:14:05.483977 - https://wa-pnu.duckdns.org/api/builder/save - Validation Error: [{'type': 'missing', 'loc': ('body', 'app_name'), 'msg': 'Field required', 'input': {'title': '자동 번역 앱', 'ui_graph_data': {'components': [{'id': 'inputText', 'type': 'input', 'props': {'placeholder': '번역할 텍스트를 입력하세요', 'style': {'width': '300px', 'height': '40px'}, 'onChangeHandler': 'onTextChange', 'position': {'x': 362, 'y': 30}}, 'children': None}, {'id': 'translateButton', 'type': 'button', 'props': {'text': '번역하기', 'style': {'width': '100px', 'height': '40px'}, 'onClickHandler': 'onTranslateClick', 'position': {'x': 462, 'y': 86}}, 'children': None}, {'id': 'outputText', 'type': 'textarea', 'props': {'placeholder': '번역 결과가 여기에 표시됩니다', 'style': {'width': '300px', 'height': '100px'}, 'readOnly': True, 'position': {'x': 362, 'y': 142}}, 'children': None}], 'rootStyle': {'backgroundColor': '#f1f5f9', 'padding': '20px'}, 'globalCss': '', 'globalJs': "let translatedText = ''; let inputText = ''; return { onTextChange: (val) => { inputText = val; }, onTranslateClick: async () => { const result = await runWorkflow('TRANSLATE_WORKFLOW_ID', { text: inputText }); translatedText = result.translatedText; setAppState('outputText', 'value', translatedText); } };"}, 'logic_graph': {'nodes': [], 'edges': []}, 'workflow_mappings': {}}}]
Body: {'title': '자동 번역 앱', 'ui_graph_data': {'components': [{'id': 'inputText', 'type': 'input', 'props': {'placeholder': '번역할 텍스트를 입력하세요', 'style': {'width': '300px', 'height': '40px'}, 'onChangeHandler': 'onTextChange', 'position': {'x': 362, 'y': 30}}, 'children': None}, {'id': 'translateButton', 'type': 'button', 'props': {'text': '번역하기', 'style': {'width': '100px', 'height': '40px'}, 'onClickHandler': 'onTranslateClick', 'position': {'x': 462, 'y': 86}}, 'children': None}, {'id': 'outputText', 'type': 'textarea', 'props': {'placeholder': '번역 결과가 여기에 표시됩니다', 'style': {'width': '300px', 'height': '100px'}, 'readOnly': True, 'position': {'x': 362, 'y': 142}}, 'children': None}], 'rootStyle': {'backgroundColor': '#f1f5f9', 'padding': '20px'}, 'globalCss': '', 'globalJs': "let translatedText = ''; let inputText = ''; return { onTextChange: (val) => { inputText = val; }, onTranslateClick: async () => { const result = await runWorkflow('TRANSLATE_WORKFLOW_ID', { text: inputText }); translatedText = result.translatedText; setAppState('outputText', 'value', translatedText); } };"}, 'logic_graph': {'nodes': [], 'edges': []}, 'workflow_mappings': {}}
2026-08-18 06:14:41.638629 - https://wa-pnu.duckdns.org/api/deploy/TRANSLATE_WORKFLOW_ID/execute - Validation Error: [{'type': 'int_parsing', 'loc': ('path', 'project_id'), 'msg': 'Input should be a valid integer, unable to parse string as an integer', 'input': 'TRANSLATE_WORKFLOW_ID'}]
Body: {'inputs': {'text': 'ㄹ'}}
2026-08-18 06:14:44.561506 - https://wa-pnu.duckdns.org/api/builder/save - Validation Error: [{'type': 'missing', 'loc': ('body', 'app_name'), 'msg': 'Field required', 'input': {'title': '단순 번역 파이프라인', 'ui_graph_data': {'components': [{'id': 'inputText', 'type': 'input', 'props': {'placeholder': '번역할 텍스트를 입력하세요', 'style': {'width': '300px', 'height': '40px'}, 'onChangeHandler': 'onTextChange', 'position': {'x': 362, 'y': 30}}, 'children': None}, {'id': 'translateButton', 'type': 'button', 'props': {'text': '번역하기', 'style': {'width': '100px', 'height': '40px'}, 'onClickHandler': 'onTranslateClick', 'position': {'x': 462, 'y': 86}}, 'children': None}, {'id': 'outputText', 'type': 'text', 'props': {'text': '번역 결과가 여기에 표시됩니다.', 'style': {'width': '300px', 'height': '40px'}, 'position': {'x': 362, 'y': 142}}, 'children': None}], 'rootStyle': {'backgroundColor': '#f1f5f9', 'padding': '20px'}, 'globalCss': '', 'globalJs': "let translatedText = ''; let inputText = ''; return { onTextChange: (val) => { inputText = val; }, onTranslateClick: async () => { const result = await runWorkflow('TRANSLATE_WORKFLOW_ID', { text: inputText }); translatedText = result.translatedText; setAppState('outputText', 'text', translatedText); } };"}, 'logic_graph': {'nodes': [], 'edges': []}, 'workflow_mappings': {}}}]
Body: {'title': '단순 번역 파이프라인', 'ui_graph_data': {'components': [{'id': 'inputText', 'type': 'input', 'props': {'placeholder': '번역할 텍스트를 입력하세요', 'style': {'width': '300px', 'height': '40px'}, 'onChangeHandler': 'onTextChange', 'position': {'x': 362, 'y': 30}}, 'children': None}, {'id': 'translateButton', 'type': 'button', 'props': {'text': '번역하기', 'style': {'width': '100px', 'height': '40px'}, 'onClickHandler': 'onTranslateClick', 'position': {'x': 462, 'y': 86}}, 'children': None}, {'id': 'outputText', 'type': 'text', 'props': {'text': '번역 결과가 여기에 표시됩니다.', 'style': {'width': '300px', 'height': '40px'}, 'position': {'x': 362, 'y': 142}}, 'children': None}], 'rootStyle': {'backgroundColor': '#f1f5f9', 'padding': '20px'}, 'globalCss': '', 'globalJs': "let translatedText = ''; let inputText = ''; return { onTextChange: (val) => { inputText = val; }, onTranslateClick: async () => { const result = await runWorkflow('TRANSLATE_WORKFLOW_ID', { text: inputText }); translatedText = result.translatedText; setAppState('outputText', 'text', translatedText); } };"}, 'logic_graph': {'nodes': [], 'edges': []}, 'workflow_mappings': {}}
2026-08-24 09:21:25.761154 - https://wa-pnu.duckdns.org/api/builder/generate_app - 'Input to ChatPromptTemplate is missing variables {\'"x"\'}.  Expected: [\'"x"\', \'current_state\', \'format_instructions\', \'prompt\'] Received: [\'current_state\', \'prompt\', \'format_instructions\']\nNote: if you intended {"x"} to be part of the string and not a variable, please escape it with double curly braces like: \'{{"x"}}\'.\nFor troubleshooting, visit: https://docs.langchain.com/oss/python/langchain/errors/INVALID_PROMPT_INPUT '
Traceback (most recent call last):
  File "/home/ubuntu/app/backend/venv/lib/python3.12/site-packages/starlette/middleware/errors.py", line 164, in __call__
    await self.app(scope, receive, _send)
  File "/home/ubuntu/app/backend/venv/lib/python3.12/site-packages/starlette/middleware/cors.py", line 96, in __call__
    await self.simple_response(scope, receive, send, request_headers=headers)
  File "/home/ubuntu/app/backend/venv/lib/python3.12/site-packages/starlette/middleware/cors.py", line 154, in simple_response
    await self.app(scope, receive, send)
  File "/home/ubuntu/app/backend/venv/lib/python3.12/site-packages/starlette/middleware/exceptions.py", line 63, in __call__
    await wrap_app_handling_exceptions(self.app, conn)(scope, receive, send)
  File "/home/ubuntu/app/backend/venv/lib/python3.12/site-packages/starlette/_exception_handler.py", line 53, in wrapped_app
    raise exc
  File "/home/ubuntu/app/backend/venv/lib/python3.12/site-packages/starlette/_exception_handler.py", line 42, in wrapped_app
    await app(scope, receive, sender)
  File "/home/ubuntu/app/backend/venv/lib/python3.12/site-packages/fastapi/middleware/asyncexitstack.py", line 18, in __call__
    await self.app(scope, receive, send)
  File "/home/ubuntu/app/backend/venv/lib/python3.12/site-packages/starlette/routing.py", line 660, in __call__
    await self.middleware_stack(scope, receive, send)
  File "/home/ubuntu/app/backend/venv/lib/python3.12/site-packages/fastapi/routing.py", line 2685, in app
    await route.handle(scope, receive, send)
  File "/home/ubuntu/app/backend/venv/lib/python3.12/site-packages/fastapi/routing.py", line 1267, in handle
    await super().handle(scope, receive, send)
  File "/home/ubuntu/app/backend/venv/lib/python3.12/site-packages/starlette/routing.py", line 276, in handle
    await self.app(scope, receive, send)
  File "/home/ubuntu/app/backend/venv/lib/python3.12/site-packages/fastapi/routing.py", line 151, in app
    await wrap_app_handling_exceptions(app, request)(scope, receive, send)
  File "/home/ubuntu/app/backend/venv/lib/python3.12/site-packages/starlette/_exception_handler.py", line 53, in wrapped_app
    raise exc
  File "/home/ubuntu/app/backend/venv/lib/python3.12/site-packages/starlette/_exception_handler.py", line 42, in wrapped_app
    await app(scope, receive, sender)
  File "/home/ubuntu/app/backend/venv/lib/python3.12/site-packages/fastapi/routing.py", line 137, in app
    response = await f(request)
               ^^^^^^^^^^^^^^^^
  File "/home/ubuntu/app/backend/venv/lib/python3.12/site-packages/fastapi/routing.py", line 691, in app
    raw_response = await run_endpoint_function(
                   ^^^^^^^^^^^^^^^^^^^^^^^^^^^^
  File "/home/ubuntu/app/backend/venv/lib/python3.12/site-packages/fastapi/routing.py", line 345, in run_endpoint_function
    return await dependant.call(**values)
           ^^^^^^^^^^^^^^^^^^^^^^^^^^^^^^
  File "/home/ubuntu/app/backend/main.py", line 2840, in builder_generate_app_endpoint
    result = await generate_app_safely(req.prompt, req.current_state, provider="openai", generate_mode=req.generate_mode)
             ^^^^^^^^^^^^^^^^^^^^^^^^^^^^^^^^^^^^^^^^^^^^^^^^^^^^^^^^^^^^^^^^^^^^^^^^^^^^^^^^^^^^^^^^^^^^^^^^^^^^^^^^^^^^
  File "/home/ubuntu/app/backend/app_agent.py", line 264, in generate_app_safely
    app_data = await generate_app(prompt, current_state, provider, complexity_level, generate_mode)
               ^^^^^^^^^^^^^^^^^^^^^^^^^^^^^^^^^^^^^^^^^^^^^^^^^^^^^^^^^^^^^^^^^^^^^^^^^^^^^^^^^^^^
  File "/home/ubuntu/app/backend/app_agent.py", line 199, in generate_app
    response = await chain.ainvoke({
               ^^^^^^^^^^^^^^^^^^^^^
  File "/home/ubuntu/app/backend/venv/lib/python3.12/site-packages/langchain_core/runnables/base.py", line 3484, in ainvoke
    input_ = await coro_with_context(part(), context, create_task=True)
             ^^^^^^^^^^^^^^^^^^^^^^^^^^^^^^^^^^^^^^^^^^^^^^^^^^^^^^^^^^
  File "/home/ubuntu/app/backend/venv/lib/python3.12/site-packages/langchain_core/prompts/base.py", line 259, in ainvoke
    return await self._acall_with_config(
           ^^^^^^^^^^^^^^^^^^^^^^^^^^^^^^
  File "/home/ubuntu/app/backend/venv/lib/python3.12/site-packages/langchain_core/runnables/base.py", line 2340, in _acall_with_config
    output: Output = await coro_with_context(coro, context)
                     ^^^^^^^^^^^^^^^^^^^^^^^^^^^^^^^^^^^^^^
  File "/home/ubuntu/app/backend/venv/lib/python3.12/site-packages/langchain_core/prompts/base.py", line 206, in _aformat_prompt_with_error_handling
    inner_input_ = self._validate_input(inner_input)
                   ^^^^^^^^^^^^^^^^^^^^^^^^^^^^^^^^^
  File "/home/ubuntu/app/backend/venv/lib/python3.12/site-packages/langchain_core/prompts/base.py", line 192, in _validate_input
    raise KeyError(
KeyError: 'Input to ChatPromptTemplate is missing variables {\'"x"\'}.  Expected: [\'"x"\', \'current_state\', \'format_instructions\', \'prompt\'] Received: [\'current_state\', \'prompt\', \'format_instructions\']\nNote: if you intended {"x"} to be part of the string and not a variable, please escape it with double curly braces like: \'{{"x"}}\'.\nFor troubleshooting, visit: https://docs.langchain.com/oss/python/langchain/errors/INVALID_PROMPT_INPUT '
2026-08-28 06:23:42.457654 - GET /api/approvals/count - be2ceb86254e4e7e9aacfabcb69ea264 - File at path /home/ubuntu/app/frontend/dist/index.html does not exist.
Traceback (most recent call last):
  File "/home/ubuntu/app/backend/venv/lib/python3.12/site-packages/starlette/responses.py", line 349, in __call__
    stat_result = await anyio.to_thread.run_sync(os.stat, self.path)
                  ^^^^^^^^^^^^^^^^^^^^^^^^^^^^^^^^^^^^^^^^^^^^^^^^^^
  File "/home/ubuntu/app/backend/venv/lib/python3.12/site-packages/anyio/to_thread.py", line 65, in run_sync
    return await get_async_backend().run_sync_in_worker_thread(
           ^^^^^^^^^^^^^^^^^^^^^^^^^^^^^^^^^^^^^^^^^^^^^^^^^^^^
  File "/home/ubuntu/app/backend/venv/lib/python3.12/site-packages/anyio/_backends/_asyncio.py", line 2641, in run_sync_in_worker_thread
    return await future
           ^^^^^^^^^^^^
  File "/home/ubuntu/app/backend/venv/lib/python3.12/site-packages/anyio/_backends/_asyncio.py", line 1033, in run
    result = context.run(func, *args)
             ^^^^^^^^^^^^^^^^^^^^^^^^
FileNotFoundError: [Errno 2] No such file or directory: '/home/ubuntu/app/frontend/dist/index.html'

During handling of the above exception, another exception occurred:

Traceback (most recent call last):
  File "/home/ubuntu/app/backend/venv/lib/python3.12/site-packages/starlette/middleware/errors.py", line 164, in __call__
    await self.app(scope, receive, _send)
  File "/home/ubuntu/app/backend/venv/lib/python3.12/site-packages/starlette/middleware/cors.py", line 88, in __call__
    await self.app(scope, receive, send)
  File "/home/ubuntu/app/backend/venv/lib/python3.12/site-packages/starlette/middleware/exceptions.py", line 63, in __call__
    await wrap_app_handling_exceptions(self.app, conn)(scope, receive, send)
  File "/home/ubuntu/app/backend/venv/lib/python3.12/site-packages/starlette/_exception_handler.py", line 53, in wrapped_app
    raise exc
  File "/home/ubuntu/app/backend/venv/lib/python3.12/site-packages/starlette/_exception_handler.py", line 42, in wrapped_app
    await app(scope, receive, sender)
  File "/home/ubuntu/app/backend/venv/lib/python3.12/site-packages/fastapi/middleware/asyncexitstack.py", line 18, in __call__
    await self.app(scope, receive, send)
  File "/home/ubuntu/app/backend/venv/lib/python3.12/site-packages/starlette/routing.py", line 660, in __call__
    await self.middleware_stack(scope, receive, send)
  File "/home/ubuntu/app/backend/venv/lib/python3.12/site-packages/fastapi/routing.py", line 2685, in app
    await route.handle(scope, receive, send)
  File "/home/ubuntu/app/backend/venv/lib/python3.12/site-packages/fastapi/routing.py", line 1267, in handle
    await super().handle(scope, receive, send)
  File "/home/ubuntu/app/backend/venv/lib/python3.12/site-packages/starlette/routing.py", line 276, in handle
    await self.app(scope, receive, send)
  File "/home/ubuntu/app/backend/venv/lib/python3.12/site-packages/fastapi/routing.py", line 151, in app
    await wrap_app_handling_exceptions(app, request)(scope, receive, send)
  File "/home/ubuntu/app/backend/venv/lib/python3.12/site-packages/starlette/_exception_handler.py", line 53, in wrapped_app
    raise exc
  File "/home/ubuntu/app/backend/venv/lib/python3.12/site-packages/starlette/_exception_handler.py", line 42, in wrapped_app
    await app(scope, receive, sender)
  File "/home/ubuntu/app/backend/venv/lib/python3.12/site-packages/fastapi/routing.py", line 138, in app
    await response(scope, receive, send)
  File "/home/ubuntu/app/backend/venv/lib/python3.12/site-packages/starlette/responses.py", line 352, in __call__
    raise RuntimeError(f"File at path {self.path} does not exist.")
RuntimeError: File at path /home/ubuntu/app/frontend/dist/index.html does not exist.
2026-08-28 07:03:06.505652 - GET /api/approvals/count - 34a4a4c01454454ca53e1a323eb5b64b - File at path /home/ubuntu/app/frontend/dist/index.html does not exist.
Traceback (most recent call last):
  File "/home/ubuntu/app/backend/venv/lib/python3.12/site-packages/starlette/responses.py", line 349, in __call__
    stat_result = await anyio.to_thread.run_sync(os.stat, self.path)
                  ^^^^^^^^^^^^^^^^^^^^^^^^^^^^^^^^^^^^^^^^^^^^^^^^^^
  File "/home/ubuntu/app/backend/venv/lib/python3.12/site-packages/anyio/to_thread.py", line 65, in run_sync
    return await get_async_backend().run_sync_in_worker_thread(
           ^^^^^^^^^^^^^^^^^^^^^^^^^^^^^^^^^^^^^^^^^^^^^^^^^^^^
  File "/home/ubuntu/app/backend/venv/lib/python3.12/site-packages/anyio/_backends/_asyncio.py", line 2641, in run_sync_in_worker_thread
    return await future
           ^^^^^^^^^^^^
  File "/home/ubuntu/app/backend/venv/lib/python3.12/site-packages/anyio/_backends/_asyncio.py", line 1033, in run
    result = context.run(func, *args)
             ^^^^^^^^^^^^^^^^^^^^^^^^
FileNotFoundError: [Errno 2] No such file or directory: '/home/ubuntu/app/frontend/dist/index.html'

During handling of the above exception, another exception occurred:

Traceback (most recent call last):
  File "/home/ubuntu/app/backend/venv/lib/python3.12/site-packages/starlette/middleware/errors.py", line 164, in __call__
    await self.app(scope, receive, _send)
  File "/home/ubuntu/app/backend/venv/lib/python3.12/site-packages/starlette/middleware/cors.py", line 88, in __call__
    await self.app(scope, receive, send)
  File "/home/ubuntu/app/backend/venv/lib/python3.12/site-packages/starlette/middleware/exceptions.py", line 63, in __call__
    await wrap_app_handling_exceptions(self.app, conn)(scope, receive, send)
  File "/home/ubuntu/app/backend/venv/lib/python3.12/site-packages/starlette/_exception_handler.py", line 53, in wrapped_app
    raise exc
  File "/home/ubuntu/app/backend/venv/lib/python3.12/site-packages/starlette/_exception_handler.py", line 42, in wrapped_app
    await app(scope, receive, sender)
  File "/home/ubuntu/app/backend/venv/lib/python3.12/site-packages/fastapi/middleware/asyncexitstack.py", line 18, in __call__
    await self.app(scope, receive, send)
  File "/home/ubuntu/app/backend/venv/lib/python3.12/site-packages/starlette/routing.py", line 660, in __call__
    await self.middleware_stack(scope, receive, send)
  File "/home/ubuntu/app/backend/venv/lib/python3.12/site-packages/fastapi/routing.py", line 2685, in app
    await route.handle(scope, receive, send)
  File "/home/ubuntu/app/backend/venv/lib/python3.12/site-packages/fastapi/routing.py", line 1267, in handle
    await super().handle(scope, receive, send)
  File "/home/ubuntu/app/backend/venv/lib/python3.12/site-packages/starlette/routing.py", line 276, in handle
    await self.app(scope, receive, send)
  File "/home/ubuntu/app/backend/venv/lib/python3.12/site-packages/fastapi/routing.py", line 151, in app
    await wrap_app_handling_exceptions(app, request)(scope, receive, send)
  File "/home/ubuntu/app/backend/venv/lib/python3.12/site-packages/starlette/_exception_handler.py", line 53, in wrapped_app
    raise exc
  File "/home/ubuntu/app/backend/venv/lib/python3.12/site-packages/starlette/_exception_handler.py", line 42, in wrapped_app
    await app(scope, receive, sender)
  File "/home/ubuntu/app/backend/venv/lib/python3.12/site-packages/fastapi/routing.py", line 138, in app
    await response(scope, receive, send)
  File "/home/ubuntu/app/backend/venv/lib/python3.12/site-packages/starlette/responses.py", line 352, in __call__
    raise RuntimeError(f"File at path {self.path} does not exist.")
RuntimeError: File at path /home/ubuntu/app/frontend/dist/index.html does not exist.
2026-08-28 11:07:08.628389 - GET /api/approvals/count - 43a43eb900084e07876630830b389233 - File at path /home/ubuntu/app/frontend/dist/index.html does not exist.
Traceback (most recent call last):
  File "/home/ubuntu/app/backend/venv/lib/python3.12/site-packages/starlette/responses.py", line 349, in __call__
    stat_result = await anyio.to_thread.run_sync(os.stat, self.path)
                  ^^^^^^^^^^^^^^^^^^^^^^^^^^^^^^^^^^^^^^^^^^^^^^^^^^
  File "/home/ubuntu/app/backend/venv/lib/python3.12/site-packages/anyio/to_thread.py", line 65, in run_sync
    return await get_async_backend().run_sync_in_worker_thread(
           ^^^^^^^^^^^^^^^^^^^^^^^^^^^^^^^^^^^^^^^^^^^^^^^^^^^^
  File "/home/ubuntu/app/backend/venv/lib/python3.12/site-packages/anyio/_backends/_asyncio.py", line 2641, in run_sync_in_worker_thread
    return await future
           ^^^^^^^^^^^^
  File "/home/ubuntu/app/backend/venv/lib/python3.12/site-packages/anyio/_backends/_asyncio.py", line 1033, in run
    result = context.run(func, *args)
             ^^^^^^^^^^^^^^^^^^^^^^^^
FileNotFoundError: [Errno 2] No such file or directory: '/home/ubuntu/app/frontend/dist/index.html'

During handling of the above exception, another exception occurred:

Traceback (most recent call last):
  File "/home/ubuntu/app/backend/venv/lib/python3.12/site-packages/starlette/middleware/errors.py", line 164, in __call__
    await self.app(scope, receive, _send)
  File "/home/ubuntu/app/backend/venv/lib/python3.12/site-packages/starlette/middleware/cors.py", line 88, in __call__
    await self.app(scope, receive, send)
  File "/home/ubuntu/app/backend/venv/lib/python3.12/site-packages/starlette/middleware/exceptions.py", line 63, in __call__
    await wrap_app_handling_exceptions(self.app, conn)(scope, receive, send)
  File "/home/ubuntu/app/backend/venv/lib/python3.12/site-packages/starlette/_exception_handler.py", line 53, in wrapped_app
    raise exc
  File "/home/ubuntu/app/backend/venv/lib/python3.12/site-packages/starlette/_exception_handler.py", line 42, in wrapped_app
    await app(scope, receive, sender)
  File "/home/ubuntu/app/backend/venv/lib/python3.12/site-packages/fastapi/middleware/asyncexitstack.py", line 18, in __call__
    await self.app(scope, receive, send)
  File "/home/ubuntu/app/backend/venv/lib/python3.12/site-packages/starlette/routing.py", line 660, in __call__
    await self.middleware_stack(scope, receive, send)
  File "/home/ubuntu/app/backend/venv/lib/python3.12/site-packages/fastapi/routing.py", line 2685, in app
    await route.handle(scope, receive, send)
  File "/home/ubuntu/app/backend/venv/lib/python3.12/site-packages/fastapi/routing.py", line 1267, in handle
    await super().handle(scope, receive, send)
  File "/home/ubuntu/app/backend/venv/lib/python3.12/site-packages/starlette/routing.py", line 276, in handle
    await self.app(scope, receive, send)
  File "/home/ubuntu/app/backend/venv/lib/python3.12/site-packages/fastapi/routing.py", line 151, in app
    await wrap_app_handling_exceptions(app, request)(scope, receive, send)
  File "/home/ubuntu/app/backend/venv/lib/python3.12/site-packages/starlette/_exception_handler.py", line 53, in wrapped_app
    raise exc
  File "/home/ubuntu/app/backend/venv/lib/python3.12/site-packages/starlette/_exception_handler.py", line 42, in wrapped_app
    await app(scope, receive, sender)
  File "/home/ubuntu/app/backend/venv/lib/python3.12/site-packages/fastapi/routing.py", line 138, in app
    await response(scope, receive, send)
  File "/home/ubuntu/app/backend/venv/lib/python3.12/site-packages/starlette/responses.py", line 352, in __call__
    raise RuntimeError(f"File at path {self.path} does not exist.")
RuntimeError: File at path /home/ubuntu/app/frontend/dist/index.html does not exist.
2026-08-28 14:00:20.113274 - GET /api/approvals/count - b22ff1a24e404c479c54ca09b0bb02f1 - 'NoneType' object has no attribute 'id'
Traceback (most recent call last):
  File "/home/ubuntu/app/backend/venv/lib/python3.12/site-packages/starlette/middleware/errors.py", line 164, in __call__
    await self.app(scope, receive, _send)
  File "/home/ubuntu/app/backend/venv/lib/python3.12/site-packages/starlette/middleware/cors.py", line 88, in __call__
    await self.app(scope, receive, send)
  File "/home/ubuntu/app/backend/venv/lib/python3.12/site-packages/starlette/middleware/exceptions.py", line 63, in __call__
    await wrap_app_handling_exceptions(self.app, conn)(scope, receive, send)
  File "/home/ubuntu/app/backend/venv/lib/python3.12/site-packages/starlette/_exception_handler.py", line 53, in wrapped_app
    raise exc
  File "/home/ubuntu/app/backend/venv/lib/python3.12/site-packages/starlette/_exception_handler.py", line 42, in wrapped_app
    await app(scope, receive, sender)
  File "/home/ubuntu/app/backend/venv/lib/python3.12/site-packages/fastapi/middleware/asyncexitstack.py", line 18, in __call__
    await self.app(scope, receive, send)
  File "/home/ubuntu/app/backend/venv/lib/python3.12/site-packages/starlette/routing.py", line 660, in __call__
    await self.middleware_stack(scope, receive, send)
  File "/home/ubuntu/app/backend/venv/lib/python3.12/site-packages/fastapi/routing.py", line 2685, in app
    await route.handle(scope, receive, send)
  File "/home/ubuntu/app/backend/venv/lib/python3.12/site-packages/fastapi/routing.py", line 1267, in handle
    await super().handle(scope, receive, send)
  File "/home/ubuntu/app/backend/venv/lib/python3.12/site-packages/starlette/routing.py", line 276, in handle
    await self.app(scope, receive, send)
  File "/home/ubuntu/app/backend/venv/lib/python3.12/site-packages/fastapi/routing.py", line 151, in app
    await wrap_app_handling_exceptions(app, request)(scope, receive, send)
  File "/home/ubuntu/app/backend/venv/lib/python3.12/site-packages/starlette/_exception_handler.py", line 53, in wrapped_app
    raise exc
  File "/home/ubuntu/app/backend/venv/lib/python3.12/site-packages/starlette/_exception_handler.py", line 42, in wrapped_app
    await app(scope, receive, sender)
  File "/home/ubuntu/app/backend/venv/lib/python3.12/site-packages/fastapi/routing.py", line 137, in app
    response = await f(request)
               ^^^^^^^^^^^^^^^^
  File "/home/ubuntu/app/backend/venv/lib/python3.12/site-packages/fastapi/routing.py", line 691, in app
    raw_response = await run_endpoint_function(
                   ^^^^^^^^^^^^^^^^^^^^^^^^^^^^
  File "/home/ubuntu/app/backend/venv/lib/python3.12/site-packages/fastapi/routing.py", line 347, in run_endpoint_function
    return await run_in_threadpool(dependant.call, **values)
           ^^^^^^^^^^^^^^^^^^^^^^^^^^^^^^^^^^^^^^^^^^^^^^^^^
  File "/home/ubuntu/app/backend/venv/lib/python3.12/site-packages/starlette/concurrency.py", line 34, in run_in_threadpool
    return await anyio.to_thread.run_sync(func)
           ^^^^^^^^^^^^^^^^^^^^^^^^^^^^^^^^^^^^
  File "/home/ubuntu/app/backend/venv/lib/python3.12/site-packages/anyio/to_thread.py", line 65, in run_sync
    return await get_async_backend().run_sync_in_worker_thread(
           ^^^^^^^^^^^^^^^^^^^^^^^^^^^^^^^^^^^^^^^^^^^^^^^^^^^^
  File "/home/ubuntu/app/backend/venv/lib/python3.12/site-packages/anyio/_backends/_asyncio.py", line 2641, in run_sync_in_worker_thread
    return await future
           ^^^^^^^^^^^^
  File "/home/ubuntu/app/backend/venv/lib/python3.12/site-packages/anyio/_backends/_asyncio.py", line 1033, in run
    result = context.run(func, *args)
             ^^^^^^^^^^^^^^^^^^^^^^^^
  File "/home/ubuntu/app/backend/main.py", line 1591, in count_pending_approvals
    models.ApprovalRequest.user_id == user.id,
                                      ^^^^^^^
AttributeError: 'NoneType' object has no attribute 'id'
2026-08-28 14:00:21.321418 - GET /api/approvals/count - 70bdc4ca6e30499994c003ea1ae78f1c - 'NoneType' object has no attribute 'id'
Traceback (most recent call last):
  File "/home/ubuntu/app/backend/venv/lib/python3.12/site-packages/starlette/middleware/errors.py", line 164, in __call__
    await self.app(scope, receive, _send)
  File "/home/ubuntu/app/backend/venv/lib/python3.12/site-packages/starlette/middleware/cors.py", line 88, in __call__
    await self.app(scope, receive, send)
  File "/home/ubuntu/app/backend/venv/lib/python3.12/site-packages/starlette/middleware/exceptions.py", line 63, in __call__
    await wrap_app_handling_exceptions(self.app, conn)(scope, receive, send)
  File "/home/ubuntu/app/backend/venv/lib/python3.12/site-packages/starlette/_exception_handler.py", line 53, in wrapped_app
    raise exc
  File "/home/ubuntu/app/backend/venv/lib/python3.12/site-packages/starlette/_exception_handler.py", line 42, in wrapped_app
    await app(scope, receive, sender)
  File "/home/ubuntu/app/backend/venv/lib/python3.12/site-packages/fastapi/middleware/asyncexitstack.py", line 18, in __call__
    await self.app(scope, receive, send)
  File "/home/ubuntu/app/backend/venv/lib/python3.12/site-packages/starlette/routing.py", line 660, in __call__
    await self.middleware_stack(scope, receive, send)
  File "/home/ubuntu/app/backend/venv/lib/python3.12/site-packages/fastapi/routing.py", line 2685, in app
    await route.handle(scope, receive, send)
  File "/home/ubuntu/app/backend/venv/lib/python3.12/site-packages/fastapi/routing.py", line 1267, in handle
    await super().handle(scope, receive, send)
  File "/home/ubuntu/app/backend/venv/lib/python3.12/site-packages/starlette/routing.py", line 276, in handle
    await self.app(scope, receive, send)
  File "/home/ubuntu/app/backend/venv/lib/python3.12/site-packages/fastapi/routing.py", line 151, in app
    await wrap_app_handling_exceptions(app, request)(scope, receive, send)
  File "/home/ubuntu/app/backend/venv/lib/python3.12/site-packages/starlette/_exception_handler.py", line 53, in wrapped_app
    raise exc
  File "/home/ubuntu/app/backend/venv/lib/python3.12/site-packages/starlette/_exception_handler.py", line 42, in wrapped_app
    await app(scope, receive, sender)
  File "/home/ubuntu/app/backend/venv/lib/python3.12/site-packages/fastapi/routing.py", line 137, in app
    response = await f(request)
               ^^^^^^^^^^^^^^^^
  File "/home/ubuntu/app/backend/venv/lib/python3.12/site-packages/fastapi/routing.py", line 691, in app
    raw_response = await run_endpoint_function(
                   ^^^^^^^^^^^^^^^^^^^^^^^^^^^^
  File "/home/ubuntu/app/backend/venv/lib/python3.12/site-packages/fastapi/routing.py", line 347, in run_endpoint_function
    return await run_in_threadpool(dependant.call, **values)
           ^^^^^^^^^^^^^^^^^^^^^^^^^^^^^^^^^^^^^^^^^^^^^^^^^
  File "/home/ubuntu/app/backend/venv/lib/python3.12/site-packages/starlette/concurrency.py", line 34, in run_in_threadpool
    return await anyio.to_thread.run_sync(func)
           ^^^^^^^^^^^^^^^^^^^^^^^^^^^^^^^^^^^^
  File "/home/ubuntu/app/backend/venv/lib/python3.12/site-packages/anyio/to_thread.py", line 65, in run_sync
    return await get_async_backend().run_sync_in_worker_thread(
           ^^^^^^^^^^^^^^^^^^^^^^^^^^^^^^^^^^^^^^^^^^^^^^^^^^^^
  File "/home/ubuntu/app/backend/venv/lib/python3.12/site-packages/anyio/_backends/_asyncio.py", line 2641, in run_sync_in_worker_thread
    return await future
           ^^^^^^^^^^^^
  File "/home/ubuntu/app/backend/venv/lib/python3.12/site-packages/anyio/_backends/_asyncio.py", line 1033, in run
    result = context.run(func, *args)
             ^^^^^^^^^^^^^^^^^^^^^^^^
  File "/home/ubuntu/app/backend/main.py", line 1591, in count_pending_approvals
    models.ApprovalRequest.user_id == user.id,
                                      ^^^^^^^
AttributeError: 'NoneType' object has no attribute 'id'
2026-08-28 14:00:22.339588 - GET /api/approvals/count - 25fd5a3935d74fc5a43e08173d87dec6 - 'NoneType' object has no attribute 'id'
Traceback (most recent call last):
  File "/home/ubuntu/app/backend/venv/lib/python3.12/site-packages/starlette/middleware/errors.py", line 164, in __call__
    await self.app(scope, receive, _send)
  File "/home/ubuntu/app/backend/venv/lib/python3.12/site-packages/starlette/middleware/cors.py", line 88, in __call__
    await self.app(scope, receive, send)
  File "/home/ubuntu/app/backend/venv/lib/python3.12/site-packages/starlette/middleware/exceptions.py", line 63, in __call__
    await wrap_app_handling_exceptions(self.app, conn)(scope, receive, send)
  File "/home/ubuntu/app/backend/venv/lib/python3.12/site-packages/starlette/_exception_handler.py", line 53, in wrapped_app
    raise exc
  File "/home/ubuntu/app/backend/venv/lib/python3.12/site-packages/starlette/_exception_handler.py", line 42, in wrapped_app
    await app(scope, receive, sender)
  File "/home/ubuntu/app/backend/venv/lib/python3.12/site-packages/fastapi/middleware/asyncexitstack.py", line 18, in __call__
    await self.app(scope, receive, send)
  File "/home/ubuntu/app/backend/venv/lib/python3.12/site-packages/starlette/routing.py", line 660, in __call__
    await self.middleware_stack(scope, receive, send)
  File "/home/ubuntu/app/backend/venv/lib/python3.12/site-packages/fastapi/routing.py", line 2685, in app
    await route.handle(scope, receive, send)
  File "/home/ubuntu/app/backend/venv/lib/python3.12/site-packages/fastapi/routing.py", line 1267, in handle
    await super().handle(scope, receive, send)
  File "/home/ubuntu/app/backend/venv/lib/python3.12/site-packages/starlette/routing.py", line 276, in handle
    await self.app(scope, receive, send)
  File "/home/ubuntu/app/backend/venv/lib/python3.12/site-packages/fastapi/routing.py", line 151, in app
    await wrap_app_handling_exceptions(app, request)(scope, receive, send)
  File "/home/ubuntu/app/backend/venv/lib/python3.12/site-packages/starlette/_exception_handler.py", line 53, in wrapped_app
    raise exc
  File "/home/ubuntu/app/backend/venv/lib/python3.12/site-packages/starlette/_exception_handler.py", line 42, in wrapped_app
    await app(scope, receive, sender)
  File "/home/ubuntu/app/backend/venv/lib/python3.12/site-packages/fastapi/routing.py", line 137, in app
    response = await f(request)
               ^^^^^^^^^^^^^^^^
  File "/home/ubuntu/app/backend/venv/lib/python3.12/site-packages/fastapi/routing.py", line 691, in app
    raw_response = await run_endpoint_function(
                   ^^^^^^^^^^^^^^^^^^^^^^^^^^^^
  File "/home/ubuntu/app/backend/venv/lib/python3.12/site-packages/fastapi/routing.py", line 347, in run_endpoint_function
    return await run_in_threadpool(dependant.call, **values)
           ^^^^^^^^^^^^^^^^^^^^^^^^^^^^^^^^^^^^^^^^^^^^^^^^^
  File "/home/ubuntu/app/backend/venv/lib/python3.12/site-packages/starlette/concurrency.py", line 34, in run_in_threadpool
    return await anyio.to_thread.run_sync(func)
           ^^^^^^^^^^^^^^^^^^^^^^^^^^^^^^^^^^^^
  File "/home/ubuntu/app/backend/venv/lib/python3.12/site-packages/anyio/to_thread.py", line 65, in run_sync
    return await get_async_backend().run_sync_in_worker_thread(
           ^^^^^^^^^^^^^^^^^^^^^^^^^^^^^^^^^^^^^^^^^^^^^^^^^^^^
  File "/home/ubuntu/app/backend/venv/lib/python3.12/site-packages/anyio/_backends/_asyncio.py", line 2641, in run_sync_in_worker_thread
    return await future
           ^^^^^^^^^^^^
  File "/home/ubuntu/app/backend/venv/lib/python3.12/site-packages/anyio/_backends/_asyncio.py", line 1033, in run
    result = context.run(func, *args)
             ^^^^^^^^^^^^^^^^^^^^^^^^
  File "/home/ubuntu/app/backend/main.py", line 1591, in count_pending_approvals
    models.ApprovalRequest.user_id == user.id,
                                      ^^^^^^^
AttributeError: 'NoneType' object has no attribute 'id'
2026-08-28 14:00:23.354807 - GET /api/approvals/count - 1c2a1850138649b9ab15f8dbd548647d - 'NoneType' object has no attribute 'id'
Traceback (most recent call last):
  File "/home/ubuntu/app/backend/venv/lib/python3.12/site-packages/starlette/middleware/errors.py", line 164, in __call__
    await self.app(scope, receive, _send)
  File "/home/ubuntu/app/backend/venv/lib/python3.12/site-packages/starlette/middleware/cors.py", line 88, in __call__
    await self.app(scope, receive, send)
  File "/home/ubuntu/app/backend/venv/lib/python3.12/site-packages/starlette/middleware/exceptions.py", line 63, in __call__
    await wrap_app_handling_exceptions(self.app, conn)(scope, receive, send)
  File "/home/ubuntu/app/backend/venv/lib/python3.12/site-packages/starlette/_exception_handler.py", line 53, in wrapped_app
    raise exc
  File "/home/ubuntu/app/backend/venv/lib/python3.12/site-packages/starlette/_exception_handler.py", line 42, in wrapped_app
    await app(scope, receive, sender)
  File "/home/ubuntu/app/backend/venv/lib/python3.12/site-packages/fastapi/middleware/asyncexitstack.py", line 18, in __call__
    await self.app(scope, receive, send)
  File "/home/ubuntu/app/backend/venv/lib/python3.12/site-packages/starlette/routing.py", line 660, in __call__
    await self.middleware_stack(scope, receive, send)
  File "/home/ubuntu/app/backend/venv/lib/python3.12/site-packages/fastapi/routing.py", line 2685, in app
    await route.handle(scope, receive, send)
  File "/home/ubuntu/app/backend/venv/lib/python3.12/site-packages/fastapi/routing.py", line 1267, in handle
    await super().handle(scope, receive, send)
  File "/home/ubuntu/app/backend/venv/lib/python3.12/site-packages/starlette/routing.py", line 276, in handle
    await self.app(scope, receive, send)
  File "/home/ubuntu/app/backend/venv/lib/python3.12/site-packages/fastapi/routing.py", line 151, in app
    await wrap_app_handling_exceptions(app, request)(scope, receive, send)
  File "/home/ubuntu/app/backend/venv/lib/python3.12/site-packages/starlette/_exception_handler.py", line 53, in wrapped_app
    raise exc
  File "/home/ubuntu/app/backend/venv/lib/python3.12/site-packages/starlette/_exception_handler.py", line 42, in wrapped_app
    await app(scope, receive, sender)
  File "/home/ubuntu/app/backend/venv/lib/python3.12/site-packages/fastapi/routing.py", line 137, in app
    response = await f(request)
               ^^^^^^^^^^^^^^^^
  File "/home/ubuntu/app/backend/venv/lib/python3.12/site-packages/fastapi/routing.py", line 691, in app
    raw_response = await run_endpoint_function(
                   ^^^^^^^^^^^^^^^^^^^^^^^^^^^^
  File "/home/ubuntu/app/backend/venv/lib/python3.12/site-packages/fastapi/routing.py", line 347, in run_endpoint_function
    return await run_in_threadpool(dependant.call, **values)
           ^^^^^^^^^^^^^^^^^^^^^^^^^^^^^^^^^^^^^^^^^^^^^^^^^
  File "/home/ubuntu/app/backend/venv/lib/python3.12/site-packages/starlette/concurrency.py", line 34, in run_in_threadpool
    return await anyio.to_thread.run_sync(func)
           ^^^^^^^^^^^^^^^^^^^^^^^^^^^^^^^^^^^^
  File "/home/ubuntu/app/backend/venv/lib/python3.12/site-packages/anyio/to_thread.py", line 65, in run_sync
    return await get_async_backend().run_sync_in_worker_thread(
           ^^^^^^^^^^^^^^^^^^^^^^^^^^^^^^^^^^^^^^^^^^^^^^^^^^^^
  File "/home/ubuntu/app/backend/venv/lib/python3.12/site-packages/anyio/_backends/_asyncio.py", line 2641, in run_sync_in_worker_thread
    return await future
           ^^^^^^^^^^^^
  File "/home/ubuntu/app/backend/venv/lib/python3.12/site-packages/anyio/_backends/_asyncio.py", line 1033, in run
    result = context.run(func, *args)
             ^^^^^^^^^^^^^^^^^^^^^^^^
  File "/home/ubuntu/app/backend/main.py", line 1591, in count_pending_approvals
    models.ApprovalRequest.user_id == user.id,
                                      ^^^^^^^
AttributeError: 'NoneType' object has no attribute 'id'
2026-08-28 14:00:24.368966 - GET /api/approvals/count - f800f720aba84b4094b57a435418fddf - 'NoneType' object has no attribute 'id'
Traceback (most recent call last):
  File "/home/ubuntu/app/backend/venv/lib/python3.12/site-packages/starlette/middleware/errors.py", line 164, in __call__
    await self.app(scope, receive, _send)
  File "/home/ubuntu/app/backend/venv/lib/python3.12/site-packages/starlette/middleware/cors.py", line 88, in __call__
    await self.app(scope, receive, send)
  File "/home/ubuntu/app/backend/venv/lib/python3.12/site-packages/starlette/middleware/exceptions.py", line 63, in __call__
    await wrap_app_handling_exceptions(self.app, conn)(scope, receive, send)
  File "/home/ubuntu/app/backend/venv/lib/python3.12/site-packages/starlette/_exception_handler.py", line 53, in wrapped_app
    raise exc
  File "/home/ubuntu/app/backend/venv/lib/python3.12/site-packages/starlette/_exception_handler.py", line 42, in wrapped_app
    await app(scope, receive, sender)
  File "/home/ubuntu/app/backend/venv/lib/python3.12/site-packages/fastapi/middleware/asyncexitstack.py", line 18, in __call__
    await self.app(scope, receive, send)
  File "/home/ubuntu/app/backend/venv/lib/python3.12/site-packages/starlette/routing.py", line 660, in __call__
    await self.middleware_stack(scope, receive, send)
  File "/home/ubuntu/app/backend/venv/lib/python3.12/site-packages/fastapi/routing.py", line 2685, in app
    await route.handle(scope, receive, send)
  File "/home/ubuntu/app/backend/venv/lib/python3.12/site-packages/fastapi/routing.py", line 1267, in handle
    await super().handle(scope, receive, send)
  File "/home/ubuntu/app/backend/venv/lib/python3.12/site-packages/starlette/routing.py", line 276, in handle
    await self.app(scope, receive, send)
  File "/home/ubuntu/app/backend/venv/lib/python3.12/site-packages/fastapi/routing.py", line 151, in app
    await wrap_app_handling_exceptions(app, request)(scope, receive, send)
  File "/home/ubuntu/app/backend/venv/lib/python3.12/site-packages/starlette/_exception_handler.py", line 53, in wrapped_app
    raise exc
  File "/home/ubuntu/app/backend/venv/lib/python3.12/site-packages/starlette/_exception_handler.py", line 42, in wrapped_app
    await app(scope, receive, sender)
  File "/home/ubuntu/app/backend/venv/lib/python3.12/site-packages/fastapi/routing.py", line 137, in app
    response = await f(request)
               ^^^^^^^^^^^^^^^^
  File "/home/ubuntu/app/backend/venv/lib/python3.12/site-packages/fastapi/routing.py", line 691, in app
    raw_response = await run_endpoint_function(
                   ^^^^^^^^^^^^^^^^^^^^^^^^^^^^
  File "/home/ubuntu/app/backend/venv/lib/python3.12/site-packages/fastapi/routing.py", line 347, in run_endpoint_function
    return await run_in_threadpool(dependant.call, **values)
           ^^^^^^^^^^^^^^^^^^^^^^^^^^^^^^^^^^^^^^^^^^^^^^^^^
  File "/home/ubuntu/app/backend/venv/lib/python3.12/site-packages/starlette/concurrency.py", line 34, in run_in_threadpool
    return await anyio.to_thread.run_sync(func)
           ^^^^^^^^^^^^^^^^^^^^^^^^^^^^^^^^^^^^
  File "/home/ubuntu/app/backend/venv/lib/python3.12/site-packages/anyio/to_thread.py", line 65, in run_sync
    return await get_async_backend().run_sync_in_worker_thread(
           ^^^^^^^^^^^^^^^^^^^^^^^^^^^^^^^^^^^^^^^^^^^^^^^^^^^^
  File "/home/ubuntu/app/backend/venv/lib/python3.12/site-packages/anyio/_backends/_asyncio.py", line 2641, in run_sync_in_worker_thread
    return await future
           ^^^^^^^^^^^^
  File "/home/ubuntu/app/backend/venv/lib/python3.12/site-packages/anyio/_backends/_asyncio.py", line 1033, in run
    result = context.run(func, *args)
             ^^^^^^^^^^^^^^^^^^^^^^^^
  File "/home/ubuntu/app/backend/main.py", line 1591, in count_pending_approvals
    models.ApprovalRequest.user_id == user.id,
                                      ^^^^^^^
AttributeError: 'NoneType' object has no attribute 'id'
2026-08-28 14:00:25.383195 - GET /api/approvals/count - 5412745edb70481680e69e8a770368be - 'NoneType' object has no attribute 'id'
Traceback (most recent call last):
  File "/home/ubuntu/app/backend/venv/lib/python3.12/site-packages/starlette/middleware/errors.py", line 164, in __call__
    await self.app(scope, receive, _send)
  File "/home/ubuntu/app/backend/venv/lib/python3.12/site-packages/starlette/middleware/cors.py", line 88, in __call__
    await self.app(scope, receive, send)
  File "/home/ubuntu/app/backend/venv/lib/python3.12/site-packages/starlette/middleware/exceptions.py", line 63, in __call__
    await wrap_app_handling_exceptions(self.app, conn)(scope, receive, send)
  File "/home/ubuntu/app/backend/venv/lib/python3.12/site-packages/starlette/_exception_handler.py", line 53, in wrapped_app
    raise exc
  File "/home/ubuntu/app/backend/venv/lib/python3.12/site-packages/starlette/_exception_handler.py", line 42, in wrapped_app
    await app(scope, receive, sender)
  File "/home/ubuntu/app/backend/venv/lib/python3.12/site-packages/fastapi/middleware/asyncexitstack.py", line 18, in __call__
    await self.app(scope, receive, send)
  File "/home/ubuntu/app/backend/venv/lib/python3.12/site-packages/starlette/routing.py", line 660, in __call__
    await self.middleware_stack(scope, receive, send)
  File "/home/ubuntu/app/backend/venv/lib/python3.12/site-packages/fastapi/routing.py", line 2685, in app
    await route.handle(scope, receive, send)
  File "/home/ubuntu/app/backend/venv/lib/python3.12/site-packages/fastapi/routing.py", line 1267, in handle
    await super().handle(scope, receive, send)
  File "/home/ubuntu/app/backend/venv/lib/python3.12/site-packages/starlette/routing.py", line 276, in handle
    await self.app(scope, receive, send)
  File "/home/ubuntu/app/backend/venv/lib/python3.12/site-packages/fastapi/routing.py", line 151, in app
    await wrap_app_handling_exceptions(app, request)(scope, receive, send)
  File "/home/ubuntu/app/backend/venv/lib/python3.12/site-packages/starlette/_exception_handler.py", line 53, in wrapped_app
    raise exc
  File "/home/ubuntu/app/backend/venv/lib/python3.12/site-packages/starlette/_exception_handler.py", line 42, in wrapped_app
    await app(scope, receive, sender)
  File "/home/ubuntu/app/backend/venv/lib/python3.12/site-packages/fastapi/routing.py", line 137, in app
    response = await f(request)
               ^^^^^^^^^^^^^^^^
  File "/home/ubuntu/app/backend/venv/lib/python3.12/site-packages/fastapi/routing.py", line 691, in app
    raw_response = await run_endpoint_function(
                   ^^^^^^^^^^^^^^^^^^^^^^^^^^^^
  File "/home/ubuntu/app/backend/venv/lib/python3.12/site-packages/fastapi/routing.py", line 347, in run_endpoint_function
    return await run_in_threadpool(dependant.call, **values)
           ^^^^^^^^^^^^^^^^^^^^^^^^^^^^^^^^^^^^^^^^^^^^^^^^^
  File "/home/ubuntu/app/backend/venv/lib/python3.12/site-packages/starlette/concurrency.py", line 34, in run_in_threadpool
    return await anyio.to_thread.run_sync(func)
           ^^^^^^^^^^^^^^^^^^^^^^^^^^^^^^^^^^^^
  File "/home/ubuntu/app/backend/venv/lib/python3.12/site-packages/anyio/to_thread.py", line 65, in run_sync
    return await get_async_backend().run_sync_in_worker_thread(
           ^^^^^^^^^^^^^^^^^^^^^^^^^^^^^^^^^^^^^^^^^^^^^^^^^^^^
  File "/home/ubuntu/app/backend/venv/lib/python3.12/site-packages/anyio/_backends/_asyncio.py", line 2641, in run_sync_in_worker_thread
    return await future
           ^^^^^^^^^^^^
  File "/home/ubuntu/app/backend/venv/lib/python3.12/site-packages/anyio/_backends/_asyncio.py", line 1033, in run
    result = context.run(func, *args)
             ^^^^^^^^^^^^^^^^^^^^^^^^
  File "/home/ubuntu/app/backend/main.py", line 1591, in count_pending_approvals
    models.ApprovalRequest.user_id == user.id,
                                      ^^^^^^^
AttributeError: 'NoneType' object has no attribute 'id'
2026-08-28 14:00:26.397310 - GET /api/approvals/count - 5acc1419afa046a3ad30932e4f0803ab - 'NoneType' object has no attribute 'id'
Traceback (most recent call last):
  File "/home/ubuntu/app/backend/venv/lib/python3.12/site-packages/starlette/middleware/errors.py", line 164, in __call__
    await self.app(scope, receive, _send)
  File "/home/ubuntu/app/backend/venv/lib/python3.12/site-packages/starlette/middleware/cors.py", line 88, in __call__
    await self.app(scope, receive, send)
  File "/home/ubuntu/app/backend/venv/lib/python3.12/site-packages/starlette/middleware/exceptions.py", line 63, in __call__
    await wrap_app_handling_exceptions(self.app, conn)(scope, receive, send)
  File "/home/ubuntu/app/backend/venv/lib/python3.12/site-packages/starlette/_exception_handler.py", line 53, in wrapped_app
    raise exc
  File "/home/ubuntu/app/backend/venv/lib/python3.12/site-packages/starlette/_exception_handler.py", line 42, in wrapped_app
    await app(scope, receive, sender)
  File "/home/ubuntu/app/backend/venv/lib/python3.12/site-packages/fastapi/middleware/asyncexitstack.py", line 18, in __call__
    await self.app(scope, receive, send)
  File "/home/ubuntu/app/backend/venv/lib/python3.12/site-packages/starlette/routing.py", line 660, in __call__
    await self.middleware_stack(scope, receive, send)
  File "/home/ubuntu/app/backend/venv/lib/python3.12/site-packages/fastapi/routing.py", line 2685, in app
    await route.handle(scope, receive, send)
  File "/home/ubuntu/app/backend/venv/lib/python3.12/site-packages/fastapi/routing.py", line 1267, in handle
    await super().handle(scope, receive, send)
  File "/home/ubuntu/app/backend/venv/lib/python3.12/site-packages/starlette/routing.py", line 276, in handle
    await self.app(scope, receive, send)
  File "/home/ubuntu/app/backend/venv/lib/python3.12/site-packages/fastapi/routing.py", line 151, in app
    await wrap_app_handling_exceptions(app, request)(scope, receive, send)
  File "/home/ubuntu/app/backend/venv/lib/python3.12/site-packages/starlette/_exception_handler.py", line 53, in wrapped_app
    raise exc
  File "/home/ubuntu/app/backend/venv/lib/python3.12/site-packages/starlette/_exception_handler.py", line 42, in wrapped_app
    await app(scope, receive, sender)
  File "/home/ubuntu/app/backend/venv/lib/python3.12/site-packages/fastapi/routing.py", line 137, in app
    response = await f(request)
               ^^^^^^^^^^^^^^^^
  File "/home/ubuntu/app/backend/venv/lib/python3.12/site-packages/fastapi/routing.py", line 691, in app
    raw_response = await run_endpoint_function(
                   ^^^^^^^^^^^^^^^^^^^^^^^^^^^^
  File "/home/ubuntu/app/backend/venv/lib/python3.12/site-packages/fastapi/routing.py", line 347, in run_endpoint_function
    return await run_in_threadpool(dependant.call, **values)
           ^^^^^^^^^^^^^^^^^^^^^^^^^^^^^^^^^^^^^^^^^^^^^^^^^
  File "/home/ubuntu/app/backend/venv/lib/python3.12/site-packages/starlette/concurrency.py", line 34, in run_in_threadpool
    return await anyio.to_thread.run_sync(func)
           ^^^^^^^^^^^^^^^^^^^^^^^^^^^^^^^^^^^^
  File "/home/ubuntu/app/backend/venv/lib/python3.12/site-packages/anyio/to_thread.py", line 65, in run_sync
    return await get_async_backend().run_sync_in_worker_thread(
           ^^^^^^^^^^^^^^^^^^^^^^^^^^^^^^^^^^^^^^^^^^^^^^^^^^^^
  File "/home/ubuntu/app/backend/venv/lib/python3.12/site-packages/anyio/_backends/_asyncio.py", line 2641, in run_sync_in_worker_thread
    return await future
           ^^^^^^^^^^^^
  File "/home/ubuntu/app/backend/venv/lib/python3.12/site-packages/anyio/_backends/_asyncio.py", line 1033, in run
    result = context.run(func, *args)
             ^^^^^^^^^^^^^^^^^^^^^^^^
  File "/home/ubuntu/app/backend/main.py", line 1591, in count_pending_approvals
    models.ApprovalRequest.user_id == user.id,
                                      ^^^^^^^
AttributeError: 'NoneType' object has no attribute 'id'
2026-08-28 14:00:27.411592 - GET /api/approvals/count - 154b1ce402f84e17a605aac2ac5912f6 - 'NoneType' object has no attribute 'id'
Traceback (most recent call last):
  File "/home/ubuntu/app/backend/venv/lib/python3.12/site-packages/starlette/middleware/errors.py", line 164, in __call__
    await self.app(scope, receive, _send)
  File "/home/ubuntu/app/backend/venv/lib/python3.12/site-packages/starlette/middleware/cors.py", line 88, in __call__
    await self.app(scope, receive, send)
  File "/home/ubuntu/app/backend/venv/lib/python3.12/site-packages/starlette/middleware/exceptions.py", line 63, in __call__
    await wrap_app_handling_exceptions(self.app, conn)(scope, receive, send)
  File "/home/ubuntu/app/backend/venv/lib/python3.12/site-packages/starlette/_exception_handler.py", line 53, in wrapped_app
    raise exc
  File "/home/ubuntu/app/backend/venv/lib/python3.12/site-packages/starlette/_exception_handler.py", line 42, in wrapped_app
    await app(scope, receive, sender)
  File "/home/ubuntu/app/backend/venv/lib/python3.12/site-packages/fastapi/middleware/asyncexitstack.py", line 18, in __call__
    await self.app(scope, receive, send)
  File "/home/ubuntu/app/backend/venv/lib/python3.12/site-packages/starlette/routing.py", line 660, in __call__
    await self.middleware_stack(scope, receive, send)
  File "/home/ubuntu/app/backend/venv/lib/python3.12/site-packages/fastapi/routing.py", line 2685, in app
    await route.handle(scope, receive, send)
  File "/home/ubuntu/app/backend/venv/lib/python3.12/site-packages/fastapi/routing.py", line 1267, in handle
    await super().handle(scope, receive, send)
  File "/home/ubuntu/app/backend/venv/lib/python3.12/site-packages/starlette/routing.py", line 276, in handle
    await self.app(scope, receive, send)
  File "/home/ubuntu/app/backend/venv/lib/python3.12/site-packages/fastapi/routing.py", line 151, in app
    await wrap_app_handling_exceptions(app, request)(scope, receive, send)
  File "/home/ubuntu/app/backend/venv/lib/python3.12/site-packages/starlette/_exception_handler.py", line 53, in wrapped_app
    raise exc
  File "/home/ubuntu/app/backend/venv/lib/python3.12/site-packages/starlette/_exception_handler.py", line 42, in wrapped_app
    await app(scope, receive, sender)
  File "/home/ubuntu/app/backend/venv/lib/python3.12/site-packages/fastapi/routing.py", line 137, in app
    response = await f(request)
               ^^^^^^^^^^^^^^^^
  File "/home/ubuntu/app/backend/venv/lib/python3.12/site-packages/fastapi/routing.py", line 691, in app
    raw_response = await run_endpoint_function(
                   ^^^^^^^^^^^^^^^^^^^^^^^^^^^^
  File "/home/ubuntu/app/backend/venv/lib/python3.12/site-packages/fastapi/routing.py", line 347, in run_endpoint_function
    return await run_in_threadpool(dependant.call, **values)
           ^^^^^^^^^^^^^^^^^^^^^^^^^^^^^^^^^^^^^^^^^^^^^^^^^
  File "/home/ubuntu/app/backend/venv/lib/python3.12/site-packages/starlette/concurrency.py", line 34, in run_in_threadpool
    return await anyio.to_thread.run_sync(func)
           ^^^^^^^^^^^^^^^^^^^^^^^^^^^^^^^^^^^^
  File "/home/ubuntu/app/backend/venv/lib/python3.12/site-packages/anyio/to_thread.py", line 65, in run_sync
    return await get_async_backend().run_sync_in_worker_thread(
           ^^^^^^^^^^^^^^^^^^^^^^^^^^^^^^^^^^^^^^^^^^^^^^^^^^^^
  File "/home/ubuntu/app/backend/venv/lib/python3.12/site-packages/anyio/_backends/_asyncio.py", line 2641, in run_sync_in_worker_thread
    return await future
           ^^^^^^^^^^^^
  File "/home/ubuntu/app/backend/venv/lib/python3.12/site-packages/anyio/_backends/_asyncio.py", line 1033, in run
    result = context.run(func, *args)
             ^^^^^^^^^^^^^^^^^^^^^^^^
  File "/home/ubuntu/app/backend/main.py", line 1591, in count_pending_approvals
    models.ApprovalRequest.user_id == user.id,
                                      ^^^^^^^
AttributeError: 'NoneType' object has no attribute 'id'
2026-08-28 14:00:28.425552 - GET /api/approvals/count - 55dc255d994e449dbe6a0f2391f056c7 - 'NoneType' object has no attribute 'id'
Traceback (most recent call last):
  File "/home/ubuntu/app/backend/venv/lib/python3.12/site-packages/starlette/middleware/errors.py", line 164, in __call__
    await self.app(scope, receive, _send)
  File "/home/ubuntu/app/backend/venv/lib/python3.12/site-packages/starlette/middleware/cors.py", line 88, in __call__
    await self.app(scope, receive, send)
  File "/home/ubuntu/app/backend/venv/lib/python3.12/site-packages/starlette/middleware/exceptions.py", line 63, in __call__
    await wrap_app_handling_exceptions(self.app, conn)(scope, receive, send)
  File "/home/ubuntu/app/backend/venv/lib/python3.12/site-packages/starlette/_exception_handler.py", line 53, in wrapped_app
    raise exc
  File "/home/ubuntu/app/backend/venv/lib/python3.12/site-packages/starlette/_exception_handler.py", line 42, in wrapped_app
    await app(scope, receive, sender)
  File "/home/ubuntu/app/backend/venv/lib/python3.12/site-packages/fastapi/middleware/asyncexitstack.py", line 18, in __call__
    await self.app(scope, receive, send)
  File "/home/ubuntu/app/backend/venv/lib/python3.12/site-packages/starlette/routing.py", line 660, in __call__
    await self.middleware_stack(scope, receive, send)
  File "/home/ubuntu/app/backend/venv/lib/python3.12/site-packages/fastapi/routing.py", line 2685, in app
    await route.handle(scope, receive, send)
  File "/home/ubuntu/app/backend/venv/lib/python3.12/site-packages/fastapi/routing.py", line 1267, in handle
    await super().handle(scope, receive, send)
  File "/home/ubuntu/app/backend/venv/lib/python3.12/site-packages/starlette/routing.py", line 276, in handle
    await self.app(scope, receive, send)
  File "/home/ubuntu/app/backend/venv/lib/python3.12/site-packages/fastapi/routing.py", line 151, in app
    await wrap_app_handling_exceptions(app, request)(scope, receive, send)
  File "/home/ubuntu/app/backend/venv/lib/python3.12/site-packages/starlette/_exception_handler.py", line 53, in wrapped_app
    raise exc
  File "/home/ubuntu/app/backend/venv/lib/python3.12/site-packages/starlette/_exception_handler.py", line 42, in wrapped_app
    await app(scope, receive, sender)
  File "/home/ubuntu/app/backend/venv/lib/python3.12/site-packages/fastapi/routing.py", line 137, in app
    response = await f(request)
               ^^^^^^^^^^^^^^^^
  File "/home/ubuntu/app/backend/venv/lib/python3.12/site-packages/fastapi/routing.py", line 691, in app
    raw_response = await run_endpoint_function(
                   ^^^^^^^^^^^^^^^^^^^^^^^^^^^^
  File "/home/ubuntu/app/backend/venv/lib/python3.12/site-packages/fastapi/routing.py", line 347, in run_endpoint_function
    return await run_in_threadpool(dependant.call, **values)
           ^^^^^^^^^^^^^^^^^^^^^^^^^^^^^^^^^^^^^^^^^^^^^^^^^
  File "/home/ubuntu/app/backend/venv/lib/python3.12/site-packages/starlette/concurrency.py", line 34, in run_in_threadpool
    return await anyio.to_thread.run_sync(func)
           ^^^^^^^^^^^^^^^^^^^^^^^^^^^^^^^^^^^^
  File "/home/ubuntu/app/backend/venv/lib/python3.12/site-packages/anyio/to_thread.py", line 65, in run_sync
    return await get_async_backend().run_sync_in_worker_thread(
           ^^^^^^^^^^^^^^^^^^^^^^^^^^^^^^^^^^^^^^^^^^^^^^^^^^^^
  File "/home/ubuntu/app/backend/venv/lib/python3.12/site-packages/anyio/_backends/_asyncio.py", line 2641, in run_sync_in_worker_thread
    return await future
           ^^^^^^^^^^^^
  File "/home/ubuntu/app/backend/venv/lib/python3.12/site-packages/anyio/_backends/_asyncio.py", line 1033, in run
    result = context.run(func, *args)
             ^^^^^^^^^^^^^^^^^^^^^^^^
  File "/home/ubuntu/app/backend/main.py", line 1591, in count_pending_approvals
    models.ApprovalRequest.user_id == user.id,
                                      ^^^^^^^
AttributeError: 'NoneType' object has no attribute 'id'
2026-08-28 14:00:29.440131 - GET /api/approvals/count - 0aa575b23a1d4e35a5d14700acc18aac - 'NoneType' object has no attribute 'id'
Traceback (most recent call last):
  File "/home/ubuntu/app/backend/venv/lib/python3.12/site-packages/starlette/middleware/errors.py", line 164, in __call__
    await self.app(scope, receive, _send)
  File "/home/ubuntu/app/backend/venv/lib/python3.12/site-packages/starlette/middleware/cors.py", line 88, in __call__
    await self.app(scope, receive, send)
  File "/home/ubuntu/app/backend/venv/lib/python3.12/site-packages/starlette/middleware/exceptions.py", line 63, in __call__
    await wrap_app_handling_exceptions(self.app, conn)(scope, receive, send)
  File "/home/ubuntu/app/backend/venv/lib/python3.12/site-packages/starlette/_exception_handler.py", line 53, in wrapped_app
    raise exc
  File "/home/ubuntu/app/backend/venv/lib/python3.12/site-packages/starlette/_exception_handler.py", line 42, in wrapped_app
    await app(scope, receive, sender)
  File "/home/ubuntu/app/backend/venv/lib/python3.12/site-packages/fastapi/middleware/asyncexitstack.py", line 18, in __call__
    await self.app(scope, receive, send)
  File "/home/ubuntu/app/backend/venv/lib/python3.12/site-packages/starlette/routing.py", line 660, in __call__
    await self.middleware_stack(scope, receive, send)
  File "/home/ubuntu/app/backend/venv/lib/python3.12/site-packages/fastapi/routing.py", line 2685, in app
    await route.handle(scope, receive, send)
  File "/home/ubuntu/app/backend/venv/lib/python3.12/site-packages/fastapi/routing.py", line 1267, in handle
    await super().handle(scope, receive, send)
  File "/home/ubuntu/app/backend/venv/lib/python3.12/site-packages/starlette/routing.py", line 276, in handle
    await self.app(scope, receive, send)
  File "/home/ubuntu/app/backend/venv/lib/python3.12/site-packages/fastapi/routing.py", line 151, in app
    await wrap_app_handling_exceptions(app, request)(scope, receive, send)
  File "/home/ubuntu/app/backend/venv/lib/python3.12/site-packages/starlette/_exception_handler.py", line 53, in wrapped_app
    raise exc
  File "/home/ubuntu/app/backend/venv/lib/python3.12/site-packages/starlette/_exception_handler.py", line 42, in wrapped_app
    await app(scope, receive, sender)
  File "/home/ubuntu/app/backend/venv/lib/python3.12/site-packages/fastapi/routing.py", line 137, in app
    response = await f(request)
               ^^^^^^^^^^^^^^^^
  File "/home/ubuntu/app/backend/venv/lib/python3.12/site-packages/fastapi/routing.py", line 691, in app
    raw_response = await run_endpoint_function(
                   ^^^^^^^^^^^^^^^^^^^^^^^^^^^^
  File "/home/ubuntu/app/backend/venv/lib/python3.12/site-packages/fastapi/routing.py", line 347, in run_endpoint_function
    return await run_in_threadpool(dependant.call, **values)
           ^^^^^^^^^^^^^^^^^^^^^^^^^^^^^^^^^^^^^^^^^^^^^^^^^
  File "/home/ubuntu/app/backend/venv/lib/python3.12/site-packages/starlette/concurrency.py", line 34, in run_in_threadpool
    return await anyio.to_thread.run_sync(func)
           ^^^^^^^^^^^^^^^^^^^^^^^^^^^^^^^^^^^^
  File "/home/ubuntu/app/backend/venv/lib/python3.12/site-packages/anyio/to_thread.py", line 65, in run_sync
    return await get_async_backend().run_sync_in_worker_thread(
           ^^^^^^^^^^^^^^^^^^^^^^^^^^^^^^^^^^^^^^^^^^^^^^^^^^^^
  File "/home/ubuntu/app/backend/venv/lib/python3.12/site-packages/anyio/_backends/_asyncio.py", line 2641, in run_sync_in_worker_thread
    return await future
           ^^^^^^^^^^^^
  File "/home/ubuntu/app/backend/venv/lib/python3.12/site-packages/anyio/_backends/_asyncio.py", line 1033, in run
    result = context.run(func, *args)
             ^^^^^^^^^^^^^^^^^^^^^^^^
  File "/home/ubuntu/app/backend/main.py", line 1591, in count_pending_approvals
    models.ApprovalRequest.user_id == user.id,
                                      ^^^^^^^
AttributeError: 'NoneType' object has no attribute 'id'
2026-08-28 14:00:30.454253 - GET /api/approvals/count - abc669c5acc14407bcc2a0deb83752ed - 'NoneType' object has no attribute 'id'
Traceback (most recent call last):
  File "/home/ubuntu/app/backend/venv/lib/python3.12/site-packages/starlette/middleware/errors.py", line 164, in __call__
    await self.app(scope, receive, _send)
  File "/home/ubuntu/app/backend/venv/lib/python3.12/site-packages/starlette/middleware/cors.py", line 88, in __call__
    await self.app(scope, receive, send)
  File "/home/ubuntu/app/backend/venv/lib/python3.12/site-packages/starlette/middleware/exceptions.py", line 63, in __call__
    await wrap_app_handling_exceptions(self.app, conn)(scope, receive, send)
  File "/home/ubuntu/app/backend/venv/lib/python3.12/site-packages/starlette/_exception_handler.py", line 53, in wrapped_app
    raise exc
  File "/home/ubuntu/app/backend/venv/lib/python3.12/site-packages/starlette/_exception_handler.py", line 42, in wrapped_app
    await app(scope, receive, sender)
  File "/home/ubuntu/app/backend/venv/lib/python3.12/site-packages/fastapi/middleware/asyncexitstack.py", line 18, in __call__
    await self.app(scope, receive, send)
  File "/home/ubuntu/app/backend/venv/lib/python3.12/site-packages/starlette/routing.py", line 660, in __call__
    await self.middleware_stack(scope, receive, send)
  File "/home/ubuntu/app/backend/venv/lib/python3.12/site-packages/fastapi/routing.py", line 2685, in app
    await route.handle(scope, receive, send)
  File "/home/ubuntu/app/backend/venv/lib/python3.12/site-packages/fastapi/routing.py", line 1267, in handle
    await super().handle(scope, receive, send)
  File "/home/ubuntu/app/backend/venv/lib/python3.12/site-packages/starlette/routing.py", line 276, in handle
    await self.app(scope, receive, send)
  File "/home/ubuntu/app/backend/venv/lib/python3.12/site-packages/fastapi/routing.py", line 151, in app
    await wrap_app_handling_exceptions(app, request)(scope, receive, send)
  File "/home/ubuntu/app/backend/venv/lib/python3.12/site-packages/starlette/_exception_handler.py", line 53, in wrapped_app
    raise exc
  File "/home/ubuntu/app/backend/venv/lib/python3.12/site-packages/starlette/_exception_handler.py", line 42, in wrapped_app
    await app(scope, receive, sender)
  File "/home/ubuntu/app/backend/venv/lib/python3.12/site-packages/fastapi/routing.py", line 137, in app
    response = await f(request)
               ^^^^^^^^^^^^^^^^
  File "/home/ubuntu/app/backend/venv/lib/python3.12/site-packages/fastapi/routing.py", line 691, in app
    raw_response = await run_endpoint_function(
                   ^^^^^^^^^^^^^^^^^^^^^^^^^^^^
  File "/home/ubuntu/app/backend/venv/lib/python3.12/site-packages/fastapi/routing.py", line 347, in run_endpoint_function
    return await run_in_threadpool(dependant.call, **values)
           ^^^^^^^^^^^^^^^^^^^^^^^^^^^^^^^^^^^^^^^^^^^^^^^^^
  File "/home/ubuntu/app/backend/venv/lib/python3.12/site-packages/starlette/concurrency.py", line 34, in run_in_threadpool
    return await anyio.to_thread.run_sync(func)
           ^^^^^^^^^^^^^^^^^^^^^^^^^^^^^^^^^^^^
  File "/home/ubuntu/app/backend/venv/lib/python3.12/site-packages/anyio/to_thread.py", line 65, in run_sync
    return await get_async_backend().run_sync_in_worker_thread(
           ^^^^^^^^^^^^^^^^^^^^^^^^^^^^^^^^^^^^^^^^^^^^^^^^^^^^
  File "/home/ubuntu/app/backend/venv/lib/python3.12/site-packages/anyio/_backends/_asyncio.py", line 2641, in run_sync_in_worker_thread
    return await future
           ^^^^^^^^^^^^
  File "/home/ubuntu/app/backend/venv/lib/python3.12/site-packages/anyio/_backends/_asyncio.py", line 1033, in run
    result = context.run(func, *args)
             ^^^^^^^^^^^^^^^^^^^^^^^^
  File "/home/ubuntu/app/backend/main.py", line 1591, in count_pending_approvals
    models.ApprovalRequest.user_id == user.id,
                                      ^^^^^^^
AttributeError: 'NoneType' object has no attribute 'id'
2026-08-28 14:00:31.469485 - GET /api/approvals/count - ab5b8980fc79411bbcd9805527c25830 - 'NoneType' object has no attribute 'id'
Traceback (most recent call last):
  File "/home/ubuntu/app/backend/venv/lib/python3.12/site-packages/starlette/middleware/errors.py", line 164, in __call__
    await self.app(scope, receive, _send)
  File "/home/ubuntu/app/backend/venv/lib/python3.12/site-packages/starlette/middleware/cors.py", line 88, in __call__
    await self.app(scope, receive, send)
  File "/home/ubuntu/app/backend/venv/lib/python3.12/site-packages/starlette/middleware/exceptions.py", line 63, in __call__
    await wrap_app_handling_exceptions(self.app, conn)(scope, receive, send)
  File "/home/ubuntu/app/backend/venv/lib/python3.12/site-packages/starlette/_exception_handler.py", line 53, in wrapped_app
    raise exc
  File "/home/ubuntu/app/backend/venv/lib/python3.12/site-packages/starlette/_exception_handler.py", line 42, in wrapped_app
    await app(scope, receive, sender)
  File "/home/ubuntu/app/backend/venv/lib/python3.12/site-packages/fastapi/middleware/asyncexitstack.py", line 18, in __call__
    await self.app(scope, receive, send)
  File "/home/ubuntu/app/backend/venv/lib/python3.12/site-packages/starlette/routing.py", line 660, in __call__
    await self.middleware_stack(scope, receive, send)
  File "/home/ubuntu/app/backend/venv/lib/python3.12/site-packages/fastapi/routing.py", line 2685, in app
    await route.handle(scope, receive, send)
  File "/home/ubuntu/app/backend/venv/lib/python3.12/site-packages/fastapi/routing.py", line 1267, in handle
    await super().handle(scope, receive, send)
  File "/home/ubuntu/app/backend/venv/lib/python3.12/site-packages/starlette/routing.py", line 276, in handle
    await self.app(scope, receive, send)
  File "/home/ubuntu/app/backend/venv/lib/python3.12/site-packages/fastapi/routing.py", line 151, in app
    await wrap_app_handling_exceptions(app, request)(scope, receive, send)
  File "/home/ubuntu/app/backend/venv/lib/python3.12/site-packages/starlette/_exception_handler.py", line 53, in wrapped_app
    raise exc
  File "/home/ubuntu/app/backend/venv/lib/python3.12/site-packages/starlette/_exception_handler.py", line 42, in wrapped_app
    await app(scope, receive, sender)
  File "/home/ubuntu/app/backend/venv/lib/python3.12/site-packages/fastapi/routing.py", line 137, in app
    response = await f(request)
               ^^^^^^^^^^^^^^^^
  File "/home/ubuntu/app/backend/venv/lib/python3.12/site-packages/fastapi/routing.py", line 691, in app
    raw_response = await run_endpoint_function(
                   ^^^^^^^^^^^^^^^^^^^^^^^^^^^^
  File "/home/ubuntu/app/backend/venv/lib/python3.12/site-packages/fastapi/routing.py", line 347, in run_endpoint_function
    return await run_in_threadpool(dependant.call, **values)
           ^^^^^^^^^^^^^^^^^^^^^^^^^^^^^^^^^^^^^^^^^^^^^^^^^
  File "/home/ubuntu/app/backend/venv/lib/python3.12/site-packages/starlette/concurrency.py", line 34, in run_in_threadpool
    return await anyio.to_thread.run_sync(func)
           ^^^^^^^^^^^^^^^^^^^^^^^^^^^^^^^^^^^^
  File "/home/ubuntu/app/backend/venv/lib/python3.12/site-packages/anyio/to_thread.py", line 65, in run_sync
    return await get_async_backend().run_sync_in_worker_thread(
           ^^^^^^^^^^^^^^^^^^^^^^^^^^^^^^^^^^^^^^^^^^^^^^^^^^^^
  File "/home/ubuntu/app/backend/venv/lib/python3.12/site-packages/anyio/_backends/_asyncio.py", line 2641, in run_sync_in_worker_thread
    return await future
           ^^^^^^^^^^^^
  File "/home/ubuntu/app/backend/venv/lib/python3.12/site-packages/anyio/_backends/_asyncio.py", line 1033, in run
    result = context.run(func, *args)
             ^^^^^^^^^^^^^^^^^^^^^^^^
  File "/home/ubuntu/app/backend/main.py", line 1591, in count_pending_approvals
    models.ApprovalRequest.user_id == user.id,
                                      ^^^^^^^
AttributeError: 'NoneType' object has no attribute 'id'
2026-08-28 14:00:32.484754 - GET /api/approvals/count - de013a26122d485286dd79c4786e0670 - 'NoneType' object has no attribute 'id'
Traceback (most recent call last):
  File "/home/ubuntu/app/backend/venv/lib/python3.12/site-packages/starlette/middleware/errors.py", line 164, in __call__
    await self.app(scope, receive, _send)
  File "/home/ubuntu/app/backend/venv/lib/python3.12/site-packages/starlette/middleware/cors.py", line 88, in __call__
    await self.app(scope, receive, send)
  File "/home/ubuntu/app/backend/venv/lib/python3.12/site-packages/starlette/middleware/exceptions.py", line 63, in __call__
    await wrap_app_handling_exceptions(self.app, conn)(scope, receive, send)
  File "/home/ubuntu/app/backend/venv/lib/python3.12/site-packages/starlette/_exception_handler.py", line 53, in wrapped_app
    raise exc
  File "/home/ubuntu/app/backend/venv/lib/python3.12/site-packages/starlette/_exception_handler.py", line 42, in wrapped_app
    await app(scope, receive, sender)
  File "/home/ubuntu/app/backend/venv/lib/python3.12/site-packages/fastapi/middleware/asyncexitstack.py", line 18, in __call__
    await self.app(scope, receive, send)
  File "/home/ubuntu/app/backend/venv/lib/python3.12/site-packages/starlette/routing.py", line 660, in __call__
    await self.middleware_stack(scope, receive, send)
  File "/home/ubuntu/app/backend/venv/lib/python3.12/site-packages/fastapi/routing.py", line 2685, in app
    await route.handle(scope, receive, send)
  File "/home/ubuntu/app/backend/venv/lib/python3.12/site-packages/fastapi/routing.py", line 1267, in handle
    await super().handle(scope, receive, send)
  File "/home/ubuntu/app/backend/venv/lib/python3.12/site-packages/starlette/routing.py", line 276, in handle
    await self.app(scope, receive, send)
  File "/home/ubuntu/app/backend/venv/lib/python3.12/site-packages/fastapi/routing.py", line 151, in app
    await wrap_app_handling_exceptions(app, request)(scope, receive, send)
  File "/home/ubuntu/app/backend/venv/lib/python3.12/site-packages/starlette/_exception_handler.py", line 53, in wrapped_app
    raise exc
  File "/home/ubuntu/app/backend/venv/lib/python3.12/site-packages/starlette/_exception_handler.py", line 42, in wrapped_app
    await app(scope, receive, sender)
  File "/home/ubuntu/app/backend/venv/lib/python3.12/site-packages/fastapi/routing.py", line 137, in app
    response = await f(request)
               ^^^^^^^^^^^^^^^^
  File "/home/ubuntu/app/backend/venv/lib/python3.12/site-packages/fastapi/routing.py", line 691, in app
    raw_response = await run_endpoint_function(
                   ^^^^^^^^^^^^^^^^^^^^^^^^^^^^
  File "/home/ubuntu/app/backend/venv/lib/python3.12/site-packages/fastapi/routing.py", line 347, in run_endpoint_function
    return await run_in_threadpool(dependant.call, **values)
           ^^^^^^^^^^^^^^^^^^^^^^^^^^^^^^^^^^^^^^^^^^^^^^^^^
  File "/home/ubuntu/app/backend/venv/lib/python3.12/site-packages/starlette/concurrency.py", line 34, in run_in_threadpool
    return await anyio.to_thread.run_sync(func)
           ^^^^^^^^^^^^^^^^^^^^^^^^^^^^^^^^^^^^
  File "/home/ubuntu/app/backend/venv/lib/python3.12/site-packages/anyio/to_thread.py", line 65, in run_sync
    return await get_async_backend().run_sync_in_worker_thread(
           ^^^^^^^^^^^^^^^^^^^^^^^^^^^^^^^^^^^^^^^^^^^^^^^^^^^^
  File "/home/ubuntu/app/backend/venv/lib/python3.12/site-packages/anyio/_backends/_asyncio.py", line 2641, in run_sync_in_worker_thread
    return await future
           ^^^^^^^^^^^^
  File "/home/ubuntu/app/backend/venv/lib/python3.12/site-packages/anyio/_backends/_asyncio.py", line 1033, in run
    result = context.run(func, *args)
             ^^^^^^^^^^^^^^^^^^^^^^^^
  File "/home/ubuntu/app/backend/main.py", line 1591, in count_pending_approvals
    models.ApprovalRequest.user_id == user.id,
                                      ^^^^^^^
AttributeError: 'NoneType' object has no attribute 'id'
2026-08-28 14:00:33.501309 - GET /api/approvals/count - 6d8b8008fa2c4e128e3db4e25c71a3bc - 'NoneType' object has no attribute 'id'
Traceback (most recent call last):
  File "/home/ubuntu/app/backend/venv/lib/python3.12/site-packages/starlette/middleware/errors.py", line 164, in __call__
    await self.app(scope, receive, _send)
  File "/home/ubuntu/app/backend/venv/lib/python3.12/site-packages/starlette/middleware/cors.py", line 88, in __call__
    await self.app(scope, receive, send)
  File "/home/ubuntu/app/backend/venv/lib/python3.12/site-packages/starlette/middleware/exceptions.py", line 63, in __call__
    await wrap_app_handling_exceptions(self.app, conn)(scope, receive, send)
  File "/home/ubuntu/app/backend/venv/lib/python3.12/site-packages/starlette/_exception_handler.py", line 53, in wrapped_app
    raise exc
  File "/home/ubuntu/app/backend/venv/lib/python3.12/site-packages/starlette/_exception_handler.py", line 42, in wrapped_app
    await app(scope, receive, sender)
  File "/home/ubuntu/app/backend/venv/lib/python3.12/site-packages/fastapi/middleware/asyncexitstack.py", line 18, in __call__
    await self.app(scope, receive, send)
  File "/home/ubuntu/app/backend/venv/lib/python3.12/site-packages/starlette/routing.py", line 660, in __call__
    await self.middleware_stack(scope, receive, send)
  File "/home/ubuntu/app/backend/venv/lib/python3.12/site-packages/fastapi/routing.py", line 2685, in app
    await route.handle(scope, receive, send)
  File "/home/ubuntu/app/backend/venv/lib/python3.12/site-packages/fastapi/routing.py", line 1267, in handle
    await super().handle(scope, receive, send)
  File "/home/ubuntu/app/backend/venv/lib/python3.12/site-packages/starlette/routing.py", line 276, in handle
    await self.app(scope, receive, send)
  File "/home/ubuntu/app/backend/venv/lib/python3.12/site-packages/fastapi/routing.py", line 151, in app
    await wrap_app_handling_exceptions(app, request)(scope, receive, send)
  File "/home/ubuntu/app/backend/venv/lib/python3.12/site-packages/starlette/_exception_handler.py", line 53, in wrapped_app
    raise exc
  File "/home/ubuntu/app/backend/venv/lib/python3.12/site-packages/starlette/_exception_handler.py", line 42, in wrapped_app
    await app(scope, receive, sender)
  File "/home/ubuntu/app/backend/venv/lib/python3.12/site-packages/fastapi/routing.py", line 137, in app
    response = await f(request)
               ^^^^^^^^^^^^^^^^
  File "/home/ubuntu/app/backend/venv/lib/python3.12/site-packages/fastapi/routing.py", line 691, in app
    raw_response = await run_endpoint_function(
                   ^^^^^^^^^^^^^^^^^^^^^^^^^^^^
  File "/home/ubuntu/app/backend/venv/lib/python3.12/site-packages/fastapi/routing.py", line 347, in run_endpoint_function
    return await run_in_threadpool(dependant.call, **values)
           ^^^^^^^^^^^^^^^^^^^^^^^^^^^^^^^^^^^^^^^^^^^^^^^^^
  File "/home/ubuntu/app/backend/venv/lib/python3.12/site-packages/starlette/concurrency.py", line 34, in run_in_threadpool
    return await anyio.to_thread.run_sync(func)
           ^^^^^^^^^^^^^^^^^^^^^^^^^^^^^^^^^^^^
  File "/home/ubuntu/app/backend/venv/lib/python3.12/site-packages/anyio/to_thread.py", line 65, in run_sync
    return await get_async_backend().run_sync_in_worker_thread(
           ^^^^^^^^^^^^^^^^^^^^^^^^^^^^^^^^^^^^^^^^^^^^^^^^^^^^
  File "/home/ubuntu/app/backend/venv/lib/python3.12/site-packages/anyio/_backends/_asyncio.py", line 2641, in run_sync_in_worker_thread
    return await future
           ^^^^^^^^^^^^
  File "/home/ubuntu/app/backend/venv/lib/python3.12/site-packages/anyio/_backends/_asyncio.py", line 1033, in run
    result = context.run(func, *args)
             ^^^^^^^^^^^^^^^^^^^^^^^^
  File "/home/ubuntu/app/backend/main.py", line 1591, in count_pending_approvals
    models.ApprovalRequest.user_id == user.id,
                                      ^^^^^^^
AttributeError: 'NoneType' object has no attribute 'id'
2026-08-28 14:00:34.517381 - GET /api/approvals/count - a3c34e52db87456488a3bf06145cf794 - 'NoneType' object has no attribute 'id'
Traceback (most recent call last):
  File "/home/ubuntu/app/backend/venv/lib/python3.12/site-packages/starlette/middleware/errors.py", line 164, in __call__
    await self.app(scope, receive, _send)
  File "/home/ubuntu/app/backend/venv/lib/python3.12/site-packages/starlette/middleware/cors.py", line 88, in __call__
    await self.app(scope, receive, send)
  File "/home/ubuntu/app/backend/venv/lib/python3.12/site-packages/starlette/middleware/exceptions.py", line 63, in __call__
    await wrap_app_handling_exceptions(self.app, conn)(scope, receive, send)
  File "/home/ubuntu/app/backend/venv/lib/python3.12/site-packages/starlette/_exception_handler.py", line 53, in wrapped_app
    raise exc
  File "/home/ubuntu/app/backend/venv/lib/python3.12/site-packages/starlette/_exception_handler.py", line 42, in wrapped_app
    await app(scope, receive, sender)
  File "/home/ubuntu/app/backend/venv/lib/python3.12/site-packages/fastapi/middleware/asyncexitstack.py", line 18, in __call__
    await self.app(scope, receive, send)
  File "/home/ubuntu/app/backend/venv/lib/python3.12/site-packages/starlette/routing.py", line 660, in __call__
    await self.middleware_stack(scope, receive, send)
  File "/home/ubuntu/app/backend/venv/lib/python3.12/site-packages/fastapi/routing.py", line 2685, in app
    await route.handle(scope, receive, send)
  File "/home/ubuntu/app/backend/venv/lib/python3.12/site-packages/fastapi/routing.py", line 1267, in handle
    await super().handle(scope, receive, send)
  File "/home/ubuntu/app/backend/venv/lib/python3.12/site-packages/starlette/routing.py", line 276, in handle
    await self.app(scope, receive, send)
  File "/home/ubuntu/app/backend/venv/lib/python3.12/site-packages/fastapi/routing.py", line 151, in app
    await wrap_app_handling_exceptions(app, request)(scope, receive, send)
  File "/home/ubuntu/app/backend/venv/lib/python3.12/site-packages/starlette/_exception_handler.py", line 53, in wrapped_app
    raise exc
  File "/home/ubuntu/app/backend/venv/lib/python3.12/site-packages/starlette/_exception_handler.py", line 42, in wrapped_app
    await app(scope, receive, sender)
  File "/home/ubuntu/app/backend/venv/lib/python3.12/site-packages/fastapi/routing.py", line 137, in app
    response = await f(request)
               ^^^^^^^^^^^^^^^^
  File "/home/ubuntu/app/backend/venv/lib/python3.12/site-packages/fastapi/routing.py", line 691, in app
    raw_response = await run_endpoint_function(
                   ^^^^^^^^^^^^^^^^^^^^^^^^^^^^
  File "/home/ubuntu/app/backend/venv/lib/python3.12/site-packages/fastapi/routing.py", line 347, in run_endpoint_function
    return await run_in_threadpool(dependant.call, **values)
           ^^^^^^^^^^^^^^^^^^^^^^^^^^^^^^^^^^^^^^^^^^^^^^^^^
  File "/home/ubuntu/app/backend/venv/lib/python3.12/site-packages/starlette/concurrency.py", line 34, in run_in_threadpool
    return await anyio.to_thread.run_sync(func)
           ^^^^^^^^^^^^^^^^^^^^^^^^^^^^^^^^^^^^
  File "/home/ubuntu/app/backend/venv/lib/python3.12/site-packages/anyio/to_thread.py", line 65, in run_sync
    return await get_async_backend().run_sync_in_worker_thread(
           ^^^^^^^^^^^^^^^^^^^^^^^^^^^^^^^^^^^^^^^^^^^^^^^^^^^^
  File "/home/ubuntu/app/backend/venv/lib/python3.12/site-packages/anyio/_backends/_asyncio.py", line 2641, in run_sync_in_worker_thread
    return await future
           ^^^^^^^^^^^^
  File "/home/ubuntu/app/backend/venv/lib/python3.12/site-packages/anyio/_backends/_asyncio.py", line 1033, in run
    result = context.run(func, *args)
             ^^^^^^^^^^^^^^^^^^^^^^^^
  File "/home/ubuntu/app/backend/main.py", line 1591, in count_pending_approvals
    models.ApprovalRequest.user_id == user.id,
                                      ^^^^^^^
AttributeError: 'NoneType' object has no attribute 'id'
2026-08-28 14:00:35.531741 - GET /api/approvals/count - 4f0184aee2314c4e84732168d0e12298 - 'NoneType' object has no attribute 'id'
Traceback (most recent call last):
  File "/home/ubuntu/app/backend/venv/lib/python3.12/site-packages/starlette/middleware/errors.py", line 164, in __call__
    await self.app(scope, receive, _send)
  File "/home/ubuntu/app/backend/venv/lib/python3.12/site-packages/starlette/middleware/cors.py", line 88, in __call__
    await self.app(scope, receive, send)
  File "/home/ubuntu/app/backend/venv/lib/python3.12/site-packages/starlette/middleware/exceptions.py", line 63, in __call__
    await wrap_app_handling_exceptions(self.app, conn)(scope, receive, send)
  File "/home/ubuntu/app/backend/venv/lib/python3.12/site-packages/starlette/_exception_handler.py", line 53, in wrapped_app
    raise exc
  File "/home/ubuntu/app/backend/venv/lib/python3.12/site-packages/starlette/_exception_handler.py", line 42, in wrapped_app
    await app(scope, receive, sender)
  File "/home/ubuntu/app/backend/venv/lib/python3.12/site-packages/fastapi/middleware/asyncexitstack.py", line 18, in __call__
    await self.app(scope, receive, send)
  File "/home/ubuntu/app/backend/venv/lib/python3.12/site-packages/starlette/routing.py", line 660, in __call__
    await self.middleware_stack(scope, receive, send)
  File "/home/ubuntu/app/backend/venv/lib/python3.12/site-packages/fastapi/routing.py", line 2685, in app
    await route.handle(scope, receive, send)
  File "/home/ubuntu/app/backend/venv/lib/python3.12/site-packages/fastapi/routing.py", line 1267, in handle
    await super().handle(scope, receive, send)
  File "/home/ubuntu/app/backend/venv/lib/python3.12/site-packages/starlette/routing.py", line 276, in handle
    await self.app(scope, receive, send)
  File "/home/ubuntu/app/backend/venv/lib/python3.12/site-packages/fastapi/routing.py", line 151, in app
    await wrap_app_handling_exceptions(app, request)(scope, receive, send)
  File "/home/ubuntu/app/backend/venv/lib/python3.12/site-packages/starlette/_exception_handler.py", line 53, in wrapped_app
    raise exc
  File "/home/ubuntu/app/backend/venv/lib/python3.12/site-packages/starlette/_exception_handler.py", line 42, in wrapped_app
    await app(scope, receive, sender)
  File "/home/ubuntu/app/backend/venv/lib/python3.12/site-packages/fastapi/routing.py", line 137, in app
    response = await f(request)
               ^^^^^^^^^^^^^^^^
  File "/home/ubuntu/app/backend/venv/lib/python3.12/site-packages/fastapi/routing.py", line 691, in app
    raw_response = await run_endpoint_function(
                   ^^^^^^^^^^^^^^^^^^^^^^^^^^^^
  File "/home/ubuntu/app/backend/venv/lib/python3.12/site-packages/fastapi/routing.py", line 347, in run_endpoint_function
    return await run_in_threadpool(dependant.call, **values)
           ^^^^^^^^^^^^^^^^^^^^^^^^^^^^^^^^^^^^^^^^^^^^^^^^^
  File "/home/ubuntu/app/backend/venv/lib/python3.12/site-packages/starlette/concurrency.py", line 34, in run_in_threadpool
    return await anyio.to_thread.run_sync(func)
           ^^^^^^^^^^^^^^^^^^^^^^^^^^^^^^^^^^^^
  File "/home/ubuntu/app/backend/venv/lib/python3.12/site-packages/anyio/to_thread.py", line 65, in run_sync
    return await get_async_backend().run_sync_in_worker_thread(
           ^^^^^^^^^^^^^^^^^^^^^^^^^^^^^^^^^^^^^^^^^^^^^^^^^^^^
  File "/home/ubuntu/app/backend/venv/lib/python3.12/site-packages/anyio/_backends/_asyncio.py", line 2641, in run_sync_in_worker_thread
    return await future
           ^^^^^^^^^^^^
  File "/home/ubuntu/app/backend/venv/lib/python3.12/site-packages/anyio/_backends/_asyncio.py", line 1033, in run
    result = context.run(func, *args)
             ^^^^^^^^^^^^^^^^^^^^^^^^
  File "/home/ubuntu/app/backend/main.py", line 1591, in count_pending_approvals
    models.ApprovalRequest.user_id == user.id,
                                      ^^^^^^^
AttributeError: 'NoneType' object has no attribute 'id'
2026-08-28 14:00:36.545340 - GET /api/approvals/count - f4b11615ce6b415cb1d4e7ef87b8211c - 'NoneType' object has no attribute 'id'
Traceback (most recent call last):
  File "/home/ubuntu/app/backend/venv/lib/python3.12/site-packages/starlette/middleware/errors.py", line 164, in __call__
    await self.app(scope, receive, _send)
  File "/home/ubuntu/app/backend/venv/lib/python3.12/site-packages/starlette/middleware/cors.py", line 88, in __call__
    await self.app(scope, receive, send)
  File "/home/ubuntu/app/backend/venv/lib/python3.12/site-packages/starlette/middleware/exceptions.py", line 63, in __call__
    await wrap_app_handling_exceptions(self.app, conn)(scope, receive, send)
  File "/home/ubuntu/app/backend/venv/lib/python3.12/site-packages/starlette/_exception_handler.py", line 53, in wrapped_app
    raise exc
  File "/home/ubuntu/app/backend/venv/lib/python3.12/site-packages/starlette/_exception_handler.py", line 42, in wrapped_app
    await app(scope, receive, sender)
  File "/home/ubuntu/app/backend/venv/lib/python3.12/site-packages/fastapi/middleware/asyncexitstack.py", line 18, in __call__
    await self.app(scope, receive, send)
  File "/home/ubuntu/app/backend/venv/lib/python3.12/site-packages/starlette/routing.py", line 660, in __call__
    await self.middleware_stack(scope, receive, send)
  File "/home/ubuntu/app/backend/venv/lib/python3.12/site-packages/fastapi/routing.py", line 2685, in app
    await route.handle(scope, receive, send)
  File "/home/ubuntu/app/backend/venv/lib/python3.12/site-packages/fastapi/routing.py", line 1267, in handle
    await super().handle(scope, receive, send)
  File "/home/ubuntu/app/backend/venv/lib/python3.12/site-packages/starlette/routing.py", line 276, in handle
    await self.app(scope, receive, send)
  File "/home/ubuntu/app/backend/venv/lib/python3.12/site-packages/fastapi/routing.py", line 151, in app
    await wrap_app_handling_exceptions(app, request)(scope, receive, send)
  File "/home/ubuntu/app/backend/venv/lib/python3.12/site-packages/starlette/_exception_handler.py", line 53, in wrapped_app
    raise exc
  File "/home/ubuntu/app/backend/venv/lib/python3.12/site-packages/starlette/_exception_handler.py", line 42, in wrapped_app
    await app(scope, receive, sender)
  File "/home/ubuntu/app/backend/venv/lib/python3.12/site-packages/fastapi/routing.py", line 137, in app
    response = await f(request)
               ^^^^^^^^^^^^^^^^
  File "/home/ubuntu/app/backend/venv/lib/python3.12/site-packages/fastapi/routing.py", line 691, in app
    raw_response = await run_endpoint_function(
                   ^^^^^^^^^^^^^^^^^^^^^^^^^^^^
  File "/home/ubuntu/app/backend/venv/lib/python3.12/site-packages/fastapi/routing.py", line 347, in run_endpoint_function
    return await run_in_threadpool(dependant.call, **values)
           ^^^^^^^^^^^^^^^^^^^^^^^^^^^^^^^^^^^^^^^^^^^^^^^^^
  File "/home/ubuntu/app/backend/venv/lib/python3.12/site-packages/starlette/concurrency.py", line 34, in run_in_threadpool
    return await anyio.to_thread.run_sync(func)
           ^^^^^^^^^^^^^^^^^^^^^^^^^^^^^^^^^^^^
  File "/home/ubuntu/app/backend/venv/lib/python3.12/site-packages/anyio/to_thread.py", line 65, in run_sync
    return await get_async_backend().run_sync_in_worker_thread(
           ^^^^^^^^^^^^^^^^^^^^^^^^^^^^^^^^^^^^^^^^^^^^^^^^^^^^
  File "/home/ubuntu/app/backend/venv/lib/python3.12/site-packages/anyio/_backends/_asyncio.py", line 2641, in run_sync_in_worker_thread
    return await future
           ^^^^^^^^^^^^
  File "/home/ubuntu/app/backend/venv/lib/python3.12/site-packages/anyio/_backends/_asyncio.py", line 1033, in run
    result = context.run(func, *args)
             ^^^^^^^^^^^^^^^^^^^^^^^^
  File "/home/ubuntu/app/backend/main.py", line 1591, in count_pending_approvals
    models.ApprovalRequest.user_id == user.id,
                                      ^^^^^^^
AttributeError: 'NoneType' object has no attribute 'id'
2026-08-28 14:00:37.558639 - GET /api/approvals/count - 3e8ad5d738be4e52afc6161a7695dfa2 - 'NoneType' object has no attribute 'id'
Traceback (most recent call last):
  File "/home/ubuntu/app/backend/venv/lib/python3.12/site-packages/starlette/middleware/errors.py", line 164, in __call__
    await self.app(scope, receive, _send)
  File "/home/ubuntu/app/backend/venv/lib/python3.12/site-packages/starlette/middleware/cors.py", line 88, in __call__
    await self.app(scope, receive, send)
  File "/home/ubuntu/app/backend/venv/lib/python3.12/site-packages/starlette/middleware/exceptions.py", line 63, in __call__
    await wrap_app_handling_exceptions(self.app, conn)(scope, receive, send)
  File "/home/ubuntu/app/backend/venv/lib/python3.12/site-packages/starlette/_exception_handler.py", line 53, in wrapped_app
    raise exc
  File "/home/ubuntu/app/backend/venv/lib/python3.12/site-packages/starlette/_exception_handler.py", line 42, in wrapped_app
    await app(scope, receive, sender)
  File "/home/ubuntu/app/backend/venv/lib/python3.12/site-packages/fastapi/middleware/asyncexitstack.py", line 18, in __call__
    await self.app(scope, receive, send)
  File "/home/ubuntu/app/backend/venv/lib/python3.12/site-packages/starlette/routing.py", line 660, in __call__
    await self.middleware_stack(scope, receive, send)
  File "/home/ubuntu/app/backend/venv/lib/python3.12/site-packages/fastapi/routing.py", line 2685, in app
    await route.handle(scope, receive, send)
  File "/home/ubuntu/app/backend/venv/lib/python3.12/site-packages/fastapi/routing.py", line 1267, in handle
    await super().handle(scope, receive, send)
  File "/home/ubuntu/app/backend/venv/lib/python3.12/site-packages/starlette/routing.py", line 276, in handle
    await self.app(scope, receive, send)
  File "/home/ubuntu/app/backend/venv/lib/python3.12/site-packages/fastapi/routing.py", line 151, in app
    await wrap_app_handling_exceptions(app, request)(scope, receive, send)
  File "/home/ubuntu/app/backend/venv/lib/python3.12/site-packages/starlette/_exception_handler.py", line 53, in wrapped_app
    raise exc
  File "/home/ubuntu/app/backend/venv/lib/python3.12/site-packages/starlette/_exception_handler.py", line 42, in wrapped_app
    await app(scope, receive, sender)
  File "/home/ubuntu/app/backend/venv/lib/python3.12/site-packages/fastapi/routing.py", line 137, in app
    response = await f(request)
               ^^^^^^^^^^^^^^^^
  File "/home/ubuntu/app/backend/venv/lib/python3.12/site-packages/fastapi/routing.py", line 691, in app
    raw_response = await run_endpoint_function(
                   ^^^^^^^^^^^^^^^^^^^^^^^^^^^^
  File "/home/ubuntu/app/backend/venv/lib/python3.12/site-packages/fastapi/routing.py", line 347, in run_endpoint_function
    return await run_in_threadpool(dependant.call, **values)
           ^^^^^^^^^^^^^^^^^^^^^^^^^^^^^^^^^^^^^^^^^^^^^^^^^
  File "/home/ubuntu/app/backend/venv/lib/python3.12/site-packages/starlette/concurrency.py", line 34, in run_in_threadpool
    return await anyio.to_thread.run_sync(func)
           ^^^^^^^^^^^^^^^^^^^^^^^^^^^^^^^^^^^^
  File "/home/ubuntu/app/backend/venv/lib/python3.12/site-packages/anyio/to_thread.py", line 65, in run_sync
    return await get_async_backend().run_sync_in_worker_thread(
           ^^^^^^^^^^^^^^^^^^^^^^^^^^^^^^^^^^^^^^^^^^^^^^^^^^^^
  File "/home/ubuntu/app/backend/venv/lib/python3.12/site-packages/anyio/_backends/_asyncio.py", line 2641, in run_sync_in_worker_thread
    return await future
           ^^^^^^^^^^^^
  File "/home/ubuntu/app/backend/venv/lib/python3.12/site-packages/anyio/_backends/_asyncio.py", line 1033, in run
    result = context.run(func, *args)
             ^^^^^^^^^^^^^^^^^^^^^^^^
  File "/home/ubuntu/app/backend/main.py", line 1591, in count_pending_approvals
    models.ApprovalRequest.user_id == user.id,
                                      ^^^^^^^
AttributeError: 'NoneType' object has no attribute 'id'
2026-08-28 14:00:38.571862 - GET /api/approvals/count - b4df3b1d27cf4363a3f8a73ba22f67a7 - 'NoneType' object has no attribute 'id'
Traceback (most recent call last):
  File "/home/ubuntu/app/backend/venv/lib/python3.12/site-packages/starlette/middleware/errors.py", line 164, in __call__
    await self.app(scope, receive, _send)
  File "/home/ubuntu/app/backend/venv/lib/python3.12/site-packages/starlette/middleware/cors.py", line 88, in __call__
    await self.app(scope, receive, send)
  File "/home/ubuntu/app/backend/venv/lib/python3.12/site-packages/starlette/middleware/exceptions.py", line 63, in __call__
    await wrap_app_handling_exceptions(self.app, conn)(scope, receive, send)
  File "/home/ubuntu/app/backend/venv/lib/python3.12/site-packages/starlette/_exception_handler.py", line 53, in wrapped_app
    raise exc
  File "/home/ubuntu/app/backend/venv/lib/python3.12/site-packages/starlette/_exception_handler.py", line 42, in wrapped_app
    await app(scope, receive, sender)
  File "/home/ubuntu/app/backend/venv/lib/python3.12/site-packages/fastapi/middleware/asyncexitstack.py", line 18, in __call__
    await self.app(scope, receive, send)
  File "/home/ubuntu/app/backend/venv/lib/python3.12/site-packages/starlette/routing.py", line 660, in __call__
    await self.middleware_stack(scope, receive, send)
  File "/home/ubuntu/app/backend/venv/lib/python3.12/site-packages/fastapi/routing.py", line 2685, in app
    await route.handle(scope, receive, send)
  File "/home/ubuntu/app/backend/venv/lib/python3.12/site-packages/fastapi/routing.py", line 1267, in handle
    await super().handle(scope, receive, send)
  File "/home/ubuntu/app/backend/venv/lib/python3.12/site-packages/starlette/routing.py", line 276, in handle
    await self.app(scope, receive, send)
  File "/home/ubuntu/app/backend/venv/lib/python3.12/site-packages/fastapi/routing.py", line 151, in app
    await wrap_app_handling_exceptions(app, request)(scope, receive, send)
  File "/home/ubuntu/app/backend/venv/lib/python3.12/site-packages/starlette/_exception_handler.py", line 53, in wrapped_app
    raise exc
  File "/home/ubuntu/app/backend/venv/lib/python3.12/site-packages/starlette/_exception_handler.py", line 42, in wrapped_app
    await app(scope, receive, sender)
  File "/home/ubuntu/app/backend/venv/lib/python3.12/site-packages/fastapi/routing.py", line 137, in app
    response = await f(request)
               ^^^^^^^^^^^^^^^^
  File "/home/ubuntu/app/backend/venv/lib/python3.12/site-packages/fastapi/routing.py", line 691, in app
    raw_response = await run_endpoint_function(
                   ^^^^^^^^^^^^^^^^^^^^^^^^^^^^
  File "/home/ubuntu/app/backend/venv/lib/python3.12/site-packages/fastapi/routing.py", line 347, in run_endpoint_function
    return await run_in_threadpool(dependant.call, **values)
           ^^^^^^^^^^^^^^^^^^^^^^^^^^^^^^^^^^^^^^^^^^^^^^^^^
  File "/home/ubuntu/app/backend/venv/lib/python3.12/site-packages/starlette/concurrency.py", line 34, in run_in_threadpool
    return await anyio.to_thread.run_sync(func)
           ^^^^^^^^^^^^^^^^^^^^^^^^^^^^^^^^^^^^
  File "/home/ubuntu/app/backend/venv/lib/python3.12/site-packages/anyio/to_thread.py", line 65, in run_sync
    return await get_async_backend().run_sync_in_worker_thread(
           ^^^^^^^^^^^^^^^^^^^^^^^^^^^^^^^^^^^^^^^^^^^^^^^^^^^^
  File "/home/ubuntu/app/backend/venv/lib/python3.12/site-packages/anyio/_backends/_asyncio.py", line 2641, in run_sync_in_worker_thread
    return await future
           ^^^^^^^^^^^^
  File "/home/ubuntu/app/backend/venv/lib/python3.12/site-packages/anyio/_backends/_asyncio.py", line 1033, in run
    result = context.run(func, *args)
             ^^^^^^^^^^^^^^^^^^^^^^^^
  File "/home/ubuntu/app/backend/main.py", line 1591, in count_pending_approvals
    models.ApprovalRequest.user_id == user.id,
                                      ^^^^^^^
AttributeError: 'NoneType' object has no attribute 'id'
2026-08-28 14:00:39.585295 - GET /api/approvals/count - 145cf53180594f68b6c91e16d3a0f84b - 'NoneType' object has no attribute 'id'
Traceback (most recent call last):
  File "/home/ubuntu/app/backend/venv/lib/python3.12/site-packages/starlette/middleware/errors.py", line 164, in __call__
    await self.app(scope, receive, _send)
  File "/home/ubuntu/app/backend/venv/lib/python3.12/site-packages/starlette/middleware/cors.py", line 88, in __call__
    await self.app(scope, receive, send)
  File "/home/ubuntu/app/backend/venv/lib/python3.12/site-packages/starlette/middleware/exceptions.py", line 63, in __call__
    await wrap_app_handling_exceptions(self.app, conn)(scope, receive, send)
  File "/home/ubuntu/app/backend/venv/lib/python3.12/site-packages/starlette/_exception_handler.py", line 53, in wrapped_app
    raise exc
  File "/home/ubuntu/app/backend/venv/lib/python3.12/site-packages/starlette/_exception_handler.py", line 42, in wrapped_app
    await app(scope, receive, sender)
  File "/home/ubuntu/app/backend/venv/lib/python3.12/site-packages/fastapi/middleware/asyncexitstack.py", line 18, in __call__
    await self.app(scope, receive, send)
  File "/home/ubuntu/app/backend/venv/lib/python3.12/site-packages/starlette/routing.py", line 660, in __call__
    await self.middleware_stack(scope, receive, send)
  File "/home/ubuntu/app/backend/venv/lib/python3.12/site-packages/fastapi/routing.py", line 2685, in app
    await route.handle(scope, receive, send)
  File "/home/ubuntu/app/backend/venv/lib/python3.12/site-packages/fastapi/routing.py", line 1267, in handle
    await super().handle(scope, receive, send)
  File "/home/ubuntu/app/backend/venv/lib/python3.12/site-packages/starlette/routing.py", line 276, in handle
    await self.app(scope, receive, send)
  File "/home/ubuntu/app/backend/venv/lib/python3.12/site-packages/fastapi/routing.py", line 151, in app
    await wrap_app_handling_exceptions(app, request)(scope, receive, send)
  File "/home/ubuntu/app/backend/venv/lib/python3.12/site-packages/starlette/_exception_handler.py", line 53, in wrapped_app
    raise exc
  File "/home/ubuntu/app/backend/venv/lib/python3.12/site-packages/starlette/_exception_handler.py", line 42, in wrapped_app
    await app(scope, receive, sender)
  File "/home/ubuntu/app/backend/venv/lib/python3.12/site-packages/fastapi/routing.py", line 137, in app
    response = await f(request)
               ^^^^^^^^^^^^^^^^
  File "/home/ubuntu/app/backend/venv/lib/python3.12/site-packages/fastapi/routing.py", line 691, in app
    raw_response = await run_endpoint_function(
                   ^^^^^^^^^^^^^^^^^^^^^^^^^^^^
  File "/home/ubuntu/app/backend/venv/lib/python3.12/site-packages/fastapi/routing.py", line 347, in run_endpoint_function
    return await run_in_threadpool(dependant.call, **values)
           ^^^^^^^^^^^^^^^^^^^^^^^^^^^^^^^^^^^^^^^^^^^^^^^^^
  File "/home/ubuntu/app/backend/venv/lib/python3.12/site-packages/starlette/concurrency.py", line 34, in run_in_threadpool
    return await anyio.to_thread.run_sync(func)
           ^^^^^^^^^^^^^^^^^^^^^^^^^^^^^^^^^^^^
  File "/home/ubuntu/app/backend/venv/lib/python3.12/site-packages/anyio/to_thread.py", line 65, in run_sync
    return await get_async_backend().run_sync_in_worker_thread(
           ^^^^^^^^^^^^^^^^^^^^^^^^^^^^^^^^^^^^^^^^^^^^^^^^^^^^
  File "/home/ubuntu/app/backend/venv/lib/python3.12/site-packages/anyio/_backends/_asyncio.py", line 2641, in run_sync_in_worker_thread
    return await future
           ^^^^^^^^^^^^
  File "/home/ubuntu/app/backend/venv/lib/python3.12/site-packages/anyio/_backends/_asyncio.py", line 1033, in run
    result = context.run(func, *args)
             ^^^^^^^^^^^^^^^^^^^^^^^^
  File "/home/ubuntu/app/backend/main.py", line 1591, in count_pending_approvals
    models.ApprovalRequest.user_id == user.id,
                                      ^^^^^^^
AttributeError: 'NoneType' object has no attribute 'id'
2026-08-28 14:00:40.599601 - GET /api/approvals/count - b204aac4fe17456bbc04ec113dec515a - 'NoneType' object has no attribute 'id'
Traceback (most recent call last):
  File "/home/ubuntu/app/backend/venv/lib/python3.12/site-packages/starlette/middleware/errors.py", line 164, in __call__
    await self.app(scope, receive, _send)
  File "/home/ubuntu/app/backend/venv/lib/python3.12/site-packages/starlette/middleware/cors.py", line 88, in __call__
    await self.app(scope, receive, send)
  File "/home/ubuntu/app/backend/venv/lib/python3.12/site-packages/starlette/middleware/exceptions.py", line 63, in __call__
    await wrap_app_handling_exceptions(self.app, conn)(scope, receive, send)
  File "/home/ubuntu/app/backend/venv/lib/python3.12/site-packages/starlette/_exception_handler.py", line 53, in wrapped_app
    raise exc
  File "/home/ubuntu/app/backend/venv/lib/python3.12/site-packages/starlette/_exception_handler.py", line 42, in wrapped_app
    await app(scope, receive, sender)
  File "/home/ubuntu/app/backend/venv/lib/python3.12/site-packages/fastapi/middleware/asyncexitstack.py", line 18, in __call__
    await self.app(scope, receive, send)
  File "/home/ubuntu/app/backend/venv/lib/python3.12/site-packages/starlette/routing.py", line 660, in __call__
    await self.middleware_stack(scope, receive, send)
  File "/home/ubuntu/app/backend/venv/lib/python3.12/site-packages/fastapi/routing.py", line 2685, in app
    await route.handle(scope, receive, send)
  File "/home/ubuntu/app/backend/venv/lib/python3.12/site-packages/fastapi/routing.py", line 1267, in handle
    await super().handle(scope, receive, send)
  File "/home/ubuntu/app/backend/venv/lib/python3.12/site-packages/starlette/routing.py", line 276, in handle
    await self.app(scope, receive, send)
  File "/home/ubuntu/app/backend/venv/lib/python3.12/site-packages/fastapi/routing.py", line 151, in app
    await wrap_app_handling_exceptions(app, request)(scope, receive, send)
  File "/home/ubuntu/app/backend/venv/lib/python3.12/site-packages/starlette/_exception_handler.py", line 53, in wrapped_app
    raise exc
  File "/home/ubuntu/app/backend/venv/lib/python3.12/site-packages/starlette/_exception_handler.py", line 42, in wrapped_app
    await app(scope, receive, sender)
  File "/home/ubuntu/app/backend/venv/lib/python3.12/site-packages/fastapi/routing.py", line 137, in app
    response = await f(request)
               ^^^^^^^^^^^^^^^^
  File "/home/ubuntu/app/backend/venv/lib/python3.12/site-packages/fastapi/routing.py", line 691, in app
    raw_response = await run_endpoint_function(
                   ^^^^^^^^^^^^^^^^^^^^^^^^^^^^
  File "/home/ubuntu/app/backend/venv/lib/python3.12/site-packages/fastapi/routing.py", line 347, in run_endpoint_function
    return await run_in_threadpool(dependant.call, **values)
           ^^^^^^^^^^^^^^^^^^^^^^^^^^^^^^^^^^^^^^^^^^^^^^^^^
  File "/home/ubuntu/app/backend/venv/lib/python3.12/site-packages/starlette/concurrency.py", line 34, in run_in_threadpool
    return await anyio.to_thread.run_sync(func)
           ^^^^^^^^^^^^^^^^^^^^^^^^^^^^^^^^^^^^
  File "/home/ubuntu/app/backend/venv/lib/python3.12/site-packages/anyio/to_thread.py", line 65, in run_sync
    return await get_async_backend().run_sync_in_worker_thread(
           ^^^^^^^^^^^^^^^^^^^^^^^^^^^^^^^^^^^^^^^^^^^^^^^^^^^^
  File "/home/ubuntu/app/backend/venv/lib/python3.12/site-packages/anyio/_backends/_asyncio.py", line 2641, in run_sync_in_worker_thread
    return await future
           ^^^^^^^^^^^^
  File "/home/ubuntu/app/backend/venv/lib/python3.12/site-packages/anyio/_backends/_asyncio.py", line 1033, in run
    result = context.run(func, *args)
             ^^^^^^^^^^^^^^^^^^^^^^^^
  File "/home/ubuntu/app/backend/main.py", line 1591, in count_pending_approvals
    models.ApprovalRequest.user_id == user.id,
                                      ^^^^^^^
AttributeError: 'NoneType' object has no attribute 'id'
2026-08-28 14:00:41.613330 - GET /api/approvals/count - 1dc6fc46dfa842749a974050e1f9c3bc - 'NoneType' object has no attribute 'id'
Traceback (most recent call last):
  File "/home/ubuntu/app/backend/venv/lib/python3.12/site-packages/starlette/middleware/errors.py", line 164, in __call__
    await self.app(scope, receive, _send)
  File "/home/ubuntu/app/backend/venv/lib/python3.12/site-packages/starlette/middleware/cors.py", line 88, in __call__
    await self.app(scope, receive, send)
  File "/home/ubuntu/app/backend/venv/lib/python3.12/site-packages/starlette/middleware/exceptions.py", line 63, in __call__
    await wrap_app_handling_exceptions(self.app, conn)(scope, receive, send)
  File "/home/ubuntu/app/backend/venv/lib/python3.12/site-packages/starlette/_exception_handler.py", line 53, in wrapped_app
    raise exc
  File "/home/ubuntu/app/backend/venv/lib/python3.12/site-packages/starlette/_exception_handler.py", line 42, in wrapped_app
    await app(scope, receive, sender)
  File "/home/ubuntu/app/backend/venv/lib/python3.12/site-packages/fastapi/middleware/asyncexitstack.py", line 18, in __call__
    await self.app(scope, receive, send)
  File "/home/ubuntu/app/backend/venv/lib/python3.12/site-packages/starlette/routing.py", line 660, in __call__
    await self.middleware_stack(scope, receive, send)
  File "/home/ubuntu/app/backend/venv/lib/python3.12/site-packages/fastapi/routing.py", line 2685, in app
    await route.handle(scope, receive, send)
  File "/home/ubuntu/app/backend/venv/lib/python3.12/site-packages/fastapi/routing.py", line 1267, in handle
    await super().handle(scope, receive, send)
  File "/home/ubuntu/app/backend/venv/lib/python3.12/site-packages/starlette/routing.py", line 276, in handle
    await self.app(scope, receive, send)
  File "/home/ubuntu/app/backend/venv/lib/python3.12/site-packages/fastapi/routing.py", line 151, in app
    await wrap_app_handling_exceptions(app, request)(scope, receive, send)
  File "/home/ubuntu/app/backend/venv/lib/python3.12/site-packages/starlette/_exception_handler.py", line 53, in wrapped_app
    raise exc
  File "/home/ubuntu/app/backend/venv/lib/python3.12/site-packages/starlette/_exception_handler.py", line 42, in wrapped_app
    await app(scope, receive, sender)
  File "/home/ubuntu/app/backend/venv/lib/python3.12/site-packages/fastapi/routing.py", line 137, in app
    response = await f(request)
               ^^^^^^^^^^^^^^^^
  File "/home/ubuntu/app/backend/venv/lib/python3.12/site-packages/fastapi/routing.py", line 691, in app
    raw_response = await run_endpoint_function(
                   ^^^^^^^^^^^^^^^^^^^^^^^^^^^^
  File "/home/ubuntu/app/backend/venv/lib/python3.12/site-packages/fastapi/routing.py", line 347, in run_endpoint_function
    return await run_in_threadpool(dependant.call, **values)
           ^^^^^^^^^^^^^^^^^^^^^^^^^^^^^^^^^^^^^^^^^^^^^^^^^
  File "/home/ubuntu/app/backend/venv/lib/python3.12/site-packages/starlette/concurrency.py", line 34, in run_in_threadpool
    return await anyio.to_thread.run_sync(func)
           ^^^^^^^^^^^^^^^^^^^^^^^^^^^^^^^^^^^^
  File "/home/ubuntu/app/backend/venv/lib/python3.12/site-packages/anyio/to_thread.py", line 65, in run_sync
    return await get_async_backend().run_sync_in_worker_thread(
           ^^^^^^^^^^^^^^^^^^^^^^^^^^^^^^^^^^^^^^^^^^^^^^^^^^^^
  File "/home/ubuntu/app/backend/venv/lib/python3.12/site-packages/anyio/_backends/_asyncio.py", line 2641, in run_sync_in_worker_thread
    return await future
           ^^^^^^^^^^^^
  File "/home/ubuntu/app/backend/venv/lib/python3.12/site-packages/anyio/_backends/_asyncio.py", line 1033, in run
    result = context.run(func, *args)
             ^^^^^^^^^^^^^^^^^^^^^^^^
  File "/home/ubuntu/app/backend/main.py", line 1591, in count_pending_approvals
    models.ApprovalRequest.user_id == user.id,
                                      ^^^^^^^
AttributeError: 'NoneType' object has no attribute 'id'
2026-08-28 14:00:42.626408 - GET /api/approvals/count - 50448b424a53495aa8a3df50f713f612 - 'NoneType' object has no attribute 'id'
Traceback (most recent call last):
  File "/home/ubuntu/app/backend/venv/lib/python3.12/site-packages/starlette/middleware/errors.py", line 164, in __call__
    await self.app(scope, receive, _send)
  File "/home/ubuntu/app/backend/venv/lib/python3.12/site-packages/starlette/middleware/cors.py", line 88, in __call__
    await self.app(scope, receive, send)
  File "/home/ubuntu/app/backend/venv/lib/python3.12/site-packages/starlette/middleware/exceptions.py", line 63, in __call__
    await wrap_app_handling_exceptions(self.app, conn)(scope, receive, send)
  File "/home/ubuntu/app/backend/venv/lib/python3.12/site-packages/starlette/_exception_handler.py", line 53, in wrapped_app
    raise exc
  File "/home/ubuntu/app/backend/venv/lib/python3.12/site-packages/starlette/_exception_handler.py", line 42, in wrapped_app
    await app(scope, receive, sender)
  File "/home/ubuntu/app/backend/venv/lib/python3.12/site-packages/fastapi/middleware/asyncexitstack.py", line 18, in __call__
    await self.app(scope, receive, send)
  File "/home/ubuntu/app/backend/venv/lib/python3.12/site-packages/starlette/routing.py", line 660, in __call__
    await self.middleware_stack(scope, receive, send)
  File "/home/ubuntu/app/backend/venv/lib/python3.12/site-packages/fastapi/routing.py", line 2685, in app
    await route.handle(scope, receive, send)
  File "/home/ubuntu/app/backend/venv/lib/python3.12/site-packages/fastapi/routing.py", line 1267, in handle
    await super().handle(scope, receive, send)
  File "/home/ubuntu/app/backend/venv/lib/python3.12/site-packages/starlette/routing.py", line 276, in handle
    await self.app(scope, receive, send)
  File "/home/ubuntu/app/backend/venv/lib/python3.12/site-packages/fastapi/routing.py", line 151, in app
    await wrap_app_handling_exceptions(app, request)(scope, receive, send)
  File "/home/ubuntu/app/backend/venv/lib/python3.12/site-packages/starlette/_exception_handler.py", line 53, in wrapped_app
    raise exc
  File "/home/ubuntu/app/backend/venv/lib/python3.12/site-packages/starlette/_exception_handler.py", line 42, in wrapped_app
    await app(scope, receive, sender)
  File "/home/ubuntu/app/backend/venv/lib/python3.12/site-packages/fastapi/routing.py", line 137, in app
    response = await f(request)
               ^^^^^^^^^^^^^^^^
  File "/home/ubuntu/app/backend/venv/lib/python3.12/site-packages/fastapi/routing.py", line 691, in app
    raw_response = await run_endpoint_function(
                   ^^^^^^^^^^^^^^^^^^^^^^^^^^^^
  File "/home/ubuntu/app/backend/venv/lib/python3.12/site-packages/fastapi/routing.py", line 347, in run_endpoint_function
    return await run_in_threadpool(dependant.call, **values)
           ^^^^^^^^^^^^^^^^^^^^^^^^^^^^^^^^^^^^^^^^^^^^^^^^^
  File "/home/ubuntu/app/backend/venv/lib/python3.12/site-packages/starlette/concurrency.py", line 34, in run_in_threadpool
    return await anyio.to_thread.run_sync(func)
           ^^^^^^^^^^^^^^^^^^^^^^^^^^^^^^^^^^^^
  File "/home/ubuntu/app/backend/venv/lib/python3.12/site-packages/anyio/to_thread.py", line 65, in run_sync
    return await get_async_backend().run_sync_in_worker_thread(
           ^^^^^^^^^^^^^^^^^^^^^^^^^^^^^^^^^^^^^^^^^^^^^^^^^^^^
  File "/home/ubuntu/app/backend/venv/lib/python3.12/site-packages/anyio/_backends/_asyncio.py", line 2641, in run_sync_in_worker_thread
    return await future
           ^^^^^^^^^^^^
  File "/home/ubuntu/app/backend/venv/lib/python3.12/site-packages/anyio/_backends/_asyncio.py", line 1033, in run
    result = context.run(func, *args)
             ^^^^^^^^^^^^^^^^^^^^^^^^
  File "/home/ubuntu/app/backend/main.py", line 1591, in count_pending_approvals
    models.ApprovalRequest.user_id == user.id,
                                      ^^^^^^^
AttributeError: 'NoneType' object has no attribute 'id'
2026-08-28 14:00:43.639643 - GET /api/approvals/count - e9810f83add043aa8a347d08b0646ec8 - 'NoneType' object has no attribute 'id'
Traceback (most recent call last):
  File "/home/ubuntu/app/backend/venv/lib/python3.12/site-packages/starlette/middleware/errors.py", line 164, in __call__
    await self.app(scope, receive, _send)
  File "/home/ubuntu/app/backend/venv/lib/python3.12/site-packages/starlette/middleware/cors.py", line 88, in __call__
    await self.app(scope, receive, send)
  File "/home/ubuntu/app/backend/venv/lib/python3.12/site-packages/starlette/middleware/exceptions.py", line 63, in __call__
    await wrap_app_handling_exceptions(self.app, conn)(scope, receive, send)
  File "/home/ubuntu/app/backend/venv/lib/python3.12/site-packages/starlette/_exception_handler.py", line 53, in wrapped_app
    raise exc
  File "/home/ubuntu/app/backend/venv/lib/python3.12/site-packages/starlette/_exception_handler.py", line 42, in wrapped_app
    await app(scope, receive, sender)
  File "/home/ubuntu/app/backend/venv/lib/python3.12/site-packages/fastapi/middleware/asyncexitstack.py", line 18, in __call__
    await self.app(scope, receive, send)
  File "/home/ubuntu/app/backend/venv/lib/python3.12/site-packages/starlette/routing.py", line 660, in __call__
    await self.middleware_stack(scope, receive, send)
  File "/home/ubuntu/app/backend/venv/lib/python3.12/site-packages/fastapi/routing.py", line 2685, in app
    await route.handle(scope, receive, send)
  File "/home/ubuntu/app/backend/venv/lib/python3.12/site-packages/fastapi/routing.py", line 1267, in handle
    await super().handle(scope, receive, send)
  File "/home/ubuntu/app/backend/venv/lib/python3.12/site-packages/starlette/routing.py", line 276, in handle
    await self.app(scope, receive, send)
  File "/home/ubuntu/app/backend/venv/lib/python3.12/site-packages/fastapi/routing.py", line 151, in app
    await wrap_app_handling_exceptions(app, request)(scope, receive, send)
  File "/home/ubuntu/app/backend/venv/lib/python3.12/site-packages/starlette/_exception_handler.py", line 53, in wrapped_app
    raise exc
  File "/home/ubuntu/app/backend/venv/lib/python3.12/site-packages/starlette/_exception_handler.py", line 42, in wrapped_app
    await app(scope, receive, sender)
  File "/home/ubuntu/app/backend/venv/lib/python3.12/site-packages/fastapi/routing.py", line 137, in app
    response = await f(request)
               ^^^^^^^^^^^^^^^^
  File "/home/ubuntu/app/backend/venv/lib/python3.12/site-packages/fastapi/routing.py", line 691, in app
    raw_response = await run_endpoint_function(
                   ^^^^^^^^^^^^^^^^^^^^^^^^^^^^
  File "/home/ubuntu/app/backend/venv/lib/python3.12/site-packages/fastapi/routing.py", line 347, in run_endpoint_function
    return await run_in_threadpool(dependant.call, **values)
           ^^^^^^^^^^^^^^^^^^^^^^^^^^^^^^^^^^^^^^^^^^^^^^^^^
  File "/home/ubuntu/app/backend/venv/lib/python3.12/site-packages/starlette/concurrency.py", line 34, in run_in_threadpool
    return await anyio.to_thread.run_sync(func)
           ^^^^^^^^^^^^^^^^^^^^^^^^^^^^^^^^^^^^
  File "/home/ubuntu/app/backend/venv/lib/python3.12/site-packages/anyio/to_thread.py", line 65, in run_sync
    return await get_async_backend().run_sync_in_worker_thread(
           ^^^^^^^^^^^^^^^^^^^^^^^^^^^^^^^^^^^^^^^^^^^^^^^^^^^^
  File "/home/ubuntu/app/backend/venv/lib/python3.12/site-packages/anyio/_backends/_asyncio.py", line 2641, in run_sync_in_worker_thread
    return await future
           ^^^^^^^^^^^^
  File "/home/ubuntu/app/backend/venv/lib/python3.12/site-packages/anyio/_backends/_asyncio.py", line 1033, in run
    result = context.run(func, *args)
             ^^^^^^^^^^^^^^^^^^^^^^^^
  File "/home/ubuntu/app/backend/main.py", line 1591, in count_pending_approvals
    models.ApprovalRequest.user_id == user.id,
                                      ^^^^^^^
AttributeError: 'NoneType' object has no attribute 'id'
2026-08-28 14:00:44.653549 - GET /api/approvals/count - 0e89e75e6ad4426b8f1eaf4132669db8 - 'NoneType' object has no attribute 'id'
Traceback (most recent call last):
  File "/home/ubuntu/app/backend/venv/lib/python3.12/site-packages/starlette/middleware/errors.py", line 164, in __call__
    await self.app(scope, receive, _send)
  File "/home/ubuntu/app/backend/venv/lib/python3.12/site-packages/starlette/middleware/cors.py", line 88, in __call__
    await self.app(scope, receive, send)
  File "/home/ubuntu/app/backend/venv/lib/python3.12/site-packages/starlette/middleware/exceptions.py", line 63, in __call__
    await wrap_app_handling_exceptions(self.app, conn)(scope, receive, send)
  File "/home/ubuntu/app/backend/venv/lib/python3.12/site-packages/starlette/_exception_handler.py", line 53, in wrapped_app
    raise exc
  File "/home/ubuntu/app/backend/venv/lib/python3.12/site-packages/starlette/_exception_handler.py", line 42, in wrapped_app
    await app(scope, receive, sender)
  File "/home/ubuntu/app/backend/venv/lib/python3.12/site-packages/fastapi/middleware/asyncexitstack.py", line 18, in __call__
    await self.app(scope, receive, send)
  File "/home/ubuntu/app/backend/venv/lib/python3.12/site-packages/starlette/routing.py", line 660, in __call__
    await self.middleware_stack(scope, receive, send)
  File "/home/ubuntu/app/backend/venv/lib/python3.12/site-packages/fastapi/routing.py", line 2685, in app
    await route.handle(scope, receive, send)
  File "/home/ubuntu/app/backend/venv/lib/python3.12/site-packages/fastapi/routing.py", line 1267, in handle
    await super().handle(scope, receive, send)
  File "/home/ubuntu/app/backend/venv/lib/python3.12/site-packages/starlette/routing.py", line 276, in handle
    await self.app(scope, receive, send)
  File "/home/ubuntu/app/backend/venv/lib/python3.12/site-packages/fastapi/routing.py", line 151, in app
    await wrap_app_handling_exceptions(app, request)(scope, receive, send)
  File "/home/ubuntu/app/backend/venv/lib/python3.12/site-packages/starlette/_exception_handler.py", line 53, in wrapped_app
    raise exc
  File "/home/ubuntu/app/backend/venv/lib/python3.12/site-packages/starlette/_exception_handler.py", line 42, in wrapped_app
    await app(scope, receive, sender)
  File "/home/ubuntu/app/backend/venv/lib/python3.12/site-packages/fastapi/routing.py", line 137, in app
    response = await f(request)
               ^^^^^^^^^^^^^^^^
  File "/home/ubuntu/app/backend/venv/lib/python3.12/site-packages/fastapi/routing.py", line 691, in app
    raw_response = await run_endpoint_function(
                   ^^^^^^^^^^^^^^^^^^^^^^^^^^^^
  File "/home/ubuntu/app/backend/venv/lib/python3.12/site-packages/fastapi/routing.py", line 347, in run_endpoint_function
    return await run_in_threadpool(dependant.call, **values)
           ^^^^^^^^^^^^^^^^^^^^^^^^^^^^^^^^^^^^^^^^^^^^^^^^^
  File "/home/ubuntu/app/backend/venv/lib/python3.12/site-packages/starlette/concurrency.py", line 34, in run_in_threadpool
    return await anyio.to_thread.run_sync(func)
           ^^^^^^^^^^^^^^^^^^^^^^^^^^^^^^^^^^^^
  File "/home/ubuntu/app/backend/venv/lib/python3.12/site-packages/anyio/to_thread.py", line 65, in run_sync
    return await get_async_backend().run_sync_in_worker_thread(
           ^^^^^^^^^^^^^^^^^^^^^^^^^^^^^^^^^^^^^^^^^^^^^^^^^^^^
  File "/home/ubuntu/app/backend/venv/lib/python3.12/site-packages/anyio/_backends/_asyncio.py", line 2641, in run_sync_in_worker_thread
    return await future
           ^^^^^^^^^^^^
  File "/home/ubuntu/app/backend/venv/lib/python3.12/site-packages/anyio/_backends/_asyncio.py", line 1033, in run
    result = context.run(func, *args)
             ^^^^^^^^^^^^^^^^^^^^^^^^
  File "/home/ubuntu/app/backend/main.py", line 1591, in count_pending_approvals
    models.ApprovalRequest.user_id == user.id,
                                      ^^^^^^^
AttributeError: 'NoneType' object has no attribute 'id'
2026-08-28 14:00:45.666815 - GET /api/approvals/count - 0819a704bbf54d6cbb969e900bb97a52 - 'NoneType' object has no attribute 'id'
Traceback (most recent call last):
  File "/home/ubuntu/app/backend/venv/lib/python3.12/site-packages/starlette/middleware/errors.py", line 164, in __call__
    await self.app(scope, receive, _send)
  File "/home/ubuntu/app/backend/venv/lib/python3.12/site-packages/starlette/middleware/cors.py", line 88, in __call__
    await self.app(scope, receive, send)
  File "/home/ubuntu/app/backend/venv/lib/python3.12/site-packages/starlette/middleware/exceptions.py", line 63, in __call__
    await wrap_app_handling_exceptions(self.app, conn)(scope, receive, send)
  File "/home/ubuntu/app/backend/venv/lib/python3.12/site-packages/starlette/_exception_handler.py", line 53, in wrapped_app
    raise exc
  File "/home/ubuntu/app/backend/venv/lib/python3.12/site-packages/starlette/_exception_handler.py", line 42, in wrapped_app
    await app(scope, receive, sender)
  File "/home/ubuntu/app/backend/venv/lib/python3.12/site-packages/fastapi/middleware/asyncexitstack.py", line 18, in __call__
    await self.app(scope, receive, send)
  File "/home/ubuntu/app/backend/venv/lib/python3.12/site-packages/starlette/routing.py", line 660, in __call__
    await self.middleware_stack(scope, receive, send)
  File "/home/ubuntu/app/backend/venv/lib/python3.12/site-packages/fastapi/routing.py", line 2685, in app
    await route.handle(scope, receive, send)
  File "/home/ubuntu/app/backend/venv/lib/python3.12/site-packages/fastapi/routing.py", line 1267, in handle
    await super().handle(scope, receive, send)
  File "/home/ubuntu/app/backend/venv/lib/python3.12/site-packages/starlette/routing.py", line 276, in handle
    await self.app(scope, receive, send)
  File "/home/ubuntu/app/backend/venv/lib/python3.12/site-packages/fastapi/routing.py", line 151, in app
    await wrap_app_handling_exceptions(app, request)(scope, receive, send)
  File "/home/ubuntu/app/backend/venv/lib/python3.12/site-packages/starlette/_exception_handler.py", line 53, in wrapped_app
    raise exc
  File "/home/ubuntu/app/backend/venv/lib/python3.12/site-packages/starlette/_exception_handler.py", line 42, in wrapped_app
    await app(scope, receive, sender)
  File "/home/ubuntu/app/backend/venv/lib/python3.12/site-packages/fastapi/routing.py", line 137, in app
    response = await f(request)
               ^^^^^^^^^^^^^^^^
  File "/home/ubuntu/app/backend/venv/lib/python3.12/site-packages/fastapi/routing.py", line 691, in app
    raw_response = await run_endpoint_function(
                   ^^^^^^^^^^^^^^^^^^^^^^^^^^^^
  File "/home/ubuntu/app/backend/venv/lib/python3.12/site-packages/fastapi/routing.py", line 347, in run_endpoint_function
    return await run_in_threadpool(dependant.call, **values)
           ^^^^^^^^^^^^^^^^^^^^^^^^^^^^^^^^^^^^^^^^^^^^^^^^^
  File "/home/ubuntu/app/backend/venv/lib/python3.12/site-packages/starlette/concurrency.py", line 34, in run_in_threadpool
    return await anyio.to_thread.run_sync(func)
           ^^^^^^^^^^^^^^^^^^^^^^^^^^^^^^^^^^^^
  File "/home/ubuntu/app/backend/venv/lib/python3.12/site-packages/anyio/to_thread.py", line 65, in run_sync
    return await get_async_backend().run_sync_in_worker_thread(
           ^^^^^^^^^^^^^^^^^^^^^^^^^^^^^^^^^^^^^^^^^^^^^^^^^^^^
  File "/home/ubuntu/app/backend/venv/lib/python3.12/site-packages/anyio/_backends/_asyncio.py", line 2641, in run_sync_in_worker_thread
    return await future
           ^^^^^^^^^^^^
  File "/home/ubuntu/app/backend/venv/lib/python3.12/site-packages/anyio/_backends/_asyncio.py", line 1033, in run
    result = context.run(func, *args)
             ^^^^^^^^^^^^^^^^^^^^^^^^
  File "/home/ubuntu/app/backend/main.py", line 1591, in count_pending_approvals
    models.ApprovalRequest.user_id == user.id,
                                      ^^^^^^^
AttributeError: 'NoneType' object has no attribute 'id'
2026-08-28 14:00:46.681131 - GET /api/approvals/count - 707591dc95124d389b2037ba9b737970 - 'NoneType' object has no attribute 'id'
Traceback (most recent call last):
  File "/home/ubuntu/app/backend/venv/lib/python3.12/site-packages/starlette/middleware/errors.py", line 164, in __call__
    await self.app(scope, receive, _send)
  File "/home/ubuntu/app/backend/venv/lib/python3.12/site-packages/starlette/middleware/cors.py", line 88, in __call__
    await self.app(scope, receive, send)
  File "/home/ubuntu/app/backend/venv/lib/python3.12/site-packages/starlette/middleware/exceptions.py", line 63, in __call__
    await wrap_app_handling_exceptions(self.app, conn)(scope, receive, send)
  File "/home/ubuntu/app/backend/venv/lib/python3.12/site-packages/starlette/_exception_handler.py", line 53, in wrapped_app
    raise exc
  File "/home/ubuntu/app/backend/venv/lib/python3.12/site-packages/starlette/_exception_handler.py", line 42, in wrapped_app
    await app(scope, receive, sender)
  File "/home/ubuntu/app/backend/venv/lib/python3.12/site-packages/fastapi/middleware/asyncexitstack.py", line 18, in __call__
    await self.app(scope, receive, send)
  File "/home/ubuntu/app/backend/venv/lib/python3.12/site-packages/starlette/routing.py", line 660, in __call__
    await self.middleware_stack(scope, receive, send)
  File "/home/ubuntu/app/backend/venv/lib/python3.12/site-packages/fastapi/routing.py", line 2685, in app
    await route.handle(scope, receive, send)
  File "/home/ubuntu/app/backend/venv/lib/python3.12/site-packages/fastapi/routing.py", line 1267, in handle
    await super().handle(scope, receive, send)
  File "/home/ubuntu/app/backend/venv/lib/python3.12/site-packages/starlette/routing.py", line 276, in handle
    await self.app(scope, receive, send)
  File "/home/ubuntu/app/backend/venv/lib/python3.12/site-packages/fastapi/routing.py", line 151, in app
    await wrap_app_handling_exceptions(app, request)(scope, receive, send)
  File "/home/ubuntu/app/backend/venv/lib/python3.12/site-packages/starlette/_exception_handler.py", line 53, in wrapped_app
    raise exc
  File "/home/ubuntu/app/backend/venv/lib/python3.12/site-packages/starlette/_exception_handler.py", line 42, in wrapped_app
    await app(scope, receive, sender)
  File "/home/ubuntu/app/backend/venv/lib/python3.12/site-packages/fastapi/routing.py", line 137, in app
    response = await f(request)
               ^^^^^^^^^^^^^^^^
  File "/home/ubuntu/app/backend/venv/lib/python3.12/site-packages/fastapi/routing.py", line 691, in app
    raw_response = await run_endpoint_function(
                   ^^^^^^^^^^^^^^^^^^^^^^^^^^^^
  File "/home/ubuntu/app/backend/venv/lib/python3.12/site-packages/fastapi/routing.py", line 347, in run_endpoint_function
    return await run_in_threadpool(dependant.call, **values)
           ^^^^^^^^^^^^^^^^^^^^^^^^^^^^^^^^^^^^^^^^^^^^^^^^^
  File "/home/ubuntu/app/backend/venv/lib/python3.12/site-packages/starlette/concurrency.py", line 34, in run_in_threadpool
    return await anyio.to_thread.run_sync(func)
           ^^^^^^^^^^^^^^^^^^^^^^^^^^^^^^^^^^^^
  File "/home/ubuntu/app/backend/venv/lib/python3.12/site-packages/anyio/to_thread.py", line 65, in run_sync
    return await get_async_backend().run_sync_in_worker_thread(
           ^^^^^^^^^^^^^^^^^^^^^^^^^^^^^^^^^^^^^^^^^^^^^^^^^^^^
  File "/home/ubuntu/app/backend/venv/lib/python3.12/site-packages/anyio/_backends/_asyncio.py", line 2641, in run_sync_in_worker_thread
    return await future
           ^^^^^^^^^^^^
  File "/home/ubuntu/app/backend/venv/lib/python3.12/site-packages/anyio/_backends/_asyncio.py", line 1033, in run
    result = context.run(func, *args)
             ^^^^^^^^^^^^^^^^^^^^^^^^
  File "/home/ubuntu/app/backend/main.py", line 1591, in count_pending_approvals
    models.ApprovalRequest.user_id == user.id,
                                      ^^^^^^^
AttributeError: 'NoneType' object has no attribute 'id'
2026-08-28 14:00:47.694293 - GET /api/approvals/count - 178ae5134a8e4d0fb9d93fc8d4dacbe5 - 'NoneType' object has no attribute 'id'
Traceback (most recent call last):
  File "/home/ubuntu/app/backend/venv/lib/python3.12/site-packages/starlette/middleware/errors.py", line 164, in __call__
    await self.app(scope, receive, _send)
  File "/home/ubuntu/app/backend/venv/lib/python3.12/site-packages/starlette/middleware/cors.py", line 88, in __call__
    await self.app(scope, receive, send)
  File "/home/ubuntu/app/backend/venv/lib/python3.12/site-packages/starlette/middleware/exceptions.py", line 63, in __call__
    await wrap_app_handling_exceptions(self.app, conn)(scope, receive, send)
  File "/home/ubuntu/app/backend/venv/lib/python3.12/site-packages/starlette/_exception_handler.py", line 53, in wrapped_app
    raise exc
  File "/home/ubuntu/app/backend/venv/lib/python3.12/site-packages/starlette/_exception_handler.py", line 42, in wrapped_app
    await app(scope, receive, sender)
  File "/home/ubuntu/app/backend/venv/lib/python3.12/site-packages/fastapi/middleware/asyncexitstack.py", line 18, in __call__
    await self.app(scope, receive, send)
  File "/home/ubuntu/app/backend/venv/lib/python3.12/site-packages/starlette/routing.py", line 660, in __call__
    await self.middleware_stack(scope, receive, send)
  File "/home/ubuntu/app/backend/venv/lib/python3.12/site-packages/fastapi/routing.py", line 2685, in app
    await route.handle(scope, receive, send)
  File "/home/ubuntu/app/backend/venv/lib/python3.12/site-packages/fastapi/routing.py", line 1267, in handle
    await super().handle(scope, receive, send)
  File "/home/ubuntu/app/backend/venv/lib/python3.12/site-packages/starlette/routing.py", line 276, in handle
    await self.app(scope, receive, send)
  File "/home/ubuntu/app/backend/venv/lib/python3.12/site-packages/fastapi/routing.py", line 151, in app
    await wrap_app_handling_exceptions(app, request)(scope, receive, send)
  File "/home/ubuntu/app/backend/venv/lib/python3.12/site-packages/starlette/_exception_handler.py", line 53, in wrapped_app
    raise exc
  File "/home/ubuntu/app/backend/venv/lib/python3.12/site-packages/starlette/_exception_handler.py", line 42, in wrapped_app
    await app(scope, receive, sender)
  File "/home/ubuntu/app/backend/venv/lib/python3.12/site-packages/fastapi/routing.py", line 137, in app
    response = await f(request)
               ^^^^^^^^^^^^^^^^
  File "/home/ubuntu/app/backend/venv/lib/python3.12/site-packages/fastapi/routing.py", line 691, in app
    raw_response = await run_endpoint_function(
                   ^^^^^^^^^^^^^^^^^^^^^^^^^^^^
  File "/home/ubuntu/app/backend/venv/lib/python3.12/site-packages/fastapi/routing.py", line 347, in run_endpoint_function
    return await run_in_threadpool(dependant.call, **values)
           ^^^^^^^^^^^^^^^^^^^^^^^^^^^^^^^^^^^^^^^^^^^^^^^^^
  File "/home/ubuntu/app/backend/venv/lib/python3.12/site-packages/starlette/concurrency.py", line 34, in run_in_threadpool
    return await anyio.to_thread.run_sync(func)
           ^^^^^^^^^^^^^^^^^^^^^^^^^^^^^^^^^^^^
  File "/home/ubuntu/app/backend/venv/lib/python3.12/site-packages/anyio/to_thread.py", line 65, in run_sync
    return await get_async_backend().run_sync_in_worker_thread(
           ^^^^^^^^^^^^^^^^^^^^^^^^^^^^^^^^^^^^^^^^^^^^^^^^^^^^
  File "/home/ubuntu/app/backend/venv/lib/python3.12/site-packages/anyio/_backends/_asyncio.py", line 2641, in run_sync_in_worker_thread
    return await future
           ^^^^^^^^^^^^
  File "/home/ubuntu/app/backend/venv/lib/python3.12/site-packages/anyio/_backends/_asyncio.py", line 1033, in run
    result = context.run(func, *args)
             ^^^^^^^^^^^^^^^^^^^^^^^^
  File "/home/ubuntu/app/backend/main.py", line 1591, in count_pending_approvals
    models.ApprovalRequest.user_id == user.id,
                                      ^^^^^^^
AttributeError: 'NoneType' object has no attribute 'id'
2026-08-28 14:00:48.707715 - GET /api/approvals/count - 24f7ab7c31dc4c32aa4df53660924484 - 'NoneType' object has no attribute 'id'
Traceback (most recent call last):
  File "/home/ubuntu/app/backend/venv/lib/python3.12/site-packages/starlette/middleware/errors.py", line 164, in __call__
    await self.app(scope, receive, _send)
  File "/home/ubuntu/app/backend/venv/lib/python3.12/site-packages/starlette/middleware/cors.py", line 88, in __call__
    await self.app(scope, receive, send)
  File "/home/ubuntu/app/backend/venv/lib/python3.12/site-packages/starlette/middleware/exceptions.py", line 63, in __call__
    await wrap_app_handling_exceptions(self.app, conn)(scope, receive, send)
  File "/home/ubuntu/app/backend/venv/lib/python3.12/site-packages/starlette/_exception_handler.py", line 53, in wrapped_app
    raise exc
  File "/home/ubuntu/app/backend/venv/lib/python3.12/site-packages/starlette/_exception_handler.py", line 42, in wrapped_app
    await app(scope, receive, sender)
  File "/home/ubuntu/app/backend/venv/lib/python3.12/site-packages/fastapi/middleware/asyncexitstack.py", line 18, in __call__
    await self.app(scope, receive, send)
  File "/home/ubuntu/app/backend/venv/lib/python3.12/site-packages/starlette/routing.py", line 660, in __call__
    await self.middleware_stack(scope, receive, send)
  File "/home/ubuntu/app/backend/venv/lib/python3.12/site-packages/fastapi/routing.py", line 2685, in app
    await route.handle(scope, receive, send)
  File "/home/ubuntu/app/backend/venv/lib/python3.12/site-packages/fastapi/routing.py", line 1267, in handle
    await super().handle(scope, receive, send)
  File "/home/ubuntu/app/backend/venv/lib/python3.12/site-packages/starlette/routing.py", line 276, in handle
    await self.app(scope, receive, send)
  File "/home/ubuntu/app/backend/venv/lib/python3.12/site-packages/fastapi/routing.py", line 151, in app
    await wrap_app_handling_exceptions(app, request)(scope, receive, send)
  File "/home/ubuntu/app/backend/venv/lib/python3.12/site-packages/starlette/_exception_handler.py", line 53, in wrapped_app
    raise exc
  File "/home/ubuntu/app/backend/venv/lib/python3.12/site-packages/starlette/_exception_handler.py", line 42, in wrapped_app
    await app(scope, receive, sender)
  File "/home/ubuntu/app/backend/venv/lib/python3.12/site-packages/fastapi/routing.py", line 137, in app
    response = await f(request)
               ^^^^^^^^^^^^^^^^
  File "/home/ubuntu/app/backend/venv/lib/python3.12/site-packages/fastapi/routing.py", line 691, in app
    raw_response = await run_endpoint_function(
                   ^^^^^^^^^^^^^^^^^^^^^^^^^^^^
  File "/home/ubuntu/app/backend/venv/lib/python3.12/site-packages/fastapi/routing.py", line 347, in run_endpoint_function
    return await run_in_threadpool(dependant.call, **values)
           ^^^^^^^^^^^^^^^^^^^^^^^^^^^^^^^^^^^^^^^^^^^^^^^^^
  File "/home/ubuntu/app/backend/venv/lib/python3.12/site-packages/starlette/concurrency.py", line 34, in run_in_threadpool
    return await anyio.to_thread.run_sync(func)
           ^^^^^^^^^^^^^^^^^^^^^^^^^^^^^^^^^^^^
  File "/home/ubuntu/app/backend/venv/lib/python3.12/site-packages/anyio/to_thread.py", line 65, in run_sync
    return await get_async_backend().run_sync_in_worker_thread(
           ^^^^^^^^^^^^^^^^^^^^^^^^^^^^^^^^^^^^^^^^^^^^^^^^^^^^
  File "/home/ubuntu/app/backend/venv/lib/python3.12/site-packages/anyio/_backends/_asyncio.py", line 2641, in run_sync_in_worker_thread
    return await future
           ^^^^^^^^^^^^
  File "/home/ubuntu/app/backend/venv/lib/python3.12/site-packages/anyio/_backends/_asyncio.py", line 1033, in run
    result = context.run(func, *args)
             ^^^^^^^^^^^^^^^^^^^^^^^^
  File "/home/ubuntu/app/backend/main.py", line 1591, in count_pending_approvals
    models.ApprovalRequest.user_id == user.id,
                                      ^^^^^^^
AttributeError: 'NoneType' object has no attribute 'id'
2026-08-28 14:00:49.722238 - GET /api/approvals/count - 54761ab520534732b9bc8472c99bf1ea - 'NoneType' object has no attribute 'id'
Traceback (most recent call last):
  File "/home/ubuntu/app/backend/venv/lib/python3.12/site-packages/starlette/middleware/errors.py", line 164, in __call__
    await self.app(scope, receive, _send)
  File "/home/ubuntu/app/backend/venv/lib/python3.12/site-packages/starlette/middleware/cors.py", line 88, in __call__
    await self.app(scope, receive, send)
  File "/home/ubuntu/app/backend/venv/lib/python3.12/site-packages/starlette/middleware/exceptions.py", line 63, in __call__
    await wrap_app_handling_exceptions(self.app, conn)(scope, receive, send)
  File "/home/ubuntu/app/backend/venv/lib/python3.12/site-packages/starlette/_exception_handler.py", line 53, in wrapped_app
    raise exc
  File "/home/ubuntu/app/backend/venv/lib/python3.12/site-packages/starlette/_exception_handler.py", line 42, in wrapped_app
    await app(scope, receive, sender)
  File "/home/ubuntu/app/backend/venv/lib/python3.12/site-packages/fastapi/middleware/asyncexitstack.py", line 18, in __call__
    await self.app(scope, receive, send)
  File "/home/ubuntu/app/backend/venv/lib/python3.12/site-packages/starlette/routing.py", line 660, in __call__
    await self.middleware_stack(scope, receive, send)
  File "/home/ubuntu/app/backend/venv/lib/python3.12/site-packages/fastapi/routing.py", line 2685, in app
    await route.handle(scope, receive, send)
  File "/home/ubuntu/app/backend/venv/lib/python3.12/site-packages/fastapi/routing.py", line 1267, in handle
    await super().handle(scope, receive, send)
  File "/home/ubuntu/app/backend/venv/lib/python3.12/site-packages/starlette/routing.py", line 276, in handle
    await self.app(scope, receive, send)
  File "/home/ubuntu/app/backend/venv/lib/python3.12/site-packages/fastapi/routing.py", line 151, in app
    await wrap_app_handling_exceptions(app, request)(scope, receive, send)
  File "/home/ubuntu/app/backend/venv/lib/python3.12/site-packages/starlette/_exception_handler.py", line 53, in wrapped_app
    raise exc
  File "/home/ubuntu/app/backend/venv/lib/python3.12/site-packages/starlette/_exception_handler.py", line 42, in wrapped_app
    await app(scope, receive, sender)
  File "/home/ubuntu/app/backend/venv/lib/python3.12/site-packages/fastapi/routing.py", line 137, in app
    response = await f(request)
               ^^^^^^^^^^^^^^^^
  File "/home/ubuntu/app/backend/venv/lib/python3.12/site-packages/fastapi/routing.py", line 691, in app
    raw_response = await run_endpoint_function(
                   ^^^^^^^^^^^^^^^^^^^^^^^^^^^^
  File "/home/ubuntu/app/backend/venv/lib/python3.12/site-packages/fastapi/routing.py", line 347, in run_endpoint_function
    return await run_in_threadpool(dependant.call, **values)
           ^^^^^^^^^^^^^^^^^^^^^^^^^^^^^^^^^^^^^^^^^^^^^^^^^
  File "/home/ubuntu/app/backend/venv/lib/python3.12/site-packages/starlette/concurrency.py", line 34, in run_in_threadpool
    return await anyio.to_thread.run_sync(func)
           ^^^^^^^^^^^^^^^^^^^^^^^^^^^^^^^^^^^^
  File "/home/ubuntu/app/backend/venv/lib/python3.12/site-packages/anyio/to_thread.py", line 65, in run_sync
    return await get_async_backend().run_sync_in_worker_thread(
           ^^^^^^^^^^^^^^^^^^^^^^^^^^^^^^^^^^^^^^^^^^^^^^^^^^^^
  File "/home/ubuntu/app/backend/venv/lib/python3.12/site-packages/anyio/_backends/_asyncio.py", line 2641, in run_sync_in_worker_thread
    return await future
           ^^^^^^^^^^^^
  File "/home/ubuntu/app/backend/venv/lib/python3.12/site-packages/anyio/_backends/_asyncio.py", line 1033, in run
    result = context.run(func, *args)
             ^^^^^^^^^^^^^^^^^^^^^^^^
  File "/home/ubuntu/app/backend/main.py", line 1591, in count_pending_approvals
    models.ApprovalRequest.user_id == user.id,
                                      ^^^^^^^
AttributeError: 'NoneType' object has no attribute 'id'
2026-08-28 14:00:50.741510 - GET /api/approvals/count - 7eee5ad1bd7348dc8c2384a882d8cf43 - 'NoneType' object has no attribute 'id'
Traceback (most recent call last):
  File "/home/ubuntu/app/backend/venv/lib/python3.12/site-packages/starlette/middleware/errors.py", line 164, in __call__
    await self.app(scope, receive, _send)
  File "/home/ubuntu/app/backend/venv/lib/python3.12/site-packages/starlette/middleware/cors.py", line 88, in __call__
    await self.app(scope, receive, send)
  File "/home/ubuntu/app/backend/venv/lib/python3.12/site-packages/starlette/middleware/exceptions.py", line 63, in __call__
    await wrap_app_handling_exceptions(self.app, conn)(scope, receive, send)
  File "/home/ubuntu/app/backend/venv/lib/python3.12/site-packages/starlette/_exception_handler.py", line 53, in wrapped_app
    raise exc
  File "/home/ubuntu/app/backend/venv/lib/python3.12/site-packages/starlette/_exception_handler.py", line 42, in wrapped_app
    await app(scope, receive, sender)
  File "/home/ubuntu/app/backend/venv/lib/python3.12/site-packages/fastapi/middleware/asyncexitstack.py", line 18, in __call__
    await self.app(scope, receive, send)
  File "/home/ubuntu/app/backend/venv/lib/python3.12/site-packages/starlette/routing.py", line 660, in __call__
    await self.middleware_stack(scope, receive, send)
  File "/home/ubuntu/app/backend/venv/lib/python3.12/site-packages/fastapi/routing.py", line 2685, in app
    await route.handle(scope, receive, send)
  File "/home/ubuntu/app/backend/venv/lib/python3.12/site-packages/fastapi/routing.py", line 1267, in handle
    await super().handle(scope, receive, send)
  File "/home/ubuntu/app/backend/venv/lib/python3.12/site-packages/starlette/routing.py", line 276, in handle
    await self.app(scope, receive, send)
  File "/home/ubuntu/app/backend/venv/lib/python3.12/site-packages/fastapi/routing.py", line 151, in app
    await wrap_app_handling_exceptions(app, request)(scope, receive, send)
  File "/home/ubuntu/app/backend/venv/lib/python3.12/site-packages/starlette/_exception_handler.py", line 53, in wrapped_app
    raise exc
  File "/home/ubuntu/app/backend/venv/lib/python3.12/site-packages/starlette/_exception_handler.py", line 42, in wrapped_app
    await app(scope, receive, sender)
  File "/home/ubuntu/app/backend/venv/lib/python3.12/site-packages/fastapi/routing.py", line 137, in app
    response = await f(request)
               ^^^^^^^^^^^^^^^^
  File "/home/ubuntu/app/backend/venv/lib/python3.12/site-packages/fastapi/routing.py", line 691, in app
    raw_response = await run_endpoint_function(
                   ^^^^^^^^^^^^^^^^^^^^^^^^^^^^
  File "/home/ubuntu/app/backend/venv/lib/python3.12/site-packages/fastapi/routing.py", line 347, in run_endpoint_function
    return await run_in_threadpool(dependant.call, **values)
           ^^^^^^^^^^^^^^^^^^^^^^^^^^^^^^^^^^^^^^^^^^^^^^^^^
  File "/home/ubuntu/app/backend/venv/lib/python3.12/site-packages/starlette/concurrency.py", line 34, in run_in_threadpool
    return await anyio.to_thread.run_sync(func)
           ^^^^^^^^^^^^^^^^^^^^^^^^^^^^^^^^^^^^
  File "/home/ubuntu/app/backend/venv/lib/python3.12/site-packages/anyio/to_thread.py", line 65, in run_sync
    return await get_async_backend().run_sync_in_worker_thread(
           ^^^^^^^^^^^^^^^^^^^^^^^^^^^^^^^^^^^^^^^^^^^^^^^^^^^^
  File "/home/ubuntu/app/backend/venv/lib/python3.12/site-packages/anyio/_backends/_asyncio.py", line 2641, in run_sync_in_worker_thread
    return await future
           ^^^^^^^^^^^^
  File "/home/ubuntu/app/backend/venv/lib/python3.12/site-packages/anyio/_backends/_asyncio.py", line 1033, in run
    result = context.run(func, *args)
             ^^^^^^^^^^^^^^^^^^^^^^^^
  File "/home/ubuntu/app/backend/main.py", line 1591, in count_pending_approvals
    models.ApprovalRequest.user_id == user.id,
                                      ^^^^^^^
AttributeError: 'NoneType' object has no attribute 'id'
2026-08-28 14:00:51.755312 - GET /api/approvals/count - d2a0e9a509864e5480bbd0eecf843a90 - 'NoneType' object has no attribute 'id'
Traceback (most recent call last):
  File "/home/ubuntu/app/backend/venv/lib/python3.12/site-packages/starlette/middleware/errors.py", line 164, in __call__
    await self.app(scope, receive, _send)
  File "/home/ubuntu/app/backend/venv/lib/python3.12/site-packages/starlette/middleware/cors.py", line 88, in __call__
    await self.app(scope, receive, send)
  File "/home/ubuntu/app/backend/venv/lib/python3.12/site-packages/starlette/middleware/exceptions.py", line 63, in __call__
    await wrap_app_handling_exceptions(self.app, conn)(scope, receive, send)
  File "/home/ubuntu/app/backend/venv/lib/python3.12/site-packages/starlette/_exception_handler.py", line 53, in wrapped_app
    raise exc
  File "/home/ubuntu/app/backend/venv/lib/python3.12/site-packages/starlette/_exception_handler.py", line 42, in wrapped_app
    await app(scope, receive, sender)
  File "/home/ubuntu/app/backend/venv/lib/python3.12/site-packages/fastapi/middleware/asyncexitstack.py", line 18, in __call__
    await self.app(scope, receive, send)
  File "/home/ubuntu/app/backend/venv/lib/python3.12/site-packages/starlette/routing.py", line 660, in __call__
    await self.middleware_stack(scope, receive, send)
  File "/home/ubuntu/app/backend/venv/lib/python3.12/site-packages/fastapi/routing.py", line 2685, in app
    await route.handle(scope, receive, send)
  File "/home/ubuntu/app/backend/venv/lib/python3.12/site-packages/fastapi/routing.py", line 1267, in handle
    await super().handle(scope, receive, send)
  File "/home/ubuntu/app/backend/venv/lib/python3.12/site-packages/starlette/routing.py", line 276, in handle
    await self.app(scope, receive, send)
  File "/home/ubuntu/app/backend/venv/lib/python3.12/site-packages/fastapi/routing.py", line 151, in app
    await wrap_app_handling_exceptions(app, request)(scope, receive, send)
  File "/home/ubuntu/app/backend/venv/lib/python3.12/site-packages/starlette/_exception_handler.py", line 53, in wrapped_app
    raise exc
  File "/home/ubuntu/app/backend/venv/lib/python3.12/site-packages/starlette/_exception_handler.py", line 42, in wrapped_app
    await app(scope, receive, sender)
  File "/home/ubuntu/app/backend/venv/lib/python3.12/site-packages/fastapi/routing.py", line 137, in app
    response = await f(request)
               ^^^^^^^^^^^^^^^^
  File "/home/ubuntu/app/backend/venv/lib/python3.12/site-packages/fastapi/routing.py", line 691, in app
    raw_response = await run_endpoint_function(
                   ^^^^^^^^^^^^^^^^^^^^^^^^^^^^
  File "/home/ubuntu/app/backend/venv/lib/python3.12/site-packages/fastapi/routing.py", line 347, in run_endpoint_function
    return await run_in_threadpool(dependant.call, **values)
           ^^^^^^^^^^^^^^^^^^^^^^^^^^^^^^^^^^^^^^^^^^^^^^^^^
  File "/home/ubuntu/app/backend/venv/lib/python3.12/site-packages/starlette/concurrency.py", line 34, in run_in_threadpool
    return await anyio.to_thread.run_sync(func)
           ^^^^^^^^^^^^^^^^^^^^^^^^^^^^^^^^^^^^
  File "/home/ubuntu/app/backend/venv/lib/python3.12/site-packages/anyio/to_thread.py", line 65, in run_sync
    return await get_async_backend().run_sync_in_worker_thread(
           ^^^^^^^^^^^^^^^^^^^^^^^^^^^^^^^^^^^^^^^^^^^^^^^^^^^^
  File "/home/ubuntu/app/backend/venv/lib/python3.12/site-packages/anyio/_backends/_asyncio.py", line 2641, in run_sync_in_worker_thread
    return await future
           ^^^^^^^^^^^^
  File "/home/ubuntu/app/backend/venv/lib/python3.12/site-packages/anyio/_backends/_asyncio.py", line 1033, in run
    result = context.run(func, *args)
             ^^^^^^^^^^^^^^^^^^^^^^^^
  File "/home/ubuntu/app/backend/main.py", line 1591, in count_pending_approvals
    models.ApprovalRequest.user_id == user.id,
                                      ^^^^^^^
AttributeError: 'NoneType' object has no attribute 'id'
2026-08-28 14:00:52.768673 - GET /api/approvals/count - 4e724f8754134a9f9bd7b6e35eb593bb - 'NoneType' object has no attribute 'id'
Traceback (most recent call last):
  File "/home/ubuntu/app/backend/venv/lib/python3.12/site-packages/starlette/middleware/errors.py", line 164, in __call__
    await self.app(scope, receive, _send)
  File "/home/ubuntu/app/backend/venv/lib/python3.12/site-packages/starlette/middleware/cors.py", line 88, in __call__
    await self.app(scope, receive, send)
  File "/home/ubuntu/app/backend/venv/lib/python3.12/site-packages/starlette/middleware/exceptions.py", line 63, in __call__
    await wrap_app_handling_exceptions(self.app, conn)(scope, receive, send)
  File "/home/ubuntu/app/backend/venv/lib/python3.12/site-packages/starlette/_exception_handler.py", line 53, in wrapped_app
    raise exc
  File "/home/ubuntu/app/backend/venv/lib/python3.12/site-packages/starlette/_exception_handler.py", line 42, in wrapped_app
    await app(scope, receive, sender)
  File "/home/ubuntu/app/backend/venv/lib/python3.12/site-packages/fastapi/middleware/asyncexitstack.py", line 18, in __call__
    await self.app(scope, receive, send)
  File "/home/ubuntu/app/backend/venv/lib/python3.12/site-packages/starlette/routing.py", line 660, in __call__
    await self.middleware_stack(scope, receive, send)
  File "/home/ubuntu/app/backend/venv/lib/python3.12/site-packages/fastapi/routing.py", line 2685, in app
    await route.handle(scope, receive, send)
  File "/home/ubuntu/app/backend/venv/lib/python3.12/site-packages/fastapi/routing.py", line 1267, in handle
    await super().handle(scope, receive, send)
  File "/home/ubuntu/app/backend/venv/lib/python3.12/site-packages/starlette/routing.py", line 276, in handle
    await self.app(scope, receive, send)
  File "/home/ubuntu/app/backend/venv/lib/python3.12/site-packages/fastapi/routing.py", line 151, in app
    await wrap_app_handling_exceptions(app, request)(scope, receive, send)
  File "/home/ubuntu/app/backend/venv/lib/python3.12/site-packages/starlette/_exception_handler.py", line 53, in wrapped_app
    raise exc
  File "/home/ubuntu/app/backend/venv/lib/python3.12/site-packages/starlette/_exception_handler.py", line 42, in wrapped_app
    await app(scope, receive, sender)
  File "/home/ubuntu/app/backend/venv/lib/python3.12/site-packages/fastapi/routing.py", line 137, in app
    response = await f(request)
               ^^^^^^^^^^^^^^^^
  File "/home/ubuntu/app/backend/venv/lib/python3.12/site-packages/fastapi/routing.py", line 691, in app
    raw_response = await run_endpoint_function(
                   ^^^^^^^^^^^^^^^^^^^^^^^^^^^^
  File "/home/ubuntu/app/backend/venv/lib/python3.12/site-packages/fastapi/routing.py", line 347, in run_endpoint_function
    return await run_in_threadpool(dependant.call, **values)
           ^^^^^^^^^^^^^^^^^^^^^^^^^^^^^^^^^^^^^^^^^^^^^^^^^
  File "/home/ubuntu/app/backend/venv/lib/python3.12/site-packages/starlette/concurrency.py", line 34, in run_in_threadpool
    return await anyio.to_thread.run_sync(func)
           ^^^^^^^^^^^^^^^^^^^^^^^^^^^^^^^^^^^^
  File "/home/ubuntu/app/backend/venv/lib/python3.12/site-packages/anyio/to_thread.py", line 65, in run_sync
    return await get_async_backend().run_sync_in_worker_thread(
           ^^^^^^^^^^^^^^^^^^^^^^^^^^^^^^^^^^^^^^^^^^^^^^^^^^^^
  File "/home/ubuntu/app/backend/venv/lib/python3.12/site-packages/anyio/_backends/_asyncio.py", line 2641, in run_sync_in_worker_thread
    return await future
           ^^^^^^^^^^^^
  File "/home/ubuntu/app/backend/venv/lib/python3.12/site-packages/anyio/_backends/_asyncio.py", line 1033, in run
    result = context.run(func, *args)
             ^^^^^^^^^^^^^^^^^^^^^^^^
  File "/home/ubuntu/app/backend/main.py", line 1591, in count_pending_approvals
    models.ApprovalRequest.user_id == user.id,
                                      ^^^^^^^
AttributeError: 'NoneType' object has no attribute 'id'
2026-08-28 14:00:53.782255 - GET /api/approvals/count - 343483b2eaa14a8780acaa0be48f7b3b - 'NoneType' object has no attribute 'id'
Traceback (most recent call last):
  File "/home/ubuntu/app/backend/venv/lib/python3.12/site-packages/starlette/middleware/errors.py", line 164, in __call__
    await self.app(scope, receive, _send)
  File "/home/ubuntu/app/backend/venv/lib/python3.12/site-packages/starlette/middleware/cors.py", line 88, in __call__
    await self.app(scope, receive, send)
  File "/home/ubuntu/app/backend/venv/lib/python3.12/site-packages/starlette/middleware/exceptions.py", line 63, in __call__
    await wrap_app_handling_exceptions(self.app, conn)(scope, receive, send)
  File "/home/ubuntu/app/backend/venv/lib/python3.12/site-packages/starlette/_exception_handler.py", line 53, in wrapped_app
    raise exc
  File "/home/ubuntu/app/backend/venv/lib/python3.12/site-packages/starlette/_exception_handler.py", line 42, in wrapped_app
    await app(scope, receive, sender)
  File "/home/ubuntu/app/backend/venv/lib/python3.12/site-packages/fastapi/middleware/asyncexitstack.py", line 18, in __call__
    await self.app(scope, receive, send)
  File "/home/ubuntu/app/backend/venv/lib/python3.12/site-packages/starlette/routing.py", line 660, in __call__
    await self.middleware_stack(scope, receive, send)
  File "/home/ubuntu/app/backend/venv/lib/python3.12/site-packages/fastapi/routing.py", line 2685, in app
    await route.handle(scope, receive, send)
  File "/home/ubuntu/app/backend/venv/lib/python3.12/site-packages/fastapi/routing.py", line 1267, in handle
    await super().handle(scope, receive, send)
  File "/home/ubuntu/app/backend/venv/lib/python3.12/site-packages/starlette/routing.py", line 276, in handle
    await self.app(scope, receive, send)
  File "/home/ubuntu/app/backend/venv/lib/python3.12/site-packages/fastapi/routing.py", line 151, in app
    await wrap_app_handling_exceptions(app, request)(scope, receive, send)
  File "/home/ubuntu/app/backend/venv/lib/python3.12/site-packages/starlette/_exception_handler.py", line 53, in wrapped_app
    raise exc
  File "/home/ubuntu/app/backend/venv/lib/python3.12/site-packages/starlette/_exception_handler.py", line 42, in wrapped_app
    await app(scope, receive, sender)
  File "/home/ubuntu/app/backend/venv/lib/python3.12/site-packages/fastapi/routing.py", line 137, in app
    response = await f(request)
               ^^^^^^^^^^^^^^^^
  File "/home/ubuntu/app/backend/venv/lib/python3.12/site-packages/fastapi/routing.py", line 691, in app
    raw_response = await run_endpoint_function(
                   ^^^^^^^^^^^^^^^^^^^^^^^^^^^^
  File "/home/ubuntu/app/backend/venv/lib/python3.12/site-packages/fastapi/routing.py", line 347, in run_endpoint_function
    return await run_in_threadpool(dependant.call, **values)
           ^^^^^^^^^^^^^^^^^^^^^^^^^^^^^^^^^^^^^^^^^^^^^^^^^
  File "/home/ubuntu/app/backend/venv/lib/python3.12/site-packages/starlette/concurrency.py", line 34, in run_in_threadpool
    return await anyio.to_thread.run_sync(func)
           ^^^^^^^^^^^^^^^^^^^^^^^^^^^^^^^^^^^^
  File "/home/ubuntu/app/backend/venv/lib/python3.12/site-packages/anyio/to_thread.py", line 65, in run_sync
    return await get_async_backend().run_sync_in_worker_thread(
           ^^^^^^^^^^^^^^^^^^^^^^^^^^^^^^^^^^^^^^^^^^^^^^^^^^^^
  File "/home/ubuntu/app/backend/venv/lib/python3.12/site-packages/anyio/_backends/_asyncio.py", line 2641, in run_sync_in_worker_thread
    return await future
           ^^^^^^^^^^^^
  File "/home/ubuntu/app/backend/venv/lib/python3.12/site-packages/anyio/_backends/_asyncio.py", line 1033, in run
    result = context.run(func, *args)
             ^^^^^^^^^^^^^^^^^^^^^^^^
  File "/home/ubuntu/app/backend/main.py", line 1591, in count_pending_approvals
    models.ApprovalRequest.user_id == user.id,
                                      ^^^^^^^
AttributeError: 'NoneType' object has no attribute 'id'
2026-08-28 14:00:54.795820 - GET /api/approvals/count - cd7dabb4a1b145b9a418e815c0c65ca2 - 'NoneType' object has no attribute 'id'
Traceback (most recent call last):
  File "/home/ubuntu/app/backend/venv/lib/python3.12/site-packages/starlette/middleware/errors.py", line 164, in __call__
    await self.app(scope, receive, _send)
  File "/home/ubuntu/app/backend/venv/lib/python3.12/site-packages/starlette/middleware/cors.py", line 88, in __call__
    await self.app(scope, receive, send)
  File "/home/ubuntu/app/backend/venv/lib/python3.12/site-packages/starlette/middleware/exceptions.py", line 63, in __call__
    await wrap_app_handling_exceptions(self.app, conn)(scope, receive, send)
  File "/home/ubuntu/app/backend/venv/lib/python3.12/site-packages/starlette/_exception_handler.py", line 53, in wrapped_app
    raise exc
  File "/home/ubuntu/app/backend/venv/lib/python3.12/site-packages/starlette/_exception_handler.py", line 42, in wrapped_app
    await app(scope, receive, sender)
  File "/home/ubuntu/app/backend/venv/lib/python3.12/site-packages/fastapi/middleware/asyncexitstack.py", line 18, in __call__
    await self.app(scope, receive, send)
  File "/home/ubuntu/app/backend/venv/lib/python3.12/site-packages/starlette/routing.py", line 660, in __call__
    await self.middleware_stack(scope, receive, send)
  File "/home/ubuntu/app/backend/venv/lib/python3.12/site-packages/fastapi/routing.py", line 2685, in app
    await route.handle(scope, receive, send)
  File "/home/ubuntu/app/backend/venv/lib/python3.12/site-packages/fastapi/routing.py", line 1267, in handle
    await super().handle(scope, receive, send)
  File "/home/ubuntu/app/backend/venv/lib/python3.12/site-packages/starlette/routing.py", line 276, in handle
    await self.app(scope, receive, send)
  File "/home/ubuntu/app/backend/venv/lib/python3.12/site-packages/fastapi/routing.py", line 151, in app
    await wrap_app_handling_exceptions(app, request)(scope, receive, send)
  File "/home/ubuntu/app/backend/venv/lib/python3.12/site-packages/starlette/_exception_handler.py", line 53, in wrapped_app
    raise exc
  File "/home/ubuntu/app/backend/venv/lib/python3.12/site-packages/starlette/_exception_handler.py", line 42, in wrapped_app
    await app(scope, receive, sender)
  File "/home/ubuntu/app/backend/venv/lib/python3.12/site-packages/fastapi/routing.py", line 137, in app
    response = await f(request)
               ^^^^^^^^^^^^^^^^
  File "/home/ubuntu/app/backend/venv/lib/python3.12/site-packages/fastapi/routing.py", line 691, in app
    raw_response = await run_endpoint_function(
                   ^^^^^^^^^^^^^^^^^^^^^^^^^^^^
  File "/home/ubuntu/app/backend/venv/lib/python3.12/site-packages/fastapi/routing.py", line 347, in run_endpoint_function
    return await run_in_threadpool(dependant.call, **values)
           ^^^^^^^^^^^^^^^^^^^^^^^^^^^^^^^^^^^^^^^^^^^^^^^^^
  File "/home/ubuntu/app/backend/venv/lib/python3.12/site-packages/starlette/concurrency.py", line 34, in run_in_threadpool
    return await anyio.to_thread.run_sync(func)
           ^^^^^^^^^^^^^^^^^^^^^^^^^^^^^^^^^^^^
  File "/home/ubuntu/app/backend/venv/lib/python3.12/site-packages/anyio/to_thread.py", line 65, in run_sync
    return await get_async_backend().run_sync_in_worker_thread(
           ^^^^^^^^^^^^^^^^^^^^^^^^^^^^^^^^^^^^^^^^^^^^^^^^^^^^
  File "/home/ubuntu/app/backend/venv/lib/python3.12/site-packages/anyio/_backends/_asyncio.py", line 2641, in run_sync_in_worker_thread
    return await future
           ^^^^^^^^^^^^
  File "/home/ubuntu/app/backend/venv/lib/python3.12/site-packages/anyio/_backends/_asyncio.py", line 1033, in run
    result = context.run(func, *args)
             ^^^^^^^^^^^^^^^^^^^^^^^^
  File "/home/ubuntu/app/backend/main.py", line 1591, in count_pending_approvals
    models.ApprovalRequest.user_id == user.id,
                                      ^^^^^^^
AttributeError: 'NoneType' object has no attribute 'id'
2026-08-28 14:00:55.810094 - GET /api/approvals/count - 160b6b3454db4f99bc8b206ee762e522 - 'NoneType' object has no attribute 'id'
Traceback (most recent call last):
  File "/home/ubuntu/app/backend/venv/lib/python3.12/site-packages/starlette/middleware/errors.py", line 164, in __call__
    await self.app(scope, receive, _send)
  File "/home/ubuntu/app/backend/venv/lib/python3.12/site-packages/starlette/middleware/cors.py", line 88, in __call__
    await self.app(scope, receive, send)
  File "/home/ubuntu/app/backend/venv/lib/python3.12/site-packages/starlette/middleware/exceptions.py", line 63, in __call__
    await wrap_app_handling_exceptions(self.app, conn)(scope, receive, send)
  File "/home/ubuntu/app/backend/venv/lib/python3.12/site-packages/starlette/_exception_handler.py", line 53, in wrapped_app
    raise exc
  File "/home/ubuntu/app/backend/venv/lib/python3.12/site-packages/starlette/_exception_handler.py", line 42, in wrapped_app
    await app(scope, receive, sender)
  File "/home/ubuntu/app/backend/venv/lib/python3.12/site-packages/fastapi/middleware/asyncexitstack.py", line 18, in __call__
    await self.app(scope, receive, send)
  File "/home/ubuntu/app/backend/venv/lib/python3.12/site-packages/starlette/routing.py", line 660, in __call__
    await self.middleware_stack(scope, receive, send)
  File "/home/ubuntu/app/backend/venv/lib/python3.12/site-packages/fastapi/routing.py", line 2685, in app
    await route.handle(scope, receive, send)
  File "/home/ubuntu/app/backend/venv/lib/python3.12/site-packages/fastapi/routing.py", line 1267, in handle
    await super().handle(scope, receive, send)
  File "/home/ubuntu/app/backend/venv/lib/python3.12/site-packages/starlette/routing.py", line 276, in handle
    await self.app(scope, receive, send)
  File "/home/ubuntu/app/backend/venv/lib/python3.12/site-packages/fastapi/routing.py", line 151, in app
    await wrap_app_handling_exceptions(app, request)(scope, receive, send)
  File "/home/ubuntu/app/backend/venv/lib/python3.12/site-packages/starlette/_exception_handler.py", line 53, in wrapped_app
    raise exc
  File "/home/ubuntu/app/backend/venv/lib/python3.12/site-packages/starlette/_exception_handler.py", line 42, in wrapped_app
    await app(scope, receive, sender)
  File "/home/ubuntu/app/backend/venv/lib/python3.12/site-packages/fastapi/routing.py", line 137, in app
    response = await f(request)
               ^^^^^^^^^^^^^^^^
  File "/home/ubuntu/app/backend/venv/lib/python3.12/site-packages/fastapi/routing.py", line 691, in app
    raw_response = await run_endpoint_function(
                   ^^^^^^^^^^^^^^^^^^^^^^^^^^^^
  File "/home/ubuntu/app/backend/venv/lib/python3.12/site-packages/fastapi/routing.py", line 347, in run_endpoint_function
    return await run_in_threadpool(dependant.call, **values)
           ^^^^^^^^^^^^^^^^^^^^^^^^^^^^^^^^^^^^^^^^^^^^^^^^^
  File "/home/ubuntu/app/backend/venv/lib/python3.12/site-packages/starlette/concurrency.py", line 34, in run_in_threadpool
    return await anyio.to_thread.run_sync(func)
           ^^^^^^^^^^^^^^^^^^^^^^^^^^^^^^^^^^^^
  File "/home/ubuntu/app/backend/venv/lib/python3.12/site-packages/anyio/to_thread.py", line 65, in run_sync
    return await get_async_backend().run_sync_in_worker_thread(
           ^^^^^^^^^^^^^^^^^^^^^^^^^^^^^^^^^^^^^^^^^^^^^^^^^^^^
  File "/home/ubuntu/app/backend/venv/lib/python3.12/site-packages/anyio/_backends/_asyncio.py", line 2641, in run_sync_in_worker_thread
    return await future
           ^^^^^^^^^^^^
  File "/home/ubuntu/app/backend/venv/lib/python3.12/site-packages/anyio/_backends/_asyncio.py", line 1033, in run
    result = context.run(func, *args)
             ^^^^^^^^^^^^^^^^^^^^^^^^
  File "/home/ubuntu/app/backend/main.py", line 1591, in count_pending_approvals
    models.ApprovalRequest.user_id == user.id,
                                      ^^^^^^^
AttributeError: 'NoneType' object has no attribute 'id'
2026-08-28 14:00:56.826536 - GET /api/approvals/count - ac43cc3614ab485ea55c4a32449d28dc - 'NoneType' object has no attribute 'id'
Traceback (most recent call last):
  File "/home/ubuntu/app/backend/venv/lib/python3.12/site-packages/starlette/middleware/errors.py", line 164, in __call__
    await self.app(scope, receive, _send)
  File "/home/ubuntu/app/backend/venv/lib/python3.12/site-packages/starlette/middleware/cors.py", line 88, in __call__
    await self.app(scope, receive, send)
  File "/home/ubuntu/app/backend/venv/lib/python3.12/site-packages/starlette/middleware/exceptions.py", line 63, in __call__
    await wrap_app_handling_exceptions(self.app, conn)(scope, receive, send)
  File "/home/ubuntu/app/backend/venv/lib/python3.12/site-packages/starlette/_exception_handler.py", line 53, in wrapped_app
    raise exc
  File "/home/ubuntu/app/backend/venv/lib/python3.12/site-packages/starlette/_exception_handler.py", line 42, in wrapped_app
    await app(scope, receive, sender)
  File "/home/ubuntu/app/backend/venv/lib/python3.12/site-packages/fastapi/middleware/asyncexitstack.py", line 18, in __call__
    await self.app(scope, receive, send)
  File "/home/ubuntu/app/backend/venv/lib/python3.12/site-packages/starlette/routing.py", line 660, in __call__
    await self.middleware_stack(scope, receive, send)
  File "/home/ubuntu/app/backend/venv/lib/python3.12/site-packages/fastapi/routing.py", line 2685, in app
    await route.handle(scope, receive, send)
  File "/home/ubuntu/app/backend/venv/lib/python3.12/site-packages/fastapi/routing.py", line 1267, in handle
    await super().handle(scope, receive, send)
  File "/home/ubuntu/app/backend/venv/lib/python3.12/site-packages/starlette/routing.py", line 276, in handle
    await self.app(scope, receive, send)
  File "/home/ubuntu/app/backend/venv/lib/python3.12/site-packages/fastapi/routing.py", line 151, in app
    await wrap_app_handling_exceptions(app, request)(scope, receive, send)
  File "/home/ubuntu/app/backend/venv/lib/python3.12/site-packages/starlette/_exception_handler.py", line 53, in wrapped_app
    raise exc
  File "/home/ubuntu/app/backend/venv/lib/python3.12/site-packages/starlette/_exception_handler.py", line 42, in wrapped_app
    await app(scope, receive, sender)
  File "/home/ubuntu/app/backend/venv/lib/python3.12/site-packages/fastapi/routing.py", line 137, in app
    response = await f(request)
               ^^^^^^^^^^^^^^^^
  File "/home/ubuntu/app/backend/venv/lib/python3.12/site-packages/fastapi/routing.py", line 691, in app
    raw_response = await run_endpoint_function(
                   ^^^^^^^^^^^^^^^^^^^^^^^^^^^^
  File "/home/ubuntu/app/backend/venv/lib/python3.12/site-packages/fastapi/routing.py", line 347, in run_endpoint_function
    return await run_in_threadpool(dependant.call, **values)
           ^^^^^^^^^^^^^^^^^^^^^^^^^^^^^^^^^^^^^^^^^^^^^^^^^
  File "/home/ubuntu/app/backend/venv/lib/python3.12/site-packages/starlette/concurrency.py", line 34, in run_in_threadpool
    return await anyio.to_thread.run_sync(func)
           ^^^^^^^^^^^^^^^^^^^^^^^^^^^^^^^^^^^^
  File "/home/ubuntu/app/backend/venv/lib/python3.12/site-packages/anyio/to_thread.py", line 65, in run_sync
    return await get_async_backend().run_sync_in_worker_thread(
           ^^^^^^^^^^^^^^^^^^^^^^^^^^^^^^^^^^^^^^^^^^^^^^^^^^^^
  File "/home/ubuntu/app/backend/venv/lib/python3.12/site-packages/anyio/_backends/_asyncio.py", line 2641, in run_sync_in_worker_thread
    return await future
           ^^^^^^^^^^^^
  File "/home/ubuntu/app/backend/venv/lib/python3.12/site-packages/anyio/_backends/_asyncio.py", line 1033, in run
    result = context.run(func, *args)
             ^^^^^^^^^^^^^^^^^^^^^^^^
  File "/home/ubuntu/app/backend/main.py", line 1591, in count_pending_approvals
    models.ApprovalRequest.user_id == user.id,
                                      ^^^^^^^
AttributeError: 'NoneType' object has no attribute 'id'
2026-08-28 14:00:57.841193 - GET /api/approvals/count - dcf52b4e72114e88a9b9e213335e0ef3 - 'NoneType' object has no attribute 'id'
Traceback (most recent call last):
  File "/home/ubuntu/app/backend/venv/lib/python3.12/site-packages/starlette/middleware/errors.py", line 164, in __call__
    await self.app(scope, receive, _send)
  File "/home/ubuntu/app/backend/venv/lib/python3.12/site-packages/starlette/middleware/cors.py", line 88, in __call__
    await self.app(scope, receive, send)
  File "/home/ubuntu/app/backend/venv/lib/python3.12/site-packages/starlette/middleware/exceptions.py", line 63, in __call__
    await wrap_app_handling_exceptions(self.app, conn)(scope, receive, send)
  File "/home/ubuntu/app/backend/venv/lib/python3.12/site-packages/starlette/_exception_handler.py", line 53, in wrapped_app
    raise exc
  File "/home/ubuntu/app/backend/venv/lib/python3.12/site-packages/starlette/_exception_handler.py", line 42, in wrapped_app
    await app(scope, receive, sender)
  File "/home/ubuntu/app/backend/venv/lib/python3.12/site-packages/fastapi/middleware/asyncexitstack.py", line 18, in __call__
    await self.app(scope, receive, send)
  File "/home/ubuntu/app/backend/venv/lib/python3.12/site-packages/starlette/routing.py", line 660, in __call__
    await self.middleware_stack(scope, receive, send)
  File "/home/ubuntu/app/backend/venv/lib/python3.12/site-packages/fastapi/routing.py", line 2685, in app
    await route.handle(scope, receive, send)
  File "/home/ubuntu/app/backend/venv/lib/python3.12/site-packages/fastapi/routing.py", line 1267, in handle
    await super().handle(scope, receive, send)
  File "/home/ubuntu/app/backend/venv/lib/python3.12/site-packages/starlette/routing.py", line 276, in handle
    await self.app(scope, receive, send)
  File "/home/ubuntu/app/backend/venv/lib/python3.12/site-packages/fastapi/routing.py", line 151, in app
    await wrap_app_handling_exceptions(app, request)(scope, receive, send)
  File "/home/ubuntu/app/backend/venv/lib/python3.12/site-packages/starlette/_exception_handler.py", line 53, in wrapped_app
    raise exc
  File "/home/ubuntu/app/backend/venv/lib/python3.12/site-packages/starlette/_exception_handler.py", line 42, in wrapped_app
    await app(scope, receive, sender)
  File "/home/ubuntu/app/backend/venv/lib/python3.12/site-packages/fastapi/routing.py", line 137, in app
    response = await f(request)
               ^^^^^^^^^^^^^^^^
  File "/home/ubuntu/app/backend/venv/lib/python3.12/site-packages/fastapi/routing.py", line 691, in app
    raw_response = await run_endpoint_function(
                   ^^^^^^^^^^^^^^^^^^^^^^^^^^^^
  File "/home/ubuntu/app/backend/venv/lib/python3.12/site-packages/fastapi/routing.py", line 347, in run_endpoint_function
    return await run_in_threadpool(dependant.call, **values)
           ^^^^^^^^^^^^^^^^^^^^^^^^^^^^^^^^^^^^^^^^^^^^^^^^^
  File "/home/ubuntu/app/backend/venv/lib/python3.12/site-packages/starlette/concurrency.py", line 34, in run_in_threadpool
    return await anyio.to_thread.run_sync(func)
           ^^^^^^^^^^^^^^^^^^^^^^^^^^^^^^^^^^^^
  File "/home/ubuntu/app/backend/venv/lib/python3.12/site-packages/anyio/to_thread.py", line 65, in run_sync
    return await get_async_backend().run_sync_in_worker_thread(
           ^^^^^^^^^^^^^^^^^^^^^^^^^^^^^^^^^^^^^^^^^^^^^^^^^^^^
  File "/home/ubuntu/app/backend/venv/lib/python3.12/site-packages/anyio/_backends/_asyncio.py", line 2641, in run_sync_in_worker_thread
    return await future
           ^^^^^^^^^^^^
  File "/home/ubuntu/app/backend/venv/lib/python3.12/site-packages/anyio/_backends/_asyncio.py", line 1033, in run
    result = context.run(func, *args)
             ^^^^^^^^^^^^^^^^^^^^^^^^
  File "/home/ubuntu/app/backend/main.py", line 1591, in count_pending_approvals
    models.ApprovalRequest.user_id == user.id,
                                      ^^^^^^^
AttributeError: 'NoneType' object has no attribute 'id'
2026-08-28 14:00:58.855146 - GET /api/approvals/count - 7e6871e4c0b243ed99b0b680eab1aacc - 'NoneType' object has no attribute 'id'
Traceback (most recent call last):
  File "/home/ubuntu/app/backend/venv/lib/python3.12/site-packages/starlette/middleware/errors.py", line 164, in __call__
    await self.app(scope, receive, _send)
  File "/home/ubuntu/app/backend/venv/lib/python3.12/site-packages/starlette/middleware/cors.py", line 88, in __call__
    await self.app(scope, receive, send)
  File "/home/ubuntu/app/backend/venv/lib/python3.12/site-packages/starlette/middleware/exceptions.py", line 63, in __call__
    await wrap_app_handling_exceptions(self.app, conn)(scope, receive, send)
  File "/home/ubuntu/app/backend/venv/lib/python3.12/site-packages/starlette/_exception_handler.py", line 53, in wrapped_app
    raise exc
  File "/home/ubuntu/app/backend/venv/lib/python3.12/site-packages/starlette/_exception_handler.py", line 42, in wrapped_app
    await app(scope, receive, sender)
  File "/home/ubuntu/app/backend/venv/lib/python3.12/site-packages/fastapi/middleware/asyncexitstack.py", line 18, in __call__
    await self.app(scope, receive, send)
  File "/home/ubuntu/app/backend/venv/lib/python3.12/site-packages/starlette/routing.py", line 660, in __call__
    await self.middleware_stack(scope, receive, send)
  File "/home/ubuntu/app/backend/venv/lib/python3.12/site-packages/fastapi/routing.py", line 2685, in app
    await route.handle(scope, receive, send)
  File "/home/ubuntu/app/backend/venv/lib/python3.12/site-packages/fastapi/routing.py", line 1267, in handle
    await super().handle(scope, receive, send)
  File "/home/ubuntu/app/backend/venv/lib/python3.12/site-packages/starlette/routing.py", line 276, in handle
    await self.app(scope, receive, send)
  File "/home/ubuntu/app/backend/venv/lib/python3.12/site-packages/fastapi/routing.py", line 151, in app
    await wrap_app_handling_exceptions(app, request)(scope, receive, send)
  File "/home/ubuntu/app/backend/venv/lib/python3.12/site-packages/starlette/_exception_handler.py", line 53, in wrapped_app
    raise exc
  File "/home/ubuntu/app/backend/venv/lib/python3.12/site-packages/starlette/_exception_handler.py", line 42, in wrapped_app
    await app(scope, receive, sender)
  File "/home/ubuntu/app/backend/venv/lib/python3.12/site-packages/fastapi/routing.py", line 137, in app
    response = await f(request)
               ^^^^^^^^^^^^^^^^
  File "/home/ubuntu/app/backend/venv/lib/python3.12/site-packages/fastapi/routing.py", line 691, in app
    raw_response = await run_endpoint_function(
                   ^^^^^^^^^^^^^^^^^^^^^^^^^^^^
  File "/home/ubuntu/app/backend/venv/lib/python3.12/site-packages/fastapi/routing.py", line 347, in run_endpoint_function
    return await run_in_threadpool(dependant.call, **values)
           ^^^^^^^^^^^^^^^^^^^^^^^^^^^^^^^^^^^^^^^^^^^^^^^^^
  File "/home/ubuntu/app/backend/venv/lib/python3.12/site-packages/starlette/concurrency.py", line 34, in run_in_threadpool
    return await anyio.to_thread.run_sync(func)
           ^^^^^^^^^^^^^^^^^^^^^^^^^^^^^^^^^^^^
  File "/home/ubuntu/app/backend/venv/lib/python3.12/site-packages/anyio/to_thread.py", line 65, in run_sync
    return await get_async_backend().run_sync_in_worker_thread(
           ^^^^^^^^^^^^^^^^^^^^^^^^^^^^^^^^^^^^^^^^^^^^^^^^^^^^
  File "/home/ubuntu/app/backend/venv/lib/python3.12/site-packages/anyio/_backends/_asyncio.py", line 2641, in run_sync_in_worker_thread
    return await future
           ^^^^^^^^^^^^
  File "/home/ubuntu/app/backend/venv/lib/python3.12/site-packages/anyio/_backends/_asyncio.py", line 1033, in run
    result = context.run(func, *args)
             ^^^^^^^^^^^^^^^^^^^^^^^^
  File "/home/ubuntu/app/backend/main.py", line 1591, in count_pending_approvals
    models.ApprovalRequest.user_id == user.id,
                                      ^^^^^^^
AttributeError: 'NoneType' object has no attribute 'id'
2026-08-28 14:00:59.868335 - GET /api/approvals/count - f856b7450ece4272b17fda7113b8c87d - 'NoneType' object has no attribute 'id'
Traceback (most recent call last):
  File "/home/ubuntu/app/backend/venv/lib/python3.12/site-packages/starlette/middleware/errors.py", line 164, in __call__
    await self.app(scope, receive, _send)
  File "/home/ubuntu/app/backend/venv/lib/python3.12/site-packages/starlette/middleware/cors.py", line 88, in __call__
    await self.app(scope, receive, send)
  File "/home/ubuntu/app/backend/venv/lib/python3.12/site-packages/starlette/middleware/exceptions.py", line 63, in __call__
    await wrap_app_handling_exceptions(self.app, conn)(scope, receive, send)
  File "/home/ubuntu/app/backend/venv/lib/python3.12/site-packages/starlette/_exception_handler.py", line 53, in wrapped_app
    raise exc
  File "/home/ubuntu/app/backend/venv/lib/python3.12/site-packages/starlette/_exception_handler.py", line 42, in wrapped_app
    await app(scope, receive, sender)
  File "/home/ubuntu/app/backend/venv/lib/python3.12/site-packages/fastapi/middleware/asyncexitstack.py", line 18, in __call__
    await self.app(scope, receive, send)
  File "/home/ubuntu/app/backend/venv/lib/python3.12/site-packages/starlette/routing.py", line 660, in __call__
    await self.middleware_stack(scope, receive, send)
  File "/home/ubuntu/app/backend/venv/lib/python3.12/site-packages/fastapi/routing.py", line 2685, in app
    await route.handle(scope, receive, send)
  File "/home/ubuntu/app/backend/venv/lib/python3.12/site-packages/fastapi/routing.py", line 1267, in handle
    await super().handle(scope, receive, send)
  File "/home/ubuntu/app/backend/venv/lib/python3.12/site-packages/starlette/routing.py", line 276, in handle
    await self.app(scope, receive, send)
  File "/home/ubuntu/app/backend/venv/lib/python3.12/site-packages/fastapi/routing.py", line 151, in app
    await wrap_app_handling_exceptions(app, request)(scope, receive, send)
  File "/home/ubuntu/app/backend/venv/lib/python3.12/site-packages/starlette/_exception_handler.py", line 53, in wrapped_app
    raise exc
  File "/home/ubuntu/app/backend/venv/lib/python3.12/site-packages/starlette/_exception_handler.py", line 42, in wrapped_app
    await app(scope, receive, sender)
  File "/home/ubuntu/app/backend/venv/lib/python3.12/site-packages/fastapi/routing.py", line 137, in app
    response = await f(request)
               ^^^^^^^^^^^^^^^^
  File "/home/ubuntu/app/backend/venv/lib/python3.12/site-packages/fastapi/routing.py", line 691, in app
    raw_response = await run_endpoint_function(
                   ^^^^^^^^^^^^^^^^^^^^^^^^^^^^
  File "/home/ubuntu/app/backend/venv/lib/python3.12/site-packages/fastapi/routing.py", line 347, in run_endpoint_function
    return await run_in_threadpool(dependant.call, **values)
           ^^^^^^^^^^^^^^^^^^^^^^^^^^^^^^^^^^^^^^^^^^^^^^^^^
  File "/home/ubuntu/app/backend/venv/lib/python3.12/site-packages/starlette/concurrency.py", line 34, in run_in_threadpool
    return await anyio.to_thread.run_sync(func)
           ^^^^^^^^^^^^^^^^^^^^^^^^^^^^^^^^^^^^
  File "/home/ubuntu/app/backend/venv/lib/python3.12/site-packages/anyio/to_thread.py", line 65, in run_sync
    return await get_async_backend().run_sync_in_worker_thread(
           ^^^^^^^^^^^^^^^^^^^^^^^^^^^^^^^^^^^^^^^^^^^^^^^^^^^^
  File "/home/ubuntu/app/backend/venv/lib/python3.12/site-packages/anyio/_backends/_asyncio.py", line 2641, in run_sync_in_worker_thread
    return await future
           ^^^^^^^^^^^^
  File "/home/ubuntu/app/backend/venv/lib/python3.12/site-packages/anyio/_backends/_asyncio.py", line 1033, in run
    result = context.run(func, *args)
             ^^^^^^^^^^^^^^^^^^^^^^^^
  File "/home/ubuntu/app/backend/main.py", line 1591, in count_pending_approvals
    models.ApprovalRequest.user_id == user.id,
                                      ^^^^^^^
AttributeError: 'NoneType' object has no attribute 'id'
2026-08-28 14:01:00.884036 - GET /api/approvals/count - 3a7f3b8f3701425a988627e2d797e322 - 'NoneType' object has no attribute 'id'
Traceback (most recent call last):
  File "/home/ubuntu/app/backend/venv/lib/python3.12/site-packages/starlette/middleware/errors.py", line 164, in __call__
    await self.app(scope, receive, _send)
  File "/home/ubuntu/app/backend/venv/lib/python3.12/site-packages/starlette/middleware/cors.py", line 88, in __call__
    await self.app(scope, receive, send)
  File "/home/ubuntu/app/backend/venv/lib/python3.12/site-packages/starlette/middleware/exceptions.py", line 63, in __call__
    await wrap_app_handling_exceptions(self.app, conn)(scope, receive, send)
  File "/home/ubuntu/app/backend/venv/lib/python3.12/site-packages/starlette/_exception_handler.py", line 53, in wrapped_app
    raise exc
  File "/home/ubuntu/app/backend/venv/lib/python3.12/site-packages/starlette/_exception_handler.py", line 42, in wrapped_app
    await app(scope, receive, sender)
  File "/home/ubuntu/app/backend/venv/lib/python3.12/site-packages/fastapi/middleware/asyncexitstack.py", line 18, in __call__
    await self.app(scope, receive, send)
  File "/home/ubuntu/app/backend/venv/lib/python3.12/site-packages/starlette/routing.py", line 660, in __call__
    await self.middleware_stack(scope, receive, send)
  File "/home/ubuntu/app/backend/venv/lib/python3.12/site-packages/fastapi/routing.py", line 2685, in app
    await route.handle(scope, receive, send)
  File "/home/ubuntu/app/backend/venv/lib/python3.12/site-packages/fastapi/routing.py", line 1267, in handle
    await super().handle(scope, receive, send)
  File "/home/ubuntu/app/backend/venv/lib/python3.12/site-packages/starlette/routing.py", line 276, in handle
    await self.app(scope, receive, send)
  File "/home/ubuntu/app/backend/venv/lib/python3.12/site-packages/fastapi/routing.py", line 151, in app
    await wrap_app_handling_exceptions(app, request)(scope, receive, send)
  File "/home/ubuntu/app/backend/venv/lib/python3.12/site-packages/starlette/_exception_handler.py", line 53, in wrapped_app
    raise exc
  File "/home/ubuntu/app/backend/venv/lib/python3.12/site-packages/starlette/_exception_handler.py", line 42, in wrapped_app
    await app(scope, receive, sender)
  File "/home/ubuntu/app/backend/venv/lib/python3.12/site-packages/fastapi/routing.py", line 137, in app
    response = await f(request)
               ^^^^^^^^^^^^^^^^
  File "/home/ubuntu/app/backend/venv/lib/python3.12/site-packages/fastapi/routing.py", line 691, in app
    raw_response = await run_endpoint_function(
                   ^^^^^^^^^^^^^^^^^^^^^^^^^^^^
  File "/home/ubuntu/app/backend/venv/lib/python3.12/site-packages/fastapi/routing.py", line 347, in run_endpoint_function
    return await run_in_threadpool(dependant.call, **values)
           ^^^^^^^^^^^^^^^^^^^^^^^^^^^^^^^^^^^^^^^^^^^^^^^^^
  File "/home/ubuntu/app/backend/venv/lib/python3.12/site-packages/starlette/concurrency.py", line 34, in run_in_threadpool
    return await anyio.to_thread.run_sync(func)
           ^^^^^^^^^^^^^^^^^^^^^^^^^^^^^^^^^^^^
  File "/home/ubuntu/app/backend/venv/lib/python3.12/site-packages/anyio/to_thread.py", line 65, in run_sync
    return await get_async_backend().run_sync_in_worker_thread(
           ^^^^^^^^^^^^^^^^^^^^^^^^^^^^^^^^^^^^^^^^^^^^^^^^^^^^
  File "/home/ubuntu/app/backend/venv/lib/python3.12/site-packages/anyio/_backends/_asyncio.py", line 2641, in run_sync_in_worker_thread
    return await future
           ^^^^^^^^^^^^
  File "/home/ubuntu/app/backend/venv/lib/python3.12/site-packages/anyio/_backends/_asyncio.py", line 1033, in run
    result = context.run(func, *args)
             ^^^^^^^^^^^^^^^^^^^^^^^^
  File "/home/ubuntu/app/backend/main.py", line 1591, in count_pending_approvals
    models.ApprovalRequest.user_id == user.id,
                                      ^^^^^^^
AttributeError: 'NoneType' object has no attribute 'id'
2026-08-28 14:01:01.914797 - GET /api/approvals/count - 127cfd03ac3c45a29aee2d6bb01d4c9e - 'NoneType' object has no attribute 'id'
Traceback (most recent call last):
  File "/home/ubuntu/app/backend/venv/lib/python3.12/site-packages/starlette/middleware/errors.py", line 164, in __call__
    await self.app(scope, receive, _send)
  File "/home/ubuntu/app/backend/venv/lib/python3.12/site-packages/starlette/middleware/cors.py", line 88, in __call__
    await self.app(scope, receive, send)
  File "/home/ubuntu/app/backend/venv/lib/python3.12/site-packages/starlette/middleware/exceptions.py", line 63, in __call__
    await wrap_app_handling_exceptions(self.app, conn)(scope, receive, send)
  File "/home/ubuntu/app/backend/venv/lib/python3.12/site-packages/starlette/_exception_handler.py", line 53, in wrapped_app
    raise exc
  File "/home/ubuntu/app/backend/venv/lib/python3.12/site-packages/starlette/_exception_handler.py", line 42, in wrapped_app
    await app(scope, receive, sender)
  File "/home/ubuntu/app/backend/venv/lib/python3.12/site-packages/fastapi/middleware/asyncexitstack.py", line 18, in __call__
    await self.app(scope, receive, send)
  File "/home/ubuntu/app/backend/venv/lib/python3.12/site-packages/starlette/routing.py", line 660, in __call__
    await self.middleware_stack(scope, receive, send)
  File "/home/ubuntu/app/backend/venv/lib/python3.12/site-packages/fastapi/routing.py", line 2685, in app
    await route.handle(scope, receive, send)
  File "/home/ubuntu/app/backend/venv/lib/python3.12/site-packages/fastapi/routing.py", line 1267, in handle
    await super().handle(scope, receive, send)
  File "/home/ubuntu/app/backend/venv/lib/python3.12/site-packages/starlette/routing.py", line 276, in handle
    await self.app(scope, receive, send)
  File "/home/ubuntu/app/backend/venv/lib/python3.12/site-packages/fastapi/routing.py", line 151, in app
    await wrap_app_handling_exceptions(app, request)(scope, receive, send)
  File "/home/ubuntu/app/backend/venv/lib/python3.12/site-packages/starlette/_exception_handler.py", line 53, in wrapped_app
    raise exc
  File "/home/ubuntu/app/backend/venv/lib/python3.12/site-packages/starlette/_exception_handler.py", line 42, in wrapped_app
    await app(scope, receive, sender)
  File "/home/ubuntu/app/backend/venv/lib/python3.12/site-packages/fastapi/routing.py", line 137, in app
    response = await f(request)
               ^^^^^^^^^^^^^^^^
  File "/home/ubuntu/app/backend/venv/lib/python3.12/site-packages/fastapi/routing.py", line 691, in app
    raw_response = await run_endpoint_function(
                   ^^^^^^^^^^^^^^^^^^^^^^^^^^^^
  File "/home/ubuntu/app/backend/venv/lib/python3.12/site-packages/fastapi/routing.py", line 347, in run_endpoint_function
    return await run_in_threadpool(dependant.call, **values)
           ^^^^^^^^^^^^^^^^^^^^^^^^^^^^^^^^^^^^^^^^^^^^^^^^^
  File "/home/ubuntu/app/backend/venv/lib/python3.12/site-packages/starlette/concurrency.py", line 34, in run_in_threadpool
    return await anyio.to_thread.run_sync(func)
           ^^^^^^^^^^^^^^^^^^^^^^^^^^^^^^^^^^^^
  File "/home/ubuntu/app/backend/venv/lib/python3.12/site-packages/anyio/to_thread.py", line 65, in run_sync
    return await get_async_backend().run_sync_in_worker_thread(
           ^^^^^^^^^^^^^^^^^^^^^^^^^^^^^^^^^^^^^^^^^^^^^^^^^^^^
  File "/home/ubuntu/app/backend/venv/lib/python3.12/site-packages/anyio/_backends/_asyncio.py", line 2641, in run_sync_in_worker_thread
    return await future
           ^^^^^^^^^^^^
  File "/home/ubuntu/app/backend/venv/lib/python3.12/site-packages/anyio/_backends/_asyncio.py", line 1033, in run
    result = context.run(func, *args)
             ^^^^^^^^^^^^^^^^^^^^^^^^
  File "/home/ubuntu/app/backend/main.py", line 1591, in count_pending_approvals
    models.ApprovalRequest.user_id == user.id,
                                      ^^^^^^^
AttributeError: 'NoneType' object has no attribute 'id'
2026-08-28 14:01:02.967657 - GET /api/approvals/count - 0e01a4e2de7442088ef182ed23d61e2f - 'NoneType' object has no attribute 'id'
Traceback (most recent call last):
  File "/home/ubuntu/app/backend/venv/lib/python3.12/site-packages/starlette/middleware/errors.py", line 164, in __call__
    await self.app(scope, receive, _send)
  File "/home/ubuntu/app/backend/venv/lib/python3.12/site-packages/starlette/middleware/cors.py", line 88, in __call__
    await self.app(scope, receive, send)
  File "/home/ubuntu/app/backend/venv/lib/python3.12/site-packages/starlette/middleware/exceptions.py", line 63, in __call__
    await wrap_app_handling_exceptions(self.app, conn)(scope, receive, send)
  File "/home/ubuntu/app/backend/venv/lib/python3.12/site-packages/starlette/_exception_handler.py", line 53, in wrapped_app
    raise exc
  File "/home/ubuntu/app/backend/venv/lib/python3.12/site-packages/starlette/_exception_handler.py", line 42, in wrapped_app
    await app(scope, receive, sender)
  File "/home/ubuntu/app/backend/venv/lib/python3.12/site-packages/fastapi/middleware/asyncexitstack.py", line 18, in __call__
    await self.app(scope, receive, send)
  File "/home/ubuntu/app/backend/venv/lib/python3.12/site-packages/starlette/routing.py", line 660, in __call__
    await self.middleware_stack(scope, receive, send)
  File "/home/ubuntu/app/backend/venv/lib/python3.12/site-packages/fastapi/routing.py", line 2685, in app
    await route.handle(scope, receive, send)
  File "/home/ubuntu/app/backend/venv/lib/python3.12/site-packages/fastapi/routing.py", line 1267, in handle
    await super().handle(scope, receive, send)
  File "/home/ubuntu/app/backend/venv/lib/python3.12/site-packages/starlette/routing.py", line 276, in handle
    await self.app(scope, receive, send)
  File "/home/ubuntu/app/backend/venv/lib/python3.12/site-packages/fastapi/routing.py", line 151, in app
    await wrap_app_handling_exceptions(app, request)(scope, receive, send)
  File "/home/ubuntu/app/backend/venv/lib/python3.12/site-packages/starlette/_exception_handler.py", line 53, in wrapped_app
    raise exc
  File "/home/ubuntu/app/backend/venv/lib/python3.12/site-packages/starlette/_exception_handler.py", line 42, in wrapped_app
    await app(scope, receive, sender)
  File "/home/ubuntu/app/backend/venv/lib/python3.12/site-packages/fastapi/routing.py", line 137, in app
    response = await f(request)
               ^^^^^^^^^^^^^^^^
  File "/home/ubuntu/app/backend/venv/lib/python3.12/site-packages/fastapi/routing.py", line 691, in app
    raw_response = await run_endpoint_function(
                   ^^^^^^^^^^^^^^^^^^^^^^^^^^^^
  File "/home/ubuntu/app/backend/venv/lib/python3.12/site-packages/fastapi/routing.py", line 347, in run_endpoint_function
    return await run_in_threadpool(dependant.call, **values)
           ^^^^^^^^^^^^^^^^^^^^^^^^^^^^^^^^^^^^^^^^^^^^^^^^^
  File "/home/ubuntu/app/backend/venv/lib/python3.12/site-packages/starlette/concurrency.py", line 34, in run_in_threadpool
    return await anyio.to_thread.run_sync(func)
           ^^^^^^^^^^^^^^^^^^^^^^^^^^^^^^^^^^^^
  File "/home/ubuntu/app/backend/venv/lib/python3.12/site-packages/anyio/to_thread.py", line 65, in run_sync
    return await get_async_backend().run_sync_in_worker_thread(
           ^^^^^^^^^^^^^^^^^^^^^^^^^^^^^^^^^^^^^^^^^^^^^^^^^^^^
  File "/home/ubuntu/app/backend/venv/lib/python3.12/site-packages/anyio/_backends/_asyncio.py", line 2641, in run_sync_in_worker_thread
    return await future
           ^^^^^^^^^^^^
  File "/home/ubuntu/app/backend/venv/lib/python3.12/site-packages/anyio/_backends/_asyncio.py", line 1033, in run
    result = context.run(func, *args)
             ^^^^^^^^^^^^^^^^^^^^^^^^
  File "/home/ubuntu/app/backend/main.py", line 1591, in count_pending_approvals
    models.ApprovalRequest.user_id == user.id,
                                      ^^^^^^^
AttributeError: 'NoneType' object has no attribute 'id'
2026-08-28 14:01:03.987992 - GET /api/approvals/count - 14a5a0f001724ad886ab9937c8b68df3 - 'NoneType' object has no attribute 'id'
Traceback (most recent call last):
  File "/home/ubuntu/app/backend/venv/lib/python3.12/site-packages/starlette/middleware/errors.py", line 164, in __call__
    await self.app(scope, receive, _send)
  File "/home/ubuntu/app/backend/venv/lib/python3.12/site-packages/starlette/middleware/cors.py", line 88, in __call__
    await self.app(scope, receive, send)
  File "/home/ubuntu/app/backend/venv/lib/python3.12/site-packages/starlette/middleware/exceptions.py", line 63, in __call__
    await wrap_app_handling_exceptions(self.app, conn)(scope, receive, send)
  File "/home/ubuntu/app/backend/venv/lib/python3.12/site-packages/starlette/_exception_handler.py", line 53, in wrapped_app
    raise exc
  File "/home/ubuntu/app/backend/venv/lib/python3.12/site-packages/starlette/_exception_handler.py", line 42, in wrapped_app
    await app(scope, receive, sender)
  File "/home/ubuntu/app/backend/venv/lib/python3.12/site-packages/fastapi/middleware/asyncexitstack.py", line 18, in __call__
    await self.app(scope, receive, send)
  File "/home/ubuntu/app/backend/venv/lib/python3.12/site-packages/starlette/routing.py", line 660, in __call__
    await self.middleware_stack(scope, receive, send)
  File "/home/ubuntu/app/backend/venv/lib/python3.12/site-packages/fastapi/routing.py", line 2685, in app
    await route.handle(scope, receive, send)
  File "/home/ubuntu/app/backend/venv/lib/python3.12/site-packages/fastapi/routing.py", line 1267, in handle
    await super().handle(scope, receive, send)
  File "/home/ubuntu/app/backend/venv/lib/python3.12/site-packages/starlette/routing.py", line 276, in handle
    await self.app(scope, receive, send)
  File "/home/ubuntu/app/backend/venv/lib/python3.12/site-packages/fastapi/routing.py", line 151, in app
    await wrap_app_handling_exceptions(app, request)(scope, receive, send)
  File "/home/ubuntu/app/backend/venv/lib/python3.12/site-packages/starlette/_exception_handler.py", line 53, in wrapped_app
    raise exc
  File "/home/ubuntu/app/backend/venv/lib/python3.12/site-packages/starlette/_exception_handler.py", line 42, in wrapped_app
    await app(scope, receive, sender)
  File "/home/ubuntu/app/backend/venv/lib/python3.12/site-packages/fastapi/routing.py", line 137, in app
    response = await f(request)
               ^^^^^^^^^^^^^^^^
  File "/home/ubuntu/app/backend/venv/lib/python3.12/site-packages/fastapi/routing.py", line 691, in app
    raw_response = await run_endpoint_function(
                   ^^^^^^^^^^^^^^^^^^^^^^^^^^^^
  File "/home/ubuntu/app/backend/venv/lib/python3.12/site-packages/fastapi/routing.py", line 347, in run_endpoint_function
    return await run_in_threadpool(dependant.call, **values)
           ^^^^^^^^^^^^^^^^^^^^^^^^^^^^^^^^^^^^^^^^^^^^^^^^^
  File "/home/ubuntu/app/backend/venv/lib/python3.12/site-packages/starlette/concurrency.py", line 34, in run_in_threadpool
    return await anyio.to_thread.run_sync(func)
           ^^^^^^^^^^^^^^^^^^^^^^^^^^^^^^^^^^^^
  File "/home/ubuntu/app/backend/venv/lib/python3.12/site-packages/anyio/to_thread.py", line 65, in run_sync
    return await get_async_backend().run_sync_in_worker_thread(
           ^^^^^^^^^^^^^^^^^^^^^^^^^^^^^^^^^^^^^^^^^^^^^^^^^^^^
  File "/home/ubuntu/app/backend/venv/lib/python3.12/site-packages/anyio/_backends/_asyncio.py", line 2641, in run_sync_in_worker_thread
    return await future
           ^^^^^^^^^^^^
  File "/home/ubuntu/app/backend/venv/lib/python3.12/site-packages/anyio/_backends/_asyncio.py", line 1033, in run
    result = context.run(func, *args)
             ^^^^^^^^^^^^^^^^^^^^^^^^
  File "/home/ubuntu/app/backend/main.py", line 1591, in count_pending_approvals
    models.ApprovalRequest.user_id == user.id,
                                      ^^^^^^^
AttributeError: 'NoneType' object has no attribute 'id'
2026-08-28 14:01:05.010447 - GET /api/approvals/count - e950d93ab9614844a10061eeade30d9c - 'NoneType' object has no attribute 'id'
Traceback (most recent call last):
  File "/home/ubuntu/app/backend/venv/lib/python3.12/site-packages/starlette/middleware/errors.py", line 164, in __call__
    await self.app(scope, receive, _send)
  File "/home/ubuntu/app/backend/venv/lib/python3.12/site-packages/starlette/middleware/cors.py", line 88, in __call__
    await self.app(scope, receive, send)
  File "/home/ubuntu/app/backend/venv/lib/python3.12/site-packages/starlette/middleware/exceptions.py", line 63, in __call__
    await wrap_app_handling_exceptions(self.app, conn)(scope, receive, send)
  File "/home/ubuntu/app/backend/venv/lib/python3.12/site-packages/starlette/_exception_handler.py", line 53, in wrapped_app
    raise exc
  File "/home/ubuntu/app/backend/venv/lib/python3.12/site-packages/starlette/_exception_handler.py", line 42, in wrapped_app
    await app(scope, receive, sender)
  File "/home/ubuntu/app/backend/venv/lib/python3.12/site-packages/fastapi/middleware/asyncexitstack.py", line 18, in __call__
    await self.app(scope, receive, send)
  File "/home/ubuntu/app/backend/venv/lib/python3.12/site-packages/starlette/routing.py", line 660, in __call__
    await self.middleware_stack(scope, receive, send)
  File "/home/ubuntu/app/backend/venv/lib/python3.12/site-packages/fastapi/routing.py", line 2685, in app
    await route.handle(scope, receive, send)
  File "/home/ubuntu/app/backend/venv/lib/python3.12/site-packages/fastapi/routing.py", line 1267, in handle
    await super().handle(scope, receive, send)
  File "/home/ubuntu/app/backend/venv/lib/python3.12/site-packages/starlette/routing.py", line 276, in handle
    await self.app(scope, receive, send)
  File "/home/ubuntu/app/backend/venv/lib/python3.12/site-packages/fastapi/routing.py", line 151, in app
    await wrap_app_handling_exceptions(app, request)(scope, receive, send)
  File "/home/ubuntu/app/backend/venv/lib/python3.12/site-packages/starlette/_exception_handler.py", line 53, in wrapped_app
    raise exc
  File "/home/ubuntu/app/backend/venv/lib/python3.12/site-packages/starlette/_exception_handler.py", line 42, in wrapped_app
    await app(scope, receive, sender)
  File "/home/ubuntu/app/backend/venv/lib/python3.12/site-packages/fastapi/routing.py", line 137, in app
    response = await f(request)
               ^^^^^^^^^^^^^^^^
  File "/home/ubuntu/app/backend/venv/lib/python3.12/site-packages/fastapi/routing.py", line 691, in app
    raw_response = await run_endpoint_function(
                   ^^^^^^^^^^^^^^^^^^^^^^^^^^^^
  File "/home/ubuntu/app/backend/venv/lib/python3.12/site-packages/fastapi/routing.py", line 347, in run_endpoint_function
    return await run_in_threadpool(dependant.call, **values)
           ^^^^^^^^^^^^^^^^^^^^^^^^^^^^^^^^^^^^^^^^^^^^^^^^^
  File "/home/ubuntu/app/backend/venv/lib/python3.12/site-packages/starlette/concurrency.py", line 34, in run_in_threadpool
    return await anyio.to_thread.run_sync(func)
           ^^^^^^^^^^^^^^^^^^^^^^^^^^^^^^^^^^^^
  File "/home/ubuntu/app/backend/venv/lib/python3.12/site-packages/anyio/to_thread.py", line 65, in run_sync
    return await get_async_backend().run_sync_in_worker_thread(
           ^^^^^^^^^^^^^^^^^^^^^^^^^^^^^^^^^^^^^^^^^^^^^^^^^^^^
  File "/home/ubuntu/app/backend/venv/lib/python3.12/site-packages/anyio/_backends/_asyncio.py", line 2641, in run_sync_in_worker_thread
    return await future
           ^^^^^^^^^^^^
  File "/home/ubuntu/app/backend/venv/lib/python3.12/site-packages/anyio/_backends/_asyncio.py", line 1033, in run
    result = context.run(func, *args)
             ^^^^^^^^^^^^^^^^^^^^^^^^
  File "/home/ubuntu/app/backend/main.py", line 1591, in count_pending_approvals
    models.ApprovalRequest.user_id == user.id,
                                      ^^^^^^^
AttributeError: 'NoneType' object has no attribute 'id'
2026-08-28 14:01:06.029796 - GET /api/approvals/count - 754e978ba9084e10a6069b487d9a28c1 - 'NoneType' object has no attribute 'id'
Traceback (most recent call last):
  File "/home/ubuntu/app/backend/venv/lib/python3.12/site-packages/starlette/middleware/errors.py", line 164, in __call__
    await self.app(scope, receive, _send)
  File "/home/ubuntu/app/backend/venv/lib/python3.12/site-packages/starlette/middleware/cors.py", line 88, in __call__
    await self.app(scope, receive, send)
  File "/home/ubuntu/app/backend/venv/lib/python3.12/site-packages/starlette/middleware/exceptions.py", line 63, in __call__
    await wrap_app_handling_exceptions(self.app, conn)(scope, receive, send)
  File "/home/ubuntu/app/backend/venv/lib/python3.12/site-packages/starlette/_exception_handler.py", line 53, in wrapped_app
    raise exc
  File "/home/ubuntu/app/backend/venv/lib/python3.12/site-packages/starlette/_exception_handler.py", line 42, in wrapped_app
    await app(scope, receive, sender)
  File "/home/ubuntu/app/backend/venv/lib/python3.12/site-packages/fastapi/middleware/asyncexitstack.py", line 18, in __call__
    await self.app(scope, receive, send)
  File "/home/ubuntu/app/backend/venv/lib/python3.12/site-packages/starlette/routing.py", line 660, in __call__
    await self.middleware_stack(scope, receive, send)
  File "/home/ubuntu/app/backend/venv/lib/python3.12/site-packages/fastapi/routing.py", line 2685, in app
    await route.handle(scope, receive, send)
  File "/home/ubuntu/app/backend/venv/lib/python3.12/site-packages/fastapi/routing.py", line 1267, in handle
    await super().handle(scope, receive, send)
  File "/home/ubuntu/app/backend/venv/lib/python3.12/site-packages/starlette/routing.py", line 276, in handle
    await self.app(scope, receive, send)
  File "/home/ubuntu/app/backend/venv/lib/python3.12/site-packages/fastapi/routing.py", line 151, in app
    await wrap_app_handling_exceptions(app, request)(scope, receive, send)
  File "/home/ubuntu/app/backend/venv/lib/python3.12/site-packages/starlette/_exception_handler.py", line 53, in wrapped_app
    raise exc
  File "/home/ubuntu/app/backend/venv/lib/python3.12/site-packages/starlette/_exception_handler.py", line 42, in wrapped_app
    await app(scope, receive, sender)
  File "/home/ubuntu/app/backend/venv/lib/python3.12/site-packages/fastapi/routing.py", line 137, in app
    response = await f(request)
               ^^^^^^^^^^^^^^^^
  File "/home/ubuntu/app/backend/venv/lib/python3.12/site-packages/fastapi/routing.py", line 691, in app
    raw_response = await run_endpoint_function(
                   ^^^^^^^^^^^^^^^^^^^^^^^^^^^^
  File "/home/ubuntu/app/backend/venv/lib/python3.12/site-packages/fastapi/routing.py", line 347, in run_endpoint_function
    return await run_in_threadpool(dependant.call, **values)
           ^^^^^^^^^^^^^^^^^^^^^^^^^^^^^^^^^^^^^^^^^^^^^^^^^
  File "/home/ubuntu/app/backend/venv/lib/python3.12/site-packages/starlette/concurrency.py", line 34, in run_in_threadpool
    return await anyio.to_thread.run_sync(func)
           ^^^^^^^^^^^^^^^^^^^^^^^^^^^^^^^^^^^^
  File "/home/ubuntu/app/backend/venv/lib/python3.12/site-packages/anyio/to_thread.py", line 65, in run_sync
    return await get_async_backend().run_sync_in_worker_thread(
           ^^^^^^^^^^^^^^^^^^^^^^^^^^^^^^^^^^^^^^^^^^^^^^^^^^^^
  File "/home/ubuntu/app/backend/venv/lib/python3.12/site-packages/anyio/_backends/_asyncio.py", line 2641, in run_sync_in_worker_thread
    return await future
           ^^^^^^^^^^^^
  File "/home/ubuntu/app/backend/venv/lib/python3.12/site-packages/anyio/_backends/_asyncio.py", line 1033, in run
    result = context.run(func, *args)
             ^^^^^^^^^^^^^^^^^^^^^^^^
  File "/home/ubuntu/app/backend/main.py", line 1591, in count_pending_approvals
    models.ApprovalRequest.user_id == user.id,
                                      ^^^^^^^
AttributeError: 'NoneType' object has no attribute 'id'
2026-08-28 14:01:07.043993 - GET /api/approvals/count - 2f4264e4d9a1478abc14468755edebeb - 'NoneType' object has no attribute 'id'
Traceback (most recent call last):
  File "/home/ubuntu/app/backend/venv/lib/python3.12/site-packages/starlette/middleware/errors.py", line 164, in __call__
    await self.app(scope, receive, _send)
  File "/home/ubuntu/app/backend/venv/lib/python3.12/site-packages/starlette/middleware/cors.py", line 88, in __call__
    await self.app(scope, receive, send)
  File "/home/ubuntu/app/backend/venv/lib/python3.12/site-packages/starlette/middleware/exceptions.py", line 63, in __call__
    await wrap_app_handling_exceptions(self.app, conn)(scope, receive, send)
  File "/home/ubuntu/app/backend/venv/lib/python3.12/site-packages/starlette/_exception_handler.py", line 53, in wrapped_app
    raise exc
  File "/home/ubuntu/app/backend/venv/lib/python3.12/site-packages/starlette/_exception_handler.py", line 42, in wrapped_app
    await app(scope, receive, sender)
  File "/home/ubuntu/app/backend/venv/lib/python3.12/site-packages/fastapi/middleware/asyncexitstack.py", line 18, in __call__
    await self.app(scope, receive, send)
  File "/home/ubuntu/app/backend/venv/lib/python3.12/site-packages/starlette/routing.py", line 660, in __call__
    await self.middleware_stack(scope, receive, send)
  File "/home/ubuntu/app/backend/venv/lib/python3.12/site-packages/fastapi/routing.py", line 2685, in app
    await route.handle(scope, receive, send)
  File "/home/ubuntu/app/backend/venv/lib/python3.12/site-packages/fastapi/routing.py", line 1267, in handle
    await super().handle(scope, receive, send)
  File "/home/ubuntu/app/backend/venv/lib/python3.12/site-packages/starlette/routing.py", line 276, in handle
    await self.app(scope, receive, send)
  File "/home/ubuntu/app/backend/venv/lib/python3.12/site-packages/fastapi/routing.py", line 151, in app
    await wrap_app_handling_exceptions(app, request)(scope, receive, send)
  File "/home/ubuntu/app/backend/venv/lib/python3.12/site-packages/starlette/_exception_handler.py", line 53, in wrapped_app
    raise exc
  File "/home/ubuntu/app/backend/venv/lib/python3.12/site-packages/starlette/_exception_handler.py", line 42, in wrapped_app
    await app(scope, receive, sender)
  File "/home/ubuntu/app/backend/venv/lib/python3.12/site-packages/fastapi/routing.py", line 137, in app
    response = await f(request)
               ^^^^^^^^^^^^^^^^
  File "/home/ubuntu/app/backend/venv/lib/python3.12/site-packages/fastapi/routing.py", line 691, in app
    raw_response = await run_endpoint_function(
                   ^^^^^^^^^^^^^^^^^^^^^^^^^^^^
  File "/home/ubuntu/app/backend/venv/lib/python3.12/site-packages/fastapi/routing.py", line 347, in run_endpoint_function
    return await run_in_threadpool(dependant.call, **values)
           ^^^^^^^^^^^^^^^^^^^^^^^^^^^^^^^^^^^^^^^^^^^^^^^^^
  File "/home/ubuntu/app/backend/venv/lib/python3.12/site-packages/starlette/concurrency.py", line 34, in run_in_threadpool
    return await anyio.to_thread.run_sync(func)
           ^^^^^^^^^^^^^^^^^^^^^^^^^^^^^^^^^^^^
  File "/home/ubuntu/app/backend/venv/lib/python3.12/site-packages/anyio/to_thread.py", line 65, in run_sync
    return await get_async_backend().run_sync_in_worker_thread(
           ^^^^^^^^^^^^^^^^^^^^^^^^^^^^^^^^^^^^^^^^^^^^^^^^^^^^
  File "/home/ubuntu/app/backend/venv/lib/python3.12/site-packages/anyio/_backends/_asyncio.py", line 2641, in run_sync_in_worker_thread
    return await future
           ^^^^^^^^^^^^
  File "/home/ubuntu/app/backend/venv/lib/python3.12/site-packages/anyio/_backends/_asyncio.py", line 1033, in run
    result = context.run(func, *args)
             ^^^^^^^^^^^^^^^^^^^^^^^^
  File "/home/ubuntu/app/backend/main.py", line 1591, in count_pending_approvals
    models.ApprovalRequest.user_id == user.id,
                                      ^^^^^^^
AttributeError: 'NoneType' object has no attribute 'id'
2026-08-28 14:01:08.057786 - GET /api/approvals/count - 609f43ec238643eb8831661ace28ace1 - 'NoneType' object has no attribute 'id'
Traceback (most recent call last):
  File "/home/ubuntu/app/backend/venv/lib/python3.12/site-packages/starlette/middleware/errors.py", line 164, in __call__
    await self.app(scope, receive, _send)
  File "/home/ubuntu/app/backend/venv/lib/python3.12/site-packages/starlette/middleware/cors.py", line 88, in __call__
    await self.app(scope, receive, send)
  File "/home/ubuntu/app/backend/venv/lib/python3.12/site-packages/starlette/middleware/exceptions.py", line 63, in __call__
    await wrap_app_handling_exceptions(self.app, conn)(scope, receive, send)
  File "/home/ubuntu/app/backend/venv/lib/python3.12/site-packages/starlette/_exception_handler.py", line 53, in wrapped_app
    raise exc
  File "/home/ubuntu/app/backend/venv/lib/python3.12/site-packages/starlette/_exception_handler.py", line 42, in wrapped_app
    await app(scope, receive, sender)
  File "/home/ubuntu/app/backend/venv/lib/python3.12/site-packages/fastapi/middleware/asyncexitstack.py", line 18, in __call__
    await self.app(scope, receive, send)
  File "/home/ubuntu/app/backend/venv/lib/python3.12/site-packages/starlette/routing.py", line 660, in __call__
    await self.middleware_stack(scope, receive, send)
  File "/home/ubuntu/app/backend/venv/lib/python3.12/site-packages/fastapi/routing.py", line 2685, in app
    await route.handle(scope, receive, send)
  File "/home/ubuntu/app/backend/venv/lib/python3.12/site-packages/fastapi/routing.py", line 1267, in handle
    await super().handle(scope, receive, send)
  File "/home/ubuntu/app/backend/venv/lib/python3.12/site-packages/starlette/routing.py", line 276, in handle
    await self.app(scope, receive, send)
  File "/home/ubuntu/app/backend/venv/lib/python3.12/site-packages/fastapi/routing.py", line 151, in app
    await wrap_app_handling_exceptions(app, request)(scope, receive, send)
  File "/home/ubuntu/app/backend/venv/lib/python3.12/site-packages/starlette/_exception_handler.py", line 53, in wrapped_app
    raise exc
  File "/home/ubuntu/app/backend/venv/lib/python3.12/site-packages/starlette/_exception_handler.py", line 42, in wrapped_app
    await app(scope, receive, sender)
  File "/home/ubuntu/app/backend/venv/lib/python3.12/site-packages/fastapi/routing.py", line 137, in app
    response = await f(request)
               ^^^^^^^^^^^^^^^^
  File "/home/ubuntu/app/backend/venv/lib/python3.12/site-packages/fastapi/routing.py", line 691, in app
    raw_response = await run_endpoint_function(
                   ^^^^^^^^^^^^^^^^^^^^^^^^^^^^
  File "/home/ubuntu/app/backend/venv/lib/python3.12/site-packages/fastapi/routing.py", line 347, in run_endpoint_function
    return await run_in_threadpool(dependant.call, **values)
           ^^^^^^^^^^^^^^^^^^^^^^^^^^^^^^^^^^^^^^^^^^^^^^^^^
  File "/home/ubuntu/app/backend/venv/lib/python3.12/site-packages/starlette/concurrency.py", line 34, in run_in_threadpool
    return await anyio.to_thread.run_sync(func)
           ^^^^^^^^^^^^^^^^^^^^^^^^^^^^^^^^^^^^
  File "/home/ubuntu/app/backend/venv/lib/python3.12/site-packages/anyio/to_thread.py", line 65, in run_sync
    return await get_async_backend().run_sync_in_worker_thread(
           ^^^^^^^^^^^^^^^^^^^^^^^^^^^^^^^^^^^^^^^^^^^^^^^^^^^^
  File "/home/ubuntu/app/backend/venv/lib/python3.12/site-packages/anyio/_backends/_asyncio.py", line 2641, in run_sync_in_worker_thread
    return await future
           ^^^^^^^^^^^^
  File "/home/ubuntu/app/backend/venv/lib/python3.12/site-packages/anyio/_backends/_asyncio.py", line 1033, in run
    result = context.run(func, *args)
             ^^^^^^^^^^^^^^^^^^^^^^^^
  File "/home/ubuntu/app/backend/main.py", line 1591, in count_pending_approvals
    models.ApprovalRequest.user_id == user.id,
                                      ^^^^^^^
AttributeError: 'NoneType' object has no attribute 'id'
2026-08-28 14:01:09.071201 - GET /api/approvals/count - 65cecb0453c5494e833e27d04e527d86 - 'NoneType' object has no attribute 'id'
Traceback (most recent call last):
  File "/home/ubuntu/app/backend/venv/lib/python3.12/site-packages/starlette/middleware/errors.py", line 164, in __call__
    await self.app(scope, receive, _send)
  File "/home/ubuntu/app/backend/venv/lib/python3.12/site-packages/starlette/middleware/cors.py", line 88, in __call__
    await self.app(scope, receive, send)
  File "/home/ubuntu/app/backend/venv/lib/python3.12/site-packages/starlette/middleware/exceptions.py", line 63, in __call__
    await wrap_app_handling_exceptions(self.app, conn)(scope, receive, send)
  File "/home/ubuntu/app/backend/venv/lib/python3.12/site-packages/starlette/_exception_handler.py", line 53, in wrapped_app
    raise exc
  File "/home/ubuntu/app/backend/venv/lib/python3.12/site-packages/starlette/_exception_handler.py", line 42, in wrapped_app
    await app(scope, receive, sender)
  File "/home/ubuntu/app/backend/venv/lib/python3.12/site-packages/fastapi/middleware/asyncexitstack.py", line 18, in __call__
    await self.app(scope, receive, send)
  File "/home/ubuntu/app/backend/venv/lib/python3.12/site-packages/starlette/routing.py", line 660, in __call__
    await self.middleware_stack(scope, receive, send)
  File "/home/ubuntu/app/backend/venv/lib/python3.12/site-packages/fastapi/routing.py", line 2685, in app
    await route.handle(scope, receive, send)
  File "/home/ubuntu/app/backend/venv/lib/python3.12/site-packages/fastapi/routing.py", line 1267, in handle
    await super().handle(scope, receive, send)
  File "/home/ubuntu/app/backend/venv/lib/python3.12/site-packages/starlette/routing.py", line 276, in handle
    await self.app(scope, receive, send)
  File "/home/ubuntu/app/backend/venv/lib/python3.12/site-packages/fastapi/routing.py", line 151, in app
    await wrap_app_handling_exceptions(app, request)(scope, receive, send)
  File "/home/ubuntu/app/backend/venv/lib/python3.12/site-packages/starlette/_exception_handler.py", line 53, in wrapped_app
    raise exc
  File "/home/ubuntu/app/backend/venv/lib/python3.12/site-packages/starlette/_exception_handler.py", line 42, in wrapped_app
    await app(scope, receive, sender)
  File "/home/ubuntu/app/backend/venv/lib/python3.12/site-packages/fastapi/routing.py", line 137, in app
    response = await f(request)
               ^^^^^^^^^^^^^^^^
  File "/home/ubuntu/app/backend/venv/lib/python3.12/site-packages/fastapi/routing.py", line 691, in app
    raw_response = await run_endpoint_function(
                   ^^^^^^^^^^^^^^^^^^^^^^^^^^^^
  File "/home/ubuntu/app/backend/venv/lib/python3.12/site-packages/fastapi/routing.py", line 347, in run_endpoint_function
    return await run_in_threadpool(dependant.call, **values)
           ^^^^^^^^^^^^^^^^^^^^^^^^^^^^^^^^^^^^^^^^^^^^^^^^^
  File "/home/ubuntu/app/backend/venv/lib/python3.12/site-packages/starlette/concurrency.py", line 34, in run_in_threadpool
    return await anyio.to_thread.run_sync(func)
           ^^^^^^^^^^^^^^^^^^^^^^^^^^^^^^^^^^^^
  File "/home/ubuntu/app/backend/venv/lib/python3.12/site-packages/anyio/to_thread.py", line 65, in run_sync
    return await get_async_backend().run_sync_in_worker_thread(
           ^^^^^^^^^^^^^^^^^^^^^^^^^^^^^^^^^^^^^^^^^^^^^^^^^^^^
  File "/home/ubuntu/app/backend/venv/lib/python3.12/site-packages/anyio/_backends/_asyncio.py", line 2641, in run_sync_in_worker_thread
    return await future
           ^^^^^^^^^^^^
  File "/home/ubuntu/app/backend/venv/lib/python3.12/site-packages/anyio/_backends/_asyncio.py", line 1033, in run
    result = context.run(func, *args)
             ^^^^^^^^^^^^^^^^^^^^^^^^
  File "/home/ubuntu/app/backend/main.py", line 1591, in count_pending_approvals
    models.ApprovalRequest.user_id == user.id,
                                      ^^^^^^^
AttributeError: 'NoneType' object has no attribute 'id'
2026-08-28 14:01:10.084761 - GET /api/approvals/count - 1f38a4957675445197e3e8179bbfd2c3 - 'NoneType' object has no attribute 'id'
Traceback (most recent call last):
  File "/home/ubuntu/app/backend/venv/lib/python3.12/site-packages/starlette/middleware/errors.py", line 164, in __call__
    await self.app(scope, receive, _send)
  File "/home/ubuntu/app/backend/venv/lib/python3.12/site-packages/starlette/middleware/cors.py", line 88, in __call__
    await self.app(scope, receive, send)
  File "/home/ubuntu/app/backend/venv/lib/python3.12/site-packages/starlette/middleware/exceptions.py", line 63, in __call__
    await wrap_app_handling_exceptions(self.app, conn)(scope, receive, send)
  File "/home/ubuntu/app/backend/venv/lib/python3.12/site-packages/starlette/_exception_handler.py", line 53, in wrapped_app
    raise exc
  File "/home/ubuntu/app/backend/venv/lib/python3.12/site-packages/starlette/_exception_handler.py", line 42, in wrapped_app
    await app(scope, receive, sender)
  File "/home/ubuntu/app/backend/venv/lib/python3.12/site-packages/fastapi/middleware/asyncexitstack.py", line 18, in __call__
    await self.app(scope, receive, send)
  File "/home/ubuntu/app/backend/venv/lib/python3.12/site-packages/starlette/routing.py", line 660, in __call__
    await self.middleware_stack(scope, receive, send)
  File "/home/ubuntu/app/backend/venv/lib/python3.12/site-packages/fastapi/routing.py", line 2685, in app
    await route.handle(scope, receive, send)
  File "/home/ubuntu/app/backend/venv/lib/python3.12/site-packages/fastapi/routing.py", line 1267, in handle
    await super().handle(scope, receive, send)
  File "/home/ubuntu/app/backend/venv/lib/python3.12/site-packages/starlette/routing.py", line 276, in handle
    await self.app(scope, receive, send)
  File "/home/ubuntu/app/backend/venv/lib/python3.12/site-packages/fastapi/routing.py", line 151, in app
    await wrap_app_handling_exceptions(app, request)(scope, receive, send)
  File "/home/ubuntu/app/backend/venv/lib/python3.12/site-packages/starlette/_exception_handler.py", line 53, in wrapped_app
    raise exc
  File "/home/ubuntu/app/backend/venv/lib/python3.12/site-packages/starlette/_exception_handler.py", line 42, in wrapped_app
    await app(scope, receive, sender)
  File "/home/ubuntu/app/backend/venv/lib/python3.12/site-packages/fastapi/routing.py", line 137, in app
    response = await f(request)
               ^^^^^^^^^^^^^^^^
  File "/home/ubuntu/app/backend/venv/lib/python3.12/site-packages/fastapi/routing.py", line 691, in app
    raw_response = await run_endpoint_function(
                   ^^^^^^^^^^^^^^^^^^^^^^^^^^^^
  File "/home/ubuntu/app/backend/venv/lib/python3.12/site-packages/fastapi/routing.py", line 347, in run_endpoint_function
    return await run_in_threadpool(dependant.call, **values)
           ^^^^^^^^^^^^^^^^^^^^^^^^^^^^^^^^^^^^^^^^^^^^^^^^^
  File "/home/ubuntu/app/backend/venv/lib/python3.12/site-packages/starlette/concurrency.py", line 34, in run_in_threadpool
    return await anyio.to_thread.run_sync(func)
           ^^^^^^^^^^^^^^^^^^^^^^^^^^^^^^^^^^^^
  File "/home/ubuntu/app/backend/venv/lib/python3.12/site-packages/anyio/to_thread.py", line 65, in run_sync
    return await get_async_backend().run_sync_in_worker_thread(
           ^^^^^^^^^^^^^^^^^^^^^^^^^^^^^^^^^^^^^^^^^^^^^^^^^^^^
  File "/home/ubuntu/app/backend/venv/lib/python3.12/site-packages/anyio/_backends/_asyncio.py", line 2641, in run_sync_in_worker_thread
    return await future
           ^^^^^^^^^^^^
  File "/home/ubuntu/app/backend/venv/lib/python3.12/site-packages/anyio/_backends/_asyncio.py", line 1033, in run
    result = context.run(func, *args)
             ^^^^^^^^^^^^^^^^^^^^^^^^
  File "/home/ubuntu/app/backend/main.py", line 1591, in count_pending_approvals
    models.ApprovalRequest.user_id == user.id,
                                      ^^^^^^^
AttributeError: 'NoneType' object has no attribute 'id'
2026-08-28 14:01:11.098315 - GET /api/approvals/count - 14f2c71dbdda42be88d7e84e3f301b6f - 'NoneType' object has no attribute 'id'
Traceback (most recent call last):
  File "/home/ubuntu/app/backend/venv/lib/python3.12/site-packages/starlette/middleware/errors.py", line 164, in __call__
    await self.app(scope, receive, _send)
  File "/home/ubuntu/app/backend/venv/lib/python3.12/site-packages/starlette/middleware/cors.py", line 88, in __call__
    await self.app(scope, receive, send)
  File "/home/ubuntu/app/backend/venv/lib/python3.12/site-packages/starlette/middleware/exceptions.py", line 63, in __call__
    await wrap_app_handling_exceptions(self.app, conn)(scope, receive, send)
  File "/home/ubuntu/app/backend/venv/lib/python3.12/site-packages/starlette/_exception_handler.py", line 53, in wrapped_app
    raise exc
  File "/home/ubuntu/app/backend/venv/lib/python3.12/site-packages/starlette/_exception_handler.py", line 42, in wrapped_app
    await app(scope, receive, sender)
  File "/home/ubuntu/app/backend/venv/lib/python3.12/site-packages/fastapi/middleware/asyncexitstack.py", line 18, in __call__
    await self.app(scope, receive, send)
  File "/home/ubuntu/app/backend/venv/lib/python3.12/site-packages/starlette/routing.py", line 660, in __call__
    await self.middleware_stack(scope, receive, send)
  File "/home/ubuntu/app/backend/venv/lib/python3.12/site-packages/fastapi/routing.py", line 2685, in app
    await route.handle(scope, receive, send)
  File "/home/ubuntu/app/backend/venv/lib/python3.12/site-packages/fastapi/routing.py", line 1267, in handle
    await super().handle(scope, receive, send)
  File "/home/ubuntu/app/backend/venv/lib/python3.12/site-packages/starlette/routing.py", line 276, in handle
    await self.app(scope, receive, send)
  File "/home/ubuntu/app/backend/venv/lib/python3.12/site-packages/fastapi/routing.py", line 151, in app
    await wrap_app_handling_exceptions(app, request)(scope, receive, send)
  File "/home/ubuntu/app/backend/venv/lib/python3.12/site-packages/starlette/_exception_handler.py", line 53, in wrapped_app
    raise exc
  File "/home/ubuntu/app/backend/venv/lib/python3.12/site-packages/starlette/_exception_handler.py", line 42, in wrapped_app
    await app(scope, receive, sender)
  File "/home/ubuntu/app/backend/venv/lib/python3.12/site-packages/fastapi/routing.py", line 137, in app
    response = await f(request)
               ^^^^^^^^^^^^^^^^
  File "/home/ubuntu/app/backend/venv/lib/python3.12/site-packages/fastapi/routing.py", line 691, in app
    raw_response = await run_endpoint_function(
                   ^^^^^^^^^^^^^^^^^^^^^^^^^^^^
  File "/home/ubuntu/app/backend/venv/lib/python3.12/site-packages/fastapi/routing.py", line 347, in run_endpoint_function
    return await run_in_threadpool(dependant.call, **values)
           ^^^^^^^^^^^^^^^^^^^^^^^^^^^^^^^^^^^^^^^^^^^^^^^^^
  File "/home/ubuntu/app/backend/venv/lib/python3.12/site-packages/starlette/concurrency.py", line 34, in run_in_threadpool
    return await anyio.to_thread.run_sync(func)
           ^^^^^^^^^^^^^^^^^^^^^^^^^^^^^^^^^^^^
  File "/home/ubuntu/app/backend/venv/lib/python3.12/site-packages/anyio/to_thread.py", line 65, in run_sync
    return await get_async_backend().run_sync_in_worker_thread(
           ^^^^^^^^^^^^^^^^^^^^^^^^^^^^^^^^^^^^^^^^^^^^^^^^^^^^
  File "/home/ubuntu/app/backend/venv/lib/python3.12/site-packages/anyio/_backends/_asyncio.py", line 2641, in run_sync_in_worker_thread
    return await future
           ^^^^^^^^^^^^
  File "/home/ubuntu/app/backend/venv/lib/python3.12/site-packages/anyio/_backends/_asyncio.py", line 1033, in run
    result = context.run(func, *args)
             ^^^^^^^^^^^^^^^^^^^^^^^^
  File "/home/ubuntu/app/backend/main.py", line 1591, in count_pending_approvals
    models.ApprovalRequest.user_id == user.id,
                                      ^^^^^^^
AttributeError: 'NoneType' object has no attribute 'id'
2026-08-28 14:01:12.111555 - GET /api/approvals/count - ce0157ddbadb43469c4a92a9dc3156a6 - 'NoneType' object has no attribute 'id'
Traceback (most recent call last):
  File "/home/ubuntu/app/backend/venv/lib/python3.12/site-packages/starlette/middleware/errors.py", line 164, in __call__
    await self.app(scope, receive, _send)
  File "/home/ubuntu/app/backend/venv/lib/python3.12/site-packages/starlette/middleware/cors.py", line 88, in __call__
    await self.app(scope, receive, send)
  File "/home/ubuntu/app/backend/venv/lib/python3.12/site-packages/starlette/middleware/exceptions.py", line 63, in __call__
    await wrap_app_handling_exceptions(self.app, conn)(scope, receive, send)
  File "/home/ubuntu/app/backend/venv/lib/python3.12/site-packages/starlette/_exception_handler.py", line 53, in wrapped_app
    raise exc
  File "/home/ubuntu/app/backend/venv/lib/python3.12/site-packages/starlette/_exception_handler.py", line 42, in wrapped_app
    await app(scope, receive, sender)
  File "/home/ubuntu/app/backend/venv/lib/python3.12/site-packages/fastapi/middleware/asyncexitstack.py", line 18, in __call__
    await self.app(scope, receive, send)
  File "/home/ubuntu/app/backend/venv/lib/python3.12/site-packages/starlette/routing.py", line 660, in __call__
    await self.middleware_stack(scope, receive, send)
  File "/home/ubuntu/app/backend/venv/lib/python3.12/site-packages/fastapi/routing.py", line 2685, in app
    await route.handle(scope, receive, send)
  File "/home/ubuntu/app/backend/venv/lib/python3.12/site-packages/fastapi/routing.py", line 1267, in handle
    await super().handle(scope, receive, send)
  File "/home/ubuntu/app/backend/venv/lib/python3.12/site-packages/starlette/routing.py", line 276, in handle
    await self.app(scope, receive, send)
  File "/home/ubuntu/app/backend/venv/lib/python3.12/site-packages/fastapi/routing.py", line 151, in app
    await wrap_app_handling_exceptions(app, request)(scope, receive, send)
  File "/home/ubuntu/app/backend/venv/lib/python3.12/site-packages/starlette/_exception_handler.py", line 53, in wrapped_app
    raise exc
  File "/home/ubuntu/app/backend/venv/lib/python3.12/site-packages/starlette/_exception_handler.py", line 42, in wrapped_app
    await app(scope, receive, sender)
  File "/home/ubuntu/app/backend/venv/lib/python3.12/site-packages/fastapi/routing.py", line 137, in app
    response = await f(request)
               ^^^^^^^^^^^^^^^^
  File "/home/ubuntu/app/backend/venv/lib/python3.12/site-packages/fastapi/routing.py", line 691, in app
    raw_response = await run_endpoint_function(
                   ^^^^^^^^^^^^^^^^^^^^^^^^^^^^
  File "/home/ubuntu/app/backend/venv/lib/python3.12/site-packages/fastapi/routing.py", line 347, in run_endpoint_function
    return await run_in_threadpool(dependant.call, **values)
           ^^^^^^^^^^^^^^^^^^^^^^^^^^^^^^^^^^^^^^^^^^^^^^^^^
  File "/home/ubuntu/app/backend/venv/lib/python3.12/site-packages/starlette/concurrency.py", line 34, in run_in_threadpool
    return await anyio.to_thread.run_sync(func)
           ^^^^^^^^^^^^^^^^^^^^^^^^^^^^^^^^^^^^
  File "/home/ubuntu/app/backend/venv/lib/python3.12/site-packages/anyio/to_thread.py", line 65, in run_sync
    return await get_async_backend().run_sync_in_worker_thread(
           ^^^^^^^^^^^^^^^^^^^^^^^^^^^^^^^^^^^^^^^^^^^^^^^^^^^^
  File "/home/ubuntu/app/backend/venv/lib/python3.12/site-packages/anyio/_backends/_asyncio.py", line 2641, in run_sync_in_worker_thread
    return await future
           ^^^^^^^^^^^^
  File "/home/ubuntu/app/backend/venv/lib/python3.12/site-packages/anyio/_backends/_asyncio.py", line 1033, in run
    result = context.run(func, *args)
             ^^^^^^^^^^^^^^^^^^^^^^^^
  File "/home/ubuntu/app/backend/main.py", line 1591, in count_pending_approvals
    models.ApprovalRequest.user_id == user.id,
                                      ^^^^^^^
AttributeError: 'NoneType' object has no attribute 'id'
2026-08-28 14:01:13.125260 - GET /api/approvals/count - a4ef1d86367b458289d1f20a1dfcc52d - 'NoneType' object has no attribute 'id'
Traceback (most recent call last):
  File "/home/ubuntu/app/backend/venv/lib/python3.12/site-packages/starlette/middleware/errors.py", line 164, in __call__
    await self.app(scope, receive, _send)
  File "/home/ubuntu/app/backend/venv/lib/python3.12/site-packages/starlette/middleware/cors.py", line 88, in __call__
    await self.app(scope, receive, send)
  File "/home/ubuntu/app/backend/venv/lib/python3.12/site-packages/starlette/middleware/exceptions.py", line 63, in __call__
    await wrap_app_handling_exceptions(self.app, conn)(scope, receive, send)
  File "/home/ubuntu/app/backend/venv/lib/python3.12/site-packages/starlette/_exception_handler.py", line 53, in wrapped_app
    raise exc
  File "/home/ubuntu/app/backend/venv/lib/python3.12/site-packages/starlette/_exception_handler.py", line 42, in wrapped_app
    await app(scope, receive, sender)
  File "/home/ubuntu/app/backend/venv/lib/python3.12/site-packages/fastapi/middleware/asyncexitstack.py", line 18, in __call__
    await self.app(scope, receive, send)
  File "/home/ubuntu/app/backend/venv/lib/python3.12/site-packages/starlette/routing.py", line 660, in __call__
    await self.middleware_stack(scope, receive, send)
  File "/home/ubuntu/app/backend/venv/lib/python3.12/site-packages/fastapi/routing.py", line 2685, in app
    await route.handle(scope, receive, send)
  File "/home/ubuntu/app/backend/venv/lib/python3.12/site-packages/fastapi/routing.py", line 1267, in handle
    await super().handle(scope, receive, send)
  File "/home/ubuntu/app/backend/venv/lib/python3.12/site-packages/starlette/routing.py", line 276, in handle
    await self.app(scope, receive, send)
  File "/home/ubuntu/app/backend/venv/lib/python3.12/site-packages/fastapi/routing.py", line 151, in app
    await wrap_app_handling_exceptions(app, request)(scope, receive, send)
  File "/home/ubuntu/app/backend/venv/lib/python3.12/site-packages/starlette/_exception_handler.py", line 53, in wrapped_app
    raise exc
  File "/home/ubuntu/app/backend/venv/lib/python3.12/site-packages/starlette/_exception_handler.py", line 42, in wrapped_app
    await app(scope, receive, sender)
  File "/home/ubuntu/app/backend/venv/lib/python3.12/site-packages/fastapi/routing.py", line 137, in app
    response = await f(request)
               ^^^^^^^^^^^^^^^^
  File "/home/ubuntu/app/backend/venv/lib/python3.12/site-packages/fastapi/routing.py", line 691, in app
    raw_response = await run_endpoint_function(
                   ^^^^^^^^^^^^^^^^^^^^^^^^^^^^
  File "/home/ubuntu/app/backend/venv/lib/python3.12/site-packages/fastapi/routing.py", line 347, in run_endpoint_function
    return await run_in_threadpool(dependant.call, **values)
           ^^^^^^^^^^^^^^^^^^^^^^^^^^^^^^^^^^^^^^^^^^^^^^^^^
  File "/home/ubuntu/app/backend/venv/lib/python3.12/site-packages/starlette/concurrency.py", line 34, in run_in_threadpool
    return await anyio.to_thread.run_sync(func)
           ^^^^^^^^^^^^^^^^^^^^^^^^^^^^^^^^^^^^
  File "/home/ubuntu/app/backend/venv/lib/python3.12/site-packages/anyio/to_thread.py", line 65, in run_sync
    return await get_async_backend().run_sync_in_worker_thread(
           ^^^^^^^^^^^^^^^^^^^^^^^^^^^^^^^^^^^^^^^^^^^^^^^^^^^^
  File "/home/ubuntu/app/backend/venv/lib/python3.12/site-packages/anyio/_backends/_asyncio.py", line 2641, in run_sync_in_worker_thread
    return await future
           ^^^^^^^^^^^^
  File "/home/ubuntu/app/backend/venv/lib/python3.12/site-packages/anyio/_backends/_asyncio.py", line 1033, in run
    result = context.run(func, *args)
             ^^^^^^^^^^^^^^^^^^^^^^^^
  File "/home/ubuntu/app/backend/main.py", line 1591, in count_pending_approvals
    models.ApprovalRequest.user_id == user.id,
                                      ^^^^^^^
AttributeError: 'NoneType' object has no attribute 'id'
2026-08-28 14:01:14.138652 - GET /api/approvals/count - 0c22ddee00544cac948dd7b461a7bc8a - 'NoneType' object has no attribute 'id'
Traceback (most recent call last):
  File "/home/ubuntu/app/backend/venv/lib/python3.12/site-packages/starlette/middleware/errors.py", line 164, in __call__
    await self.app(scope, receive, _send)
  File "/home/ubuntu/app/backend/venv/lib/python3.12/site-packages/starlette/middleware/cors.py", line 88, in __call__
    await self.app(scope, receive, send)
  File "/home/ubuntu/app/backend/venv/lib/python3.12/site-packages/starlette/middleware/exceptions.py", line 63, in __call__
    await wrap_app_handling_exceptions(self.app, conn)(scope, receive, send)
  File "/home/ubuntu/app/backend/venv/lib/python3.12/site-packages/starlette/_exception_handler.py", line 53, in wrapped_app
    raise exc
  File "/home/ubuntu/app/backend/venv/lib/python3.12/site-packages/starlette/_exception_handler.py", line 42, in wrapped_app
    await app(scope, receive, sender)
  File "/home/ubuntu/app/backend/venv/lib/python3.12/site-packages/fastapi/middleware/asyncexitstack.py", line 18, in __call__
    await self.app(scope, receive, send)
  File "/home/ubuntu/app/backend/venv/lib/python3.12/site-packages/starlette/routing.py", line 660, in __call__
    await self.middleware_stack(scope, receive, send)
  File "/home/ubuntu/app/backend/venv/lib/python3.12/site-packages/fastapi/routing.py", line 2685, in app
    await route.handle(scope, receive, send)
  File "/home/ubuntu/app/backend/venv/lib/python3.12/site-packages/fastapi/routing.py", line 1267, in handle
    await super().handle(scope, receive, send)
  File "/home/ubuntu/app/backend/venv/lib/python3.12/site-packages/starlette/routing.py", line 276, in handle
    await self.app(scope, receive, send)
  File "/home/ubuntu/app/backend/venv/lib/python3.12/site-packages/fastapi/routing.py", line 151, in app
    await wrap_app_handling_exceptions(app, request)(scope, receive, send)
  File "/home/ubuntu/app/backend/venv/lib/python3.12/site-packages/starlette/_exception_handler.py", line 53, in wrapped_app
    raise exc
  File "/home/ubuntu/app/backend/venv/lib/python3.12/site-packages/starlette/_exception_handler.py", line 42, in wrapped_app
    await app(scope, receive, sender)
  File "/home/ubuntu/app/backend/venv/lib/python3.12/site-packages/fastapi/routing.py", line 137, in app
    response = await f(request)
               ^^^^^^^^^^^^^^^^
  File "/home/ubuntu/app/backend/venv/lib/python3.12/site-packages/fastapi/routing.py", line 691, in app
    raw_response = await run_endpoint_function(
                   ^^^^^^^^^^^^^^^^^^^^^^^^^^^^
  File "/home/ubuntu/app/backend/venv/lib/python3.12/site-packages/fastapi/routing.py", line 347, in run_endpoint_function
    return await run_in_threadpool(dependant.call, **values)
           ^^^^^^^^^^^^^^^^^^^^^^^^^^^^^^^^^^^^^^^^^^^^^^^^^
  File "/home/ubuntu/app/backend/venv/lib/python3.12/site-packages/starlette/concurrency.py", line 34, in run_in_threadpool
    return await anyio.to_thread.run_sync(func)
           ^^^^^^^^^^^^^^^^^^^^^^^^^^^^^^^^^^^^
  File "/home/ubuntu/app/backend/venv/lib/python3.12/site-packages/anyio/to_thread.py", line 65, in run_sync
    return await get_async_backend().run_sync_in_worker_thread(
           ^^^^^^^^^^^^^^^^^^^^^^^^^^^^^^^^^^^^^^^^^^^^^^^^^^^^
  File "/home/ubuntu/app/backend/venv/lib/python3.12/site-packages/anyio/_backends/_asyncio.py", line 2641, in run_sync_in_worker_thread
    return await future
           ^^^^^^^^^^^^
  File "/home/ubuntu/app/backend/venv/lib/python3.12/site-packages/anyio/_backends/_asyncio.py", line 1033, in run
    result = context.run(func, *args)
             ^^^^^^^^^^^^^^^^^^^^^^^^
  File "/home/ubuntu/app/backend/main.py", line 1591, in count_pending_approvals
    models.ApprovalRequest.user_id == user.id,
                                      ^^^^^^^
AttributeError: 'NoneType' object has no attribute 'id'
2026-08-28 14:01:15.155704 - GET /api/approvals/count - 5e0a7a9c5d024e6f8727395790e089d2 - 'NoneType' object has no attribute 'id'
Traceback (most recent call last):
  File "/home/ubuntu/app/backend/venv/lib/python3.12/site-packages/starlette/middleware/errors.py", line 164, in __call__
    await self.app(scope, receive, _send)
  File "/home/ubuntu/app/backend/venv/lib/python3.12/site-packages/starlette/middleware/cors.py", line 88, in __call__
    await self.app(scope, receive, send)
  File "/home/ubuntu/app/backend/venv/lib/python3.12/site-packages/starlette/middleware/exceptions.py", line 63, in __call__
    await wrap_app_handling_exceptions(self.app, conn)(scope, receive, send)
  File "/home/ubuntu/app/backend/venv/lib/python3.12/site-packages/starlette/_exception_handler.py", line 53, in wrapped_app
    raise exc
  File "/home/ubuntu/app/backend/venv/lib/python3.12/site-packages/starlette/_exception_handler.py", line 42, in wrapped_app
    await app(scope, receive, sender)
  File "/home/ubuntu/app/backend/venv/lib/python3.12/site-packages/fastapi/middleware/asyncexitstack.py", line 18, in __call__
    await self.app(scope, receive, send)
  File "/home/ubuntu/app/backend/venv/lib/python3.12/site-packages/starlette/routing.py", line 660, in __call__
    await self.middleware_stack(scope, receive, send)
  File "/home/ubuntu/app/backend/venv/lib/python3.12/site-packages/fastapi/routing.py", line 2685, in app
    await route.handle(scope, receive, send)
  File "/home/ubuntu/app/backend/venv/lib/python3.12/site-packages/fastapi/routing.py", line 1267, in handle
    await super().handle(scope, receive, send)
  File "/home/ubuntu/app/backend/venv/lib/python3.12/site-packages/starlette/routing.py", line 276, in handle
    await self.app(scope, receive, send)
  File "/home/ubuntu/app/backend/venv/lib/python3.12/site-packages/fastapi/routing.py", line 151, in app
    await wrap_app_handling_exceptions(app, request)(scope, receive, send)
  File "/home/ubuntu/app/backend/venv/lib/python3.12/site-packages/starlette/_exception_handler.py", line 53, in wrapped_app
    raise exc
  File "/home/ubuntu/app/backend/venv/lib/python3.12/site-packages/starlette/_exception_handler.py", line 42, in wrapped_app
    await app(scope, receive, sender)
  File "/home/ubuntu/app/backend/venv/lib/python3.12/site-packages/fastapi/routing.py", line 137, in app
    response = await f(request)
               ^^^^^^^^^^^^^^^^
  File "/home/ubuntu/app/backend/venv/lib/python3.12/site-packages/fastapi/routing.py", line 691, in app
    raw_response = await run_endpoint_function(
                   ^^^^^^^^^^^^^^^^^^^^^^^^^^^^
  File "/home/ubuntu/app/backend/venv/lib/python3.12/site-packages/fastapi/routing.py", line 347, in run_endpoint_function
    return await run_in_threadpool(dependant.call, **values)
           ^^^^^^^^^^^^^^^^^^^^^^^^^^^^^^^^^^^^^^^^^^^^^^^^^
  File "/home/ubuntu/app/backend/venv/lib/python3.12/site-packages/starlette/concurrency.py", line 34, in run_in_threadpool
    return await anyio.to_thread.run_sync(func)
           ^^^^^^^^^^^^^^^^^^^^^^^^^^^^^^^^^^^^
  File "/home/ubuntu/app/backend/venv/lib/python3.12/site-packages/anyio/to_thread.py", line 65, in run_sync
    return await get_async_backend().run_sync_in_worker_thread(
           ^^^^^^^^^^^^^^^^^^^^^^^^^^^^^^^^^^^^^^^^^^^^^^^^^^^^
  File "/home/ubuntu/app/backend/venv/lib/python3.12/site-packages/anyio/_backends/_asyncio.py", line 2641, in run_sync_in_worker_thread
    return await future
           ^^^^^^^^^^^^
  File "/home/ubuntu/app/backend/venv/lib/python3.12/site-packages/anyio/_backends/_asyncio.py", line 1033, in run
    result = context.run(func, *args)
             ^^^^^^^^^^^^^^^^^^^^^^^^
  File "/home/ubuntu/app/backend/main.py", line 1591, in count_pending_approvals
    models.ApprovalRequest.user_id == user.id,
                                      ^^^^^^^
AttributeError: 'NoneType' object has no attribute 'id'
2026-08-28 14:01:16.170468 - GET /api/approvals/count - 9c883d258a49430f8c6f27eafef72b0c - 'NoneType' object has no attribute 'id'
Traceback (most recent call last):
  File "/home/ubuntu/app/backend/venv/lib/python3.12/site-packages/starlette/middleware/errors.py", line 164, in __call__
    await self.app(scope, receive, _send)
  File "/home/ubuntu/app/backend/venv/lib/python3.12/site-packages/starlette/middleware/cors.py", line 88, in __call__
    await self.app(scope, receive, send)
  File "/home/ubuntu/app/backend/venv/lib/python3.12/site-packages/starlette/middleware/exceptions.py", line 63, in __call__
    await wrap_app_handling_exceptions(self.app, conn)(scope, receive, send)
  File "/home/ubuntu/app/backend/venv/lib/python3.12/site-packages/starlette/_exception_handler.py", line 53, in wrapped_app
    raise exc
  File "/home/ubuntu/app/backend/venv/lib/python3.12/site-packages/starlette/_exception_handler.py", line 42, in wrapped_app
    await app(scope, receive, sender)
  File "/home/ubuntu/app/backend/venv/lib/python3.12/site-packages/fastapi/middleware/asyncexitstack.py", line 18, in __call__
    await self.app(scope, receive, send)
  File "/home/ubuntu/app/backend/venv/lib/python3.12/site-packages/starlette/routing.py", line 660, in __call__
    await self.middleware_stack(scope, receive, send)
  File "/home/ubuntu/app/backend/venv/lib/python3.12/site-packages/fastapi/routing.py", line 2685, in app
    await route.handle(scope, receive, send)
  File "/home/ubuntu/app/backend/venv/lib/python3.12/site-packages/fastapi/routing.py", line 1267, in handle
    await super().handle(scope, receive, send)
  File "/home/ubuntu/app/backend/venv/lib/python3.12/site-packages/starlette/routing.py", line 276, in handle
    await self.app(scope, receive, send)
  File "/home/ubuntu/app/backend/venv/lib/python3.12/site-packages/fastapi/routing.py", line 151, in app
    await wrap_app_handling_exceptions(app, request)(scope, receive, send)
  File "/home/ubuntu/app/backend/venv/lib/python3.12/site-packages/starlette/_exception_handler.py", line 53, in wrapped_app
    raise exc
  File "/home/ubuntu/app/backend/venv/lib/python3.12/site-packages/starlette/_exception_handler.py", line 42, in wrapped_app
    await app(scope, receive, sender)
  File "/home/ubuntu/app/backend/venv/lib/python3.12/site-packages/fastapi/routing.py", line 137, in app
    response = await f(request)
               ^^^^^^^^^^^^^^^^
  File "/home/ubuntu/app/backend/venv/lib/python3.12/site-packages/fastapi/routing.py", line 691, in app
    raw_response = await run_endpoint_function(
                   ^^^^^^^^^^^^^^^^^^^^^^^^^^^^
  File "/home/ubuntu/app/backend/venv/lib/python3.12/site-packages/fastapi/routing.py", line 347, in run_endpoint_function
    return await run_in_threadpool(dependant.call, **values)
           ^^^^^^^^^^^^^^^^^^^^^^^^^^^^^^^^^^^^^^^^^^^^^^^^^
  File "/home/ubuntu/app/backend/venv/lib/python3.12/site-packages/starlette/concurrency.py", line 34, in run_in_threadpool
    return await anyio.to_thread.run_sync(func)
           ^^^^^^^^^^^^^^^^^^^^^^^^^^^^^^^^^^^^
  File "/home/ubuntu/app/backend/venv/lib/python3.12/site-packages/anyio/to_thread.py", line 65, in run_sync
    return await get_async_backend().run_sync_in_worker_thread(
           ^^^^^^^^^^^^^^^^^^^^^^^^^^^^^^^^^^^^^^^^^^^^^^^^^^^^
  File "/home/ubuntu/app/backend/venv/lib/python3.12/site-packages/anyio/_backends/_asyncio.py", line 2641, in run_sync_in_worker_thread
    return await future
           ^^^^^^^^^^^^
  File "/home/ubuntu/app/backend/venv/lib/python3.12/site-packages/anyio/_backends/_asyncio.py", line 1033, in run
    result = context.run(func, *args)
             ^^^^^^^^^^^^^^^^^^^^^^^^
  File "/home/ubuntu/app/backend/main.py", line 1591, in count_pending_approvals
    models.ApprovalRequest.user_id == user.id,
                                      ^^^^^^^
AttributeError: 'NoneType' object has no attribute 'id'
2026-08-28 14:01:17.183616 - GET /api/approvals/count - 154a36a230604ab888f5ace98263c9a4 - 'NoneType' object has no attribute 'id'
Traceback (most recent call last):
  File "/home/ubuntu/app/backend/venv/lib/python3.12/site-packages/starlette/middleware/errors.py", line 164, in __call__
    await self.app(scope, receive, _send)
  File "/home/ubuntu/app/backend/venv/lib/python3.12/site-packages/starlette/middleware/cors.py", line 88, in __call__
    await self.app(scope, receive, send)
  File "/home/ubuntu/app/backend/venv/lib/python3.12/site-packages/starlette/middleware/exceptions.py", line 63, in __call__
    await wrap_app_handling_exceptions(self.app, conn)(scope, receive, send)
  File "/home/ubuntu/app/backend/venv/lib/python3.12/site-packages/starlette/_exception_handler.py", line 53, in wrapped_app
    raise exc
  File "/home/ubuntu/app/backend/venv/lib/python3.12/site-packages/starlette/_exception_handler.py", line 42, in wrapped_app
    await app(scope, receive, sender)
  File "/home/ubuntu/app/backend/venv/lib/python3.12/site-packages/fastapi/middleware/asyncexitstack.py", line 18, in __call__
    await self.app(scope, receive, send)
  File "/home/ubuntu/app/backend/venv/lib/python3.12/site-packages/starlette/routing.py", line 660, in __call__
    await self.middleware_stack(scope, receive, send)
  File "/home/ubuntu/app/backend/venv/lib/python3.12/site-packages/fastapi/routing.py", line 2685, in app
    await route.handle(scope, receive, send)
  File "/home/ubuntu/app/backend/venv/lib/python3.12/site-packages/fastapi/routing.py", line 1267, in handle
    await super().handle(scope, receive, send)
  File "/home/ubuntu/app/backend/venv/lib/python3.12/site-packages/starlette/routing.py", line 276, in handle
    await self.app(scope, receive, send)
  File "/home/ubuntu/app/backend/venv/lib/python3.12/site-packages/fastapi/routing.py", line 151, in app
    await wrap_app_handling_exceptions(app, request)(scope, receive, send)
  File "/home/ubuntu/app/backend/venv/lib/python3.12/site-packages/starlette/_exception_handler.py", line 53, in wrapped_app
    raise exc
  File "/home/ubuntu/app/backend/venv/lib/python3.12/site-packages/starlette/_exception_handler.py", line 42, in wrapped_app
    await app(scope, receive, sender)
  File "/home/ubuntu/app/backend/venv/lib/python3.12/site-packages/fastapi/routing.py", line 137, in app
    response = await f(request)
               ^^^^^^^^^^^^^^^^
  File "/home/ubuntu/app/backend/venv/lib/python3.12/site-packages/fastapi/routing.py", line 691, in app
    raw_response = await run_endpoint_function(
                   ^^^^^^^^^^^^^^^^^^^^^^^^^^^^
  File "/home/ubuntu/app/backend/venv/lib/python3.12/site-packages/fastapi/routing.py", line 347, in run_endpoint_function
    return await run_in_threadpool(dependant.call, **values)
           ^^^^^^^^^^^^^^^^^^^^^^^^^^^^^^^^^^^^^^^^^^^^^^^^^
  File "/home/ubuntu/app/backend/venv/lib/python3.12/site-packages/starlette/concurrency.py", line 34, in run_in_threadpool
    return await anyio.to_thread.run_sync(func)
           ^^^^^^^^^^^^^^^^^^^^^^^^^^^^^^^^^^^^
  File "/home/ubuntu/app/backend/venv/lib/python3.12/site-packages/anyio/to_thread.py", line 65, in run_sync
    return await get_async_backend().run_sync_in_worker_thread(
           ^^^^^^^^^^^^^^^^^^^^^^^^^^^^^^^^^^^^^^^^^^^^^^^^^^^^
  File "/home/ubuntu/app/backend/venv/lib/python3.12/site-packages/anyio/_backends/_asyncio.py", line 2641, in run_sync_in_worker_thread
    return await future
           ^^^^^^^^^^^^
  File "/home/ubuntu/app/backend/venv/lib/python3.12/site-packages/anyio/_backends/_asyncio.py", line 1033, in run
    result = context.run(func, *args)
             ^^^^^^^^^^^^^^^^^^^^^^^^
  File "/home/ubuntu/app/backend/main.py", line 1591, in count_pending_approvals
    models.ApprovalRequest.user_id == user.id,
                                      ^^^^^^^
AttributeError: 'NoneType' object has no attribute 'id'
2026-08-28 14:01:18.196872 - GET /api/approvals/count - ea74db79d5374b4d841c2dd5d99f5328 - 'NoneType' object has no attribute 'id'
Traceback (most recent call last):
  File "/home/ubuntu/app/backend/venv/lib/python3.12/site-packages/starlette/middleware/errors.py", line 164, in __call__
    await self.app(scope, receive, _send)
  File "/home/ubuntu/app/backend/venv/lib/python3.12/site-packages/starlette/middleware/cors.py", line 88, in __call__
    await self.app(scope, receive, send)
  File "/home/ubuntu/app/backend/venv/lib/python3.12/site-packages/starlette/middleware/exceptions.py", line 63, in __call__
    await wrap_app_handling_exceptions(self.app, conn)(scope, receive, send)
  File "/home/ubuntu/app/backend/venv/lib/python3.12/site-packages/starlette/_exception_handler.py", line 53, in wrapped_app
    raise exc
  File "/home/ubuntu/app/backend/venv/lib/python3.12/site-packages/starlette/_exception_handler.py", line 42, in wrapped_app
    await app(scope, receive, sender)
  File "/home/ubuntu/app/backend/venv/lib/python3.12/site-packages/fastapi/middleware/asyncexitstack.py", line 18, in __call__
    await self.app(scope, receive, send)
  File "/home/ubuntu/app/backend/venv/lib/python3.12/site-packages/starlette/routing.py", line 660, in __call__
    await self.middleware_stack(scope, receive, send)
  File "/home/ubuntu/app/backend/venv/lib/python3.12/site-packages/fastapi/routing.py", line 2685, in app
    await route.handle(scope, receive, send)
  File "/home/ubuntu/app/backend/venv/lib/python3.12/site-packages/fastapi/routing.py", line 1267, in handle
    await super().handle(scope, receive, send)
  File "/home/ubuntu/app/backend/venv/lib/python3.12/site-packages/starlette/routing.py", line 276, in handle
    await self.app(scope, receive, send)
  File "/home/ubuntu/app/backend/venv/lib/python3.12/site-packages/fastapi/routing.py", line 151, in app
    await wrap_app_handling_exceptions(app, request)(scope, receive, send)
  File "/home/ubuntu/app/backend/venv/lib/python3.12/site-packages/starlette/_exception_handler.py", line 53, in wrapped_app
    raise exc
  File "/home/ubuntu/app/backend/venv/lib/python3.12/site-packages/starlette/_exception_handler.py", line 42, in wrapped_app
    await app(scope, receive, sender)
  File "/home/ubuntu/app/backend/venv/lib/python3.12/site-packages/fastapi/routing.py", line 137, in app
    response = await f(request)
               ^^^^^^^^^^^^^^^^
  File "/home/ubuntu/app/backend/venv/lib/python3.12/site-packages/fastapi/routing.py", line 691, in app
    raw_response = await run_endpoint_function(
                   ^^^^^^^^^^^^^^^^^^^^^^^^^^^^
  File "/home/ubuntu/app/backend/venv/lib/python3.12/site-packages/fastapi/routing.py", line 347, in run_endpoint_function
    return await run_in_threadpool(dependant.call, **values)
           ^^^^^^^^^^^^^^^^^^^^^^^^^^^^^^^^^^^^^^^^^^^^^^^^^
  File "/home/ubuntu/app/backend/venv/lib/python3.12/site-packages/starlette/concurrency.py", line 34, in run_in_threadpool
    return await anyio.to_thread.run_sync(func)
           ^^^^^^^^^^^^^^^^^^^^^^^^^^^^^^^^^^^^
  File "/home/ubuntu/app/backend/venv/lib/python3.12/site-packages/anyio/to_thread.py", line 65, in run_sync
    return await get_async_backend().run_sync_in_worker_thread(
           ^^^^^^^^^^^^^^^^^^^^^^^^^^^^^^^^^^^^^^^^^^^^^^^^^^^^
  File "/home/ubuntu/app/backend/venv/lib/python3.12/site-packages/anyio/_backends/_asyncio.py", line 2641, in run_sync_in_worker_thread
    return await future
           ^^^^^^^^^^^^
  File "/home/ubuntu/app/backend/venv/lib/python3.12/site-packages/anyio/_backends/_asyncio.py", line 1033, in run
    result = context.run(func, *args)
             ^^^^^^^^^^^^^^^^^^^^^^^^
  File "/home/ubuntu/app/backend/main.py", line 1591, in count_pending_approvals
    models.ApprovalRequest.user_id == user.id,
                                      ^^^^^^^
AttributeError: 'NoneType' object has no attribute 'id'
2026-08-28 14:01:19.210329 - GET /api/approvals/count - 076bccb4fc8044e3b1ee4965197c564f - 'NoneType' object has no attribute 'id'
Traceback (most recent call last):
  File "/home/ubuntu/app/backend/venv/lib/python3.12/site-packages/starlette/middleware/errors.py", line 164, in __call__
    await self.app(scope, receive, _send)
  File "/home/ubuntu/app/backend/venv/lib/python3.12/site-packages/starlette/middleware/cors.py", line 88, in __call__
    await self.app(scope, receive, send)
  File "/home/ubuntu/app/backend/venv/lib/python3.12/site-packages/starlette/middleware/exceptions.py", line 63, in __call__
    await wrap_app_handling_exceptions(self.app, conn)(scope, receive, send)
  File "/home/ubuntu/app/backend/venv/lib/python3.12/site-packages/starlette/_exception_handler.py", line 53, in wrapped_app
    raise exc
  File "/home/ubuntu/app/backend/venv/lib/python3.12/site-packages/starlette/_exception_handler.py", line 42, in wrapped_app
    await app(scope, receive, sender)
  File "/home/ubuntu/app/backend/venv/lib/python3.12/site-packages/fastapi/middleware/asyncexitstack.py", line 18, in __call__
    await self.app(scope, receive, send)
  File "/home/ubuntu/app/backend/venv/lib/python3.12/site-packages/starlette/routing.py", line 660, in __call__
    await self.middleware_stack(scope, receive, send)
  File "/home/ubuntu/app/backend/venv/lib/python3.12/site-packages/fastapi/routing.py", line 2685, in app
    await route.handle(scope, receive, send)
  File "/home/ubuntu/app/backend/venv/lib/python3.12/site-packages/fastapi/routing.py", line 1267, in handle
    await super().handle(scope, receive, send)
  File "/home/ubuntu/app/backend/venv/lib/python3.12/site-packages/starlette/routing.py", line 276, in handle
    await self.app(scope, receive, send)
  File "/home/ubuntu/app/backend/venv/lib/python3.12/site-packages/fastapi/routing.py", line 151, in app
    await wrap_app_handling_exceptions(app, request)(scope, receive, send)
  File "/home/ubuntu/app/backend/venv/lib/python3.12/site-packages/starlette/_exception_handler.py", line 53, in wrapped_app
    raise exc
  File "/home/ubuntu/app/backend/venv/lib/python3.12/site-packages/starlette/_exception_handler.py", line 42, in wrapped_app
    await app(scope, receive, sender)
  File "/home/ubuntu/app/backend/venv/lib/python3.12/site-packages/fastapi/routing.py", line 137, in app
    response = await f(request)
               ^^^^^^^^^^^^^^^^
  File "/home/ubuntu/app/backend/venv/lib/python3.12/site-packages/fastapi/routing.py", line 691, in app
    raw_response = await run_endpoint_function(
                   ^^^^^^^^^^^^^^^^^^^^^^^^^^^^
  File "/home/ubuntu/app/backend/venv/lib/python3.12/site-packages/fastapi/routing.py", line 347, in run_endpoint_function
    return await run_in_threadpool(dependant.call, **values)
           ^^^^^^^^^^^^^^^^^^^^^^^^^^^^^^^^^^^^^^^^^^^^^^^^^
  File "/home/ubuntu/app/backend/venv/lib/python3.12/site-packages/starlette/concurrency.py", line 34, in run_in_threadpool
    return await anyio.to_thread.run_sync(func)
           ^^^^^^^^^^^^^^^^^^^^^^^^^^^^^^^^^^^^
  File "/home/ubuntu/app/backend/venv/lib/python3.12/site-packages/anyio/to_thread.py", line 65, in run_sync
    return await get_async_backend().run_sync_in_worker_thread(
           ^^^^^^^^^^^^^^^^^^^^^^^^^^^^^^^^^^^^^^^^^^^^^^^^^^^^
  File "/home/ubuntu/app/backend/venv/lib/python3.12/site-packages/anyio/_backends/_asyncio.py", line 2641, in run_sync_in_worker_thread
    return await future
           ^^^^^^^^^^^^
  File "/home/ubuntu/app/backend/venv/lib/python3.12/site-packages/anyio/_backends/_asyncio.py", line 1033, in run
    result = context.run(func, *args)
             ^^^^^^^^^^^^^^^^^^^^^^^^
  File "/home/ubuntu/app/backend/main.py", line 1591, in count_pending_approvals
    models.ApprovalRequest.user_id == user.id,
                                      ^^^^^^^
AttributeError: 'NoneType' object has no attribute 'id'
2026-08-28 14:01:20.223481 - GET /api/approvals/count - 0dc4275bcc7c4ce1828ea732ba8ad17e - 'NoneType' object has no attribute 'id'
Traceback (most recent call last):
  File "/home/ubuntu/app/backend/venv/lib/python3.12/site-packages/starlette/middleware/errors.py", line 164, in __call__
    await self.app(scope, receive, _send)
  File "/home/ubuntu/app/backend/venv/lib/python3.12/site-packages/starlette/middleware/cors.py", line 88, in __call__
    await self.app(scope, receive, send)
  File "/home/ubuntu/app/backend/venv/lib/python3.12/site-packages/starlette/middleware/exceptions.py", line 63, in __call__
    await wrap_app_handling_exceptions(self.app, conn)(scope, receive, send)
  File "/home/ubuntu/app/backend/venv/lib/python3.12/site-packages/starlette/_exception_handler.py", line 53, in wrapped_app
    raise exc
  File "/home/ubuntu/app/backend/venv/lib/python3.12/site-packages/starlette/_exception_handler.py", line 42, in wrapped_app
    await app(scope, receive, sender)
  File "/home/ubuntu/app/backend/venv/lib/python3.12/site-packages/fastapi/middleware/asyncexitstack.py", line 18, in __call__
    await self.app(scope, receive, send)
  File "/home/ubuntu/app/backend/venv/lib/python3.12/site-packages/starlette/routing.py", line 660, in __call__
    await self.middleware_stack(scope, receive, send)
  File "/home/ubuntu/app/backend/venv/lib/python3.12/site-packages/fastapi/routing.py", line 2685, in app
    await route.handle(scope, receive, send)
  File "/home/ubuntu/app/backend/venv/lib/python3.12/site-packages/fastapi/routing.py", line 1267, in handle
    await super().handle(scope, receive, send)
  File "/home/ubuntu/app/backend/venv/lib/python3.12/site-packages/starlette/routing.py", line 276, in handle
    await self.app(scope, receive, send)
  File "/home/ubuntu/app/backend/venv/lib/python3.12/site-packages/fastapi/routing.py", line 151, in app
    await wrap_app_handling_exceptions(app, request)(scope, receive, send)
  File "/home/ubuntu/app/backend/venv/lib/python3.12/site-packages/starlette/_exception_handler.py", line 53, in wrapped_app
    raise exc
  File "/home/ubuntu/app/backend/venv/lib/python3.12/site-packages/starlette/_exception_handler.py", line 42, in wrapped_app
    await app(scope, receive, sender)
  File "/home/ubuntu/app/backend/venv/lib/python3.12/site-packages/fastapi/routing.py", line 137, in app
    response = await f(request)
               ^^^^^^^^^^^^^^^^
  File "/home/ubuntu/app/backend/venv/lib/python3.12/site-packages/fastapi/routing.py", line 691, in app
    raw_response = await run_endpoint_function(
                   ^^^^^^^^^^^^^^^^^^^^^^^^^^^^
  File "/home/ubuntu/app/backend/venv/lib/python3.12/site-packages/fastapi/routing.py", line 347, in run_endpoint_function
    return await run_in_threadpool(dependant.call, **values)
           ^^^^^^^^^^^^^^^^^^^^^^^^^^^^^^^^^^^^^^^^^^^^^^^^^
  File "/home/ubuntu/app/backend/venv/lib/python3.12/site-packages/starlette/concurrency.py", line 34, in run_in_threadpool
    return await anyio.to_thread.run_sync(func)
           ^^^^^^^^^^^^^^^^^^^^^^^^^^^^^^^^^^^^
  File "/home/ubuntu/app/backend/venv/lib/python3.12/site-packages/anyio/to_thread.py", line 65, in run_sync
    return await get_async_backend().run_sync_in_worker_thread(
           ^^^^^^^^^^^^^^^^^^^^^^^^^^^^^^^^^^^^^^^^^^^^^^^^^^^^
  File "/home/ubuntu/app/backend/venv/lib/python3.12/site-packages/anyio/_backends/_asyncio.py", line 2641, in run_sync_in_worker_thread
    return await future
           ^^^^^^^^^^^^
  File "/home/ubuntu/app/backend/venv/lib/python3.12/site-packages/anyio/_backends/_asyncio.py", line 1033, in run
    result = context.run(func, *args)
             ^^^^^^^^^^^^^^^^^^^^^^^^
  File "/home/ubuntu/app/backend/main.py", line 1591, in count_pending_approvals
    models.ApprovalRequest.user_id == user.id,
                                      ^^^^^^^
AttributeError: 'NoneType' object has no attribute 'id'
2026-08-28 14:01:21.237336 - GET /api/approvals/count - 5ba0ec7e2b114b9c9b669fa839d31350 - 'NoneType' object has no attribute 'id'
Traceback (most recent call last):
  File "/home/ubuntu/app/backend/venv/lib/python3.12/site-packages/starlette/middleware/errors.py", line 164, in __call__
    await self.app(scope, receive, _send)
  File "/home/ubuntu/app/backend/venv/lib/python3.12/site-packages/starlette/middleware/cors.py", line 88, in __call__
    await self.app(scope, receive, send)
  File "/home/ubuntu/app/backend/venv/lib/python3.12/site-packages/starlette/middleware/exceptions.py", line 63, in __call__
    await wrap_app_handling_exceptions(self.app, conn)(scope, receive, send)
  File "/home/ubuntu/app/backend/venv/lib/python3.12/site-packages/starlette/_exception_handler.py", line 53, in wrapped_app
    raise exc
  File "/home/ubuntu/app/backend/venv/lib/python3.12/site-packages/starlette/_exception_handler.py", line 42, in wrapped_app
    await app(scope, receive, sender)
  File "/home/ubuntu/app/backend/venv/lib/python3.12/site-packages/fastapi/middleware/asyncexitstack.py", line 18, in __call__
    await self.app(scope, receive, send)
  File "/home/ubuntu/app/backend/venv/lib/python3.12/site-packages/starlette/routing.py", line 660, in __call__
    await self.middleware_stack(scope, receive, send)
  File "/home/ubuntu/app/backend/venv/lib/python3.12/site-packages/fastapi/routing.py", line 2685, in app
    await route.handle(scope, receive, send)
  File "/home/ubuntu/app/backend/venv/lib/python3.12/site-packages/fastapi/routing.py", line 1267, in handle
    await super().handle(scope, receive, send)
  File "/home/ubuntu/app/backend/venv/lib/python3.12/site-packages/starlette/routing.py", line 276, in handle
    await self.app(scope, receive, send)
  File "/home/ubuntu/app/backend/venv/lib/python3.12/site-packages/fastapi/routing.py", line 151, in app
    await wrap_app_handling_exceptions(app, request)(scope, receive, send)
  File "/home/ubuntu/app/backend/venv/lib/python3.12/site-packages/starlette/_exception_handler.py", line 53, in wrapped_app
    raise exc
  File "/home/ubuntu/app/backend/venv/lib/python3.12/site-packages/starlette/_exception_handler.py", line 42, in wrapped_app
    await app(scope, receive, sender)
  File "/home/ubuntu/app/backend/venv/lib/python3.12/site-packages/fastapi/routing.py", line 137, in app
    response = await f(request)
               ^^^^^^^^^^^^^^^^
  File "/home/ubuntu/app/backend/venv/lib/python3.12/site-packages/fastapi/routing.py", line 691, in app
    raw_response = await run_endpoint_function(
                   ^^^^^^^^^^^^^^^^^^^^^^^^^^^^
  File "/home/ubuntu/app/backend/venv/lib/python3.12/site-packages/fastapi/routing.py", line 347, in run_endpoint_function
    return await run_in_threadpool(dependant.call, **values)
           ^^^^^^^^^^^^^^^^^^^^^^^^^^^^^^^^^^^^^^^^^^^^^^^^^
  File "/home/ubuntu/app/backend/venv/lib/python3.12/site-packages/starlette/concurrency.py", line 34, in run_in_threadpool
    return await anyio.to_thread.run_sync(func)
           ^^^^^^^^^^^^^^^^^^^^^^^^^^^^^^^^^^^^
  File "/home/ubuntu/app/backend/venv/lib/python3.12/site-packages/anyio/to_thread.py", line 65, in run_sync
    return await get_async_backend().run_sync_in_worker_thread(
           ^^^^^^^^^^^^^^^^^^^^^^^^^^^^^^^^^^^^^^^^^^^^^^^^^^^^
  File "/home/ubuntu/app/backend/venv/lib/python3.12/site-packages/anyio/_backends/_asyncio.py", line 2641, in run_sync_in_worker_thread
    return await future
           ^^^^^^^^^^^^
  File "/home/ubuntu/app/backend/venv/lib/python3.12/site-packages/anyio/_backends/_asyncio.py", line 1033, in run
    result = context.run(func, *args)
             ^^^^^^^^^^^^^^^^^^^^^^^^
  File "/home/ubuntu/app/backend/main.py", line 1591, in count_pending_approvals
    models.ApprovalRequest.user_id == user.id,
                                      ^^^^^^^
AttributeError: 'NoneType' object has no attribute 'id'
2026-08-28 14:01:22.251077 - GET /api/approvals/count - b1a646a0207d41e7b1ce7db1f0064936 - 'NoneType' object has no attribute 'id'
Traceback (most recent call last):
  File "/home/ubuntu/app/backend/venv/lib/python3.12/site-packages/starlette/middleware/errors.py", line 164, in __call__
    await self.app(scope, receive, _send)
  File "/home/ubuntu/app/backend/venv/lib/python3.12/site-packages/starlette/middleware/cors.py", line 88, in __call__
    await self.app(scope, receive, send)
  File "/home/ubuntu/app/backend/venv/lib/python3.12/site-packages/starlette/middleware/exceptions.py", line 63, in __call__
    await wrap_app_handling_exceptions(self.app, conn)(scope, receive, send)
  File "/home/ubuntu/app/backend/venv/lib/python3.12/site-packages/starlette/_exception_handler.py", line 53, in wrapped_app
    raise exc
  File "/home/ubuntu/app/backend/venv/lib/python3.12/site-packages/starlette/_exception_handler.py", line 42, in wrapped_app
    await app(scope, receive, sender)
  File "/home/ubuntu/app/backend/venv/lib/python3.12/site-packages/fastapi/middleware/asyncexitstack.py", line 18, in __call__
    await self.app(scope, receive, send)
  File "/home/ubuntu/app/backend/venv/lib/python3.12/site-packages/starlette/routing.py", line 660, in __call__
    await self.middleware_stack(scope, receive, send)
  File "/home/ubuntu/app/backend/venv/lib/python3.12/site-packages/fastapi/routing.py", line 2685, in app
    await route.handle(scope, receive, send)
  File "/home/ubuntu/app/backend/venv/lib/python3.12/site-packages/fastapi/routing.py", line 1267, in handle
    await super().handle(scope, receive, send)
  File "/home/ubuntu/app/backend/venv/lib/python3.12/site-packages/starlette/routing.py", line 276, in handle
    await self.app(scope, receive, send)
  File "/home/ubuntu/app/backend/venv/lib/python3.12/site-packages/fastapi/routing.py", line 151, in app
    await wrap_app_handling_exceptions(app, request)(scope, receive, send)
  File "/home/ubuntu/app/backend/venv/lib/python3.12/site-packages/starlette/_exception_handler.py", line 53, in wrapped_app
    raise exc
  File "/home/ubuntu/app/backend/venv/lib/python3.12/site-packages/starlette/_exception_handler.py", line 42, in wrapped_app
    await app(scope, receive, sender)
  File "/home/ubuntu/app/backend/venv/lib/python3.12/site-packages/fastapi/routing.py", line 137, in app
    response = await f(request)
               ^^^^^^^^^^^^^^^^
  File "/home/ubuntu/app/backend/venv/lib/python3.12/site-packages/fastapi/routing.py", line 691, in app
    raw_response = await run_endpoint_function(
                   ^^^^^^^^^^^^^^^^^^^^^^^^^^^^
  File "/home/ubuntu/app/backend/venv/lib/python3.12/site-packages/fastapi/routing.py", line 347, in run_endpoint_function
    return await run_in_threadpool(dependant.call, **values)
           ^^^^^^^^^^^^^^^^^^^^^^^^^^^^^^^^^^^^^^^^^^^^^^^^^
  File "/home/ubuntu/app/backend/venv/lib/python3.12/site-packages/starlette/concurrency.py", line 34, in run_in_threadpool
    return await anyio.to_thread.run_sync(func)
           ^^^^^^^^^^^^^^^^^^^^^^^^^^^^^^^^^^^^
  File "/home/ubuntu/app/backend/venv/lib/python3.12/site-packages/anyio/to_thread.py", line 65, in run_sync
    return await get_async_backend().run_sync_in_worker_thread(
           ^^^^^^^^^^^^^^^^^^^^^^^^^^^^^^^^^^^^^^^^^^^^^^^^^^^^
  File "/home/ubuntu/app/backend/venv/lib/python3.12/site-packages/anyio/_backends/_asyncio.py", line 2641, in run_sync_in_worker_thread
    return await future
           ^^^^^^^^^^^^
  File "/home/ubuntu/app/backend/venv/lib/python3.12/site-packages/anyio/_backends/_asyncio.py", line 1033, in run
    result = context.run(func, *args)
             ^^^^^^^^^^^^^^^^^^^^^^^^
  File "/home/ubuntu/app/backend/main.py", line 1591, in count_pending_approvals
    models.ApprovalRequest.user_id == user.id,
                                      ^^^^^^^
AttributeError: 'NoneType' object has no attribute 'id'
2026-08-28 14:01:23.265188 - GET /api/approvals/count - 5cc729e02a6b4e4b9c3f6c8eea4dcd6f - 'NoneType' object has no attribute 'id'
Traceback (most recent call last):
  File "/home/ubuntu/app/backend/venv/lib/python3.12/site-packages/starlette/middleware/errors.py", line 164, in __call__
    await self.app(scope, receive, _send)
  File "/home/ubuntu/app/backend/venv/lib/python3.12/site-packages/starlette/middleware/cors.py", line 88, in __call__
    await self.app(scope, receive, send)
  File "/home/ubuntu/app/backend/venv/lib/python3.12/site-packages/starlette/middleware/exceptions.py", line 63, in __call__
    await wrap_app_handling_exceptions(self.app, conn)(scope, receive, send)
  File "/home/ubuntu/app/backend/venv/lib/python3.12/site-packages/starlette/_exception_handler.py", line 53, in wrapped_app
    raise exc
  File "/home/ubuntu/app/backend/venv/lib/python3.12/site-packages/starlette/_exception_handler.py", line 42, in wrapped_app
    await app(scope, receive, sender)
  File "/home/ubuntu/app/backend/venv/lib/python3.12/site-packages/fastapi/middleware/asyncexitstack.py", line 18, in __call__
    await self.app(scope, receive, send)
  File "/home/ubuntu/app/backend/venv/lib/python3.12/site-packages/starlette/routing.py", line 660, in __call__
    await self.middleware_stack(scope, receive, send)
  File "/home/ubuntu/app/backend/venv/lib/python3.12/site-packages/fastapi/routing.py", line 2685, in app
    await route.handle(scope, receive, send)
  File "/home/ubuntu/app/backend/venv/lib/python3.12/site-packages/fastapi/routing.py", line 1267, in handle
    await super().handle(scope, receive, send)
  File "/home/ubuntu/app/backend/venv/lib/python3.12/site-packages/starlette/routing.py", line 276, in handle
    await self.app(scope, receive, send)
  File "/home/ubuntu/app/backend/venv/lib/python3.12/site-packages/fastapi/routing.py", line 151, in app
    await wrap_app_handling_exceptions(app, request)(scope, receive, send)
  File "/home/ubuntu/app/backend/venv/lib/python3.12/site-packages/starlette/_exception_handler.py", line 53, in wrapped_app
    raise exc
  File "/home/ubuntu/app/backend/venv/lib/python3.12/site-packages/starlette/_exception_handler.py", line 42, in wrapped_app
    await app(scope, receive, sender)
  File "/home/ubuntu/app/backend/venv/lib/python3.12/site-packages/fastapi/routing.py", line 137, in app
    response = await f(request)
               ^^^^^^^^^^^^^^^^
  File "/home/ubuntu/app/backend/venv/lib/python3.12/site-packages/fastapi/routing.py", line 691, in app
    raw_response = await run_endpoint_function(
                   ^^^^^^^^^^^^^^^^^^^^^^^^^^^^
  File "/home/ubuntu/app/backend/venv/lib/python3.12/site-packages/fastapi/routing.py", line 347, in run_endpoint_function
    return await run_in_threadpool(dependant.call, **values)
           ^^^^^^^^^^^^^^^^^^^^^^^^^^^^^^^^^^^^^^^^^^^^^^^^^
  File "/home/ubuntu/app/backend/venv/lib/python3.12/site-packages/starlette/concurrency.py", line 34, in run_in_threadpool
    return await anyio.to_thread.run_sync(func)
           ^^^^^^^^^^^^^^^^^^^^^^^^^^^^^^^^^^^^
  File "/home/ubuntu/app/backend/venv/lib/python3.12/site-packages/anyio/to_thread.py", line 65, in run_sync
    return await get_async_backend().run_sync_in_worker_thread(
           ^^^^^^^^^^^^^^^^^^^^^^^^^^^^^^^^^^^^^^^^^^^^^^^^^^^^
  File "/home/ubuntu/app/backend/venv/lib/python3.12/site-packages/anyio/_backends/_asyncio.py", line 2641, in run_sync_in_worker_thread
    return await future
           ^^^^^^^^^^^^
  File "/home/ubuntu/app/backend/venv/lib/python3.12/site-packages/anyio/_backends/_asyncio.py", line 1033, in run
    result = context.run(func, *args)
             ^^^^^^^^^^^^^^^^^^^^^^^^
  File "/home/ubuntu/app/backend/main.py", line 1591, in count_pending_approvals
    models.ApprovalRequest.user_id == user.id,
                                      ^^^^^^^
AttributeError: 'NoneType' object has no attribute 'id'
2026-08-28 14:01:24.279333 - GET /api/approvals/count - 39483004833742bca3f9831d3172d788 - 'NoneType' object has no attribute 'id'
Traceback (most recent call last):
  File "/home/ubuntu/app/backend/venv/lib/python3.12/site-packages/starlette/middleware/errors.py", line 164, in __call__
    await self.app(scope, receive, _send)
  File "/home/ubuntu/app/backend/venv/lib/python3.12/site-packages/starlette/middleware/cors.py", line 88, in __call__
    await self.app(scope, receive, send)
  File "/home/ubuntu/app/backend/venv/lib/python3.12/site-packages/starlette/middleware/exceptions.py", line 63, in __call__
    await wrap_app_handling_exceptions(self.app, conn)(scope, receive, send)
  File "/home/ubuntu/app/backend/venv/lib/python3.12/site-packages/starlette/_exception_handler.py", line 53, in wrapped_app
    raise exc
  File "/home/ubuntu/app/backend/venv/lib/python3.12/site-packages/starlette/_exception_handler.py", line 42, in wrapped_app
    await app(scope, receive, sender)
  File "/home/ubuntu/app/backend/venv/lib/python3.12/site-packages/fastapi/middleware/asyncexitstack.py", line 18, in __call__
    await self.app(scope, receive, send)
  File "/home/ubuntu/app/backend/venv/lib/python3.12/site-packages/starlette/routing.py", line 660, in __call__
    await self.middleware_stack(scope, receive, send)
  File "/home/ubuntu/app/backend/venv/lib/python3.12/site-packages/fastapi/routing.py", line 2685, in app
    await route.handle(scope, receive, send)
  File "/home/ubuntu/app/backend/venv/lib/python3.12/site-packages/fastapi/routing.py", line 1267, in handle
    await super().handle(scope, receive, send)
  File "/home/ubuntu/app/backend/venv/lib/python3.12/site-packages/starlette/routing.py", line 276, in handle
    await self.app(scope, receive, send)
  File "/home/ubuntu/app/backend/venv/lib/python3.12/site-packages/fastapi/routing.py", line 151, in app
    await wrap_app_handling_exceptions(app, request)(scope, receive, send)
  File "/home/ubuntu/app/backend/venv/lib/python3.12/site-packages/starlette/_exception_handler.py", line 53, in wrapped_app
    raise exc
  File "/home/ubuntu/app/backend/venv/lib/python3.12/site-packages/starlette/_exception_handler.py", line 42, in wrapped_app
    await app(scope, receive, sender)
  File "/home/ubuntu/app/backend/venv/lib/python3.12/site-packages/fastapi/routing.py", line 137, in app
    response = await f(request)
               ^^^^^^^^^^^^^^^^
  File "/home/ubuntu/app/backend/venv/lib/python3.12/site-packages/fastapi/routing.py", line 691, in app
    raw_response = await run_endpoint_function(
                   ^^^^^^^^^^^^^^^^^^^^^^^^^^^^
  File "/home/ubuntu/app/backend/venv/lib/python3.12/site-packages/fastapi/routing.py", line 347, in run_endpoint_function
    return await run_in_threadpool(dependant.call, **values)
           ^^^^^^^^^^^^^^^^^^^^^^^^^^^^^^^^^^^^^^^^^^^^^^^^^
  File "/home/ubuntu/app/backend/venv/lib/python3.12/site-packages/starlette/concurrency.py", line 34, in run_in_threadpool
    return await anyio.to_thread.run_sync(func)
           ^^^^^^^^^^^^^^^^^^^^^^^^^^^^^^^^^^^^
  File "/home/ubuntu/app/backend/venv/lib/python3.12/site-packages/anyio/to_thread.py", line 65, in run_sync
    return await get_async_backend().run_sync_in_worker_thread(
           ^^^^^^^^^^^^^^^^^^^^^^^^^^^^^^^^^^^^^^^^^^^^^^^^^^^^
  File "/home/ubuntu/app/backend/venv/lib/python3.12/site-packages/anyio/_backends/_asyncio.py", line 2641, in run_sync_in_worker_thread
    return await future
           ^^^^^^^^^^^^
  File "/home/ubuntu/app/backend/venv/lib/python3.12/site-packages/anyio/_backends/_asyncio.py", line 1033, in run
    result = context.run(func, *args)
             ^^^^^^^^^^^^^^^^^^^^^^^^
  File "/home/ubuntu/app/backend/main.py", line 1591, in count_pending_approvals
    models.ApprovalRequest.user_id == user.id,
                                      ^^^^^^^
AttributeError: 'NoneType' object has no attribute 'id'
2026-08-28 14:01:25.292935 - GET /api/approvals/count - 3507ef271ffe400aafc292e8b02f864e - 'NoneType' object has no attribute 'id'
Traceback (most recent call last):
  File "/home/ubuntu/app/backend/venv/lib/python3.12/site-packages/starlette/middleware/errors.py", line 164, in __call__
    await self.app(scope, receive, _send)
  File "/home/ubuntu/app/backend/venv/lib/python3.12/site-packages/starlette/middleware/cors.py", line 88, in __call__
    await self.app(scope, receive, send)
  File "/home/ubuntu/app/backend/venv/lib/python3.12/site-packages/starlette/middleware/exceptions.py", line 63, in __call__
    await wrap_app_handling_exceptions(self.app, conn)(scope, receive, send)
  File "/home/ubuntu/app/backend/venv/lib/python3.12/site-packages/starlette/_exception_handler.py", line 53, in wrapped_app
    raise exc
  File "/home/ubuntu/app/backend/venv/lib/python3.12/site-packages/starlette/_exception_handler.py", line 42, in wrapped_app
    await app(scope, receive, sender)
  File "/home/ubuntu/app/backend/venv/lib/python3.12/site-packages/fastapi/middleware/asyncexitstack.py", line 18, in __call__
    await self.app(scope, receive, send)
  File "/home/ubuntu/app/backend/venv/lib/python3.12/site-packages/starlette/routing.py", line 660, in __call__
    await self.middleware_stack(scope, receive, send)
  File "/home/ubuntu/app/backend/venv/lib/python3.12/site-packages/fastapi/routing.py", line 2685, in app
    await route.handle(scope, receive, send)
  File "/home/ubuntu/app/backend/venv/lib/python3.12/site-packages/fastapi/routing.py", line 1267, in handle
    await super().handle(scope, receive, send)
  File "/home/ubuntu/app/backend/venv/lib/python3.12/site-packages/starlette/routing.py", line 276, in handle
    await self.app(scope, receive, send)
  File "/home/ubuntu/app/backend/venv/lib/python3.12/site-packages/fastapi/routing.py", line 151, in app
    await wrap_app_handling_exceptions(app, request)(scope, receive, send)
  File "/home/ubuntu/app/backend/venv/lib/python3.12/site-packages/starlette/_exception_handler.py", line 53, in wrapped_app
    raise exc
  File "/home/ubuntu/app/backend/venv/lib/python3.12/site-packages/starlette/_exception_handler.py", line 42, in wrapped_app
    await app(scope, receive, sender)
  File "/home/ubuntu/app/backend/venv/lib/python3.12/site-packages/fastapi/routing.py", line 137, in app
    response = await f(request)
               ^^^^^^^^^^^^^^^^
  File "/home/ubuntu/app/backend/venv/lib/python3.12/site-packages/fastapi/routing.py", line 691, in app
    raw_response = await run_endpoint_function(
                   ^^^^^^^^^^^^^^^^^^^^^^^^^^^^
  File "/home/ubuntu/app/backend/venv/lib/python3.12/site-packages/fastapi/routing.py", line 347, in run_endpoint_function
    return await run_in_threadpool(dependant.call, **values)
           ^^^^^^^^^^^^^^^^^^^^^^^^^^^^^^^^^^^^^^^^^^^^^^^^^
  File "/home/ubuntu/app/backend/venv/lib/python3.12/site-packages/starlette/concurrency.py", line 34, in run_in_threadpool
    return await anyio.to_thread.run_sync(func)
           ^^^^^^^^^^^^^^^^^^^^^^^^^^^^^^^^^^^^
  File "/home/ubuntu/app/backend/venv/lib/python3.12/site-packages/anyio/to_thread.py", line 65, in run_sync
    return await get_async_backend().run_sync_in_worker_thread(
           ^^^^^^^^^^^^^^^^^^^^^^^^^^^^^^^^^^^^^^^^^^^^^^^^^^^^
  File "/home/ubuntu/app/backend/venv/lib/python3.12/site-packages/anyio/_backends/_asyncio.py", line 2641, in run_sync_in_worker_thread
    return await future
           ^^^^^^^^^^^^
  File "/home/ubuntu/app/backend/venv/lib/python3.12/site-packages/anyio/_backends/_asyncio.py", line 1033, in run
    result = context.run(func, *args)
             ^^^^^^^^^^^^^^^^^^^^^^^^
  File "/home/ubuntu/app/backend/main.py", line 1591, in count_pending_approvals
    models.ApprovalRequest.user_id == user.id,
                                      ^^^^^^^
AttributeError: 'NoneType' object has no attribute 'id'
2026-08-28 14:01:26.306328 - GET /api/approvals/count - 14a0265475df404fa936394a99e634d2 - 'NoneType' object has no attribute 'id'
Traceback (most recent call last):
  File "/home/ubuntu/app/backend/venv/lib/python3.12/site-packages/starlette/middleware/errors.py", line 164, in __call__
    await self.app(scope, receive, _send)
  File "/home/ubuntu/app/backend/venv/lib/python3.12/site-packages/starlette/middleware/cors.py", line 88, in __call__
    await self.app(scope, receive, send)
  File "/home/ubuntu/app/backend/venv/lib/python3.12/site-packages/starlette/middleware/exceptions.py", line 63, in __call__
    await wrap_app_handling_exceptions(self.app, conn)(scope, receive, send)
  File "/home/ubuntu/app/backend/venv/lib/python3.12/site-packages/starlette/_exception_handler.py", line 53, in wrapped_app
    raise exc
  File "/home/ubuntu/app/backend/venv/lib/python3.12/site-packages/starlette/_exception_handler.py", line 42, in wrapped_app
    await app(scope, receive, sender)
  File "/home/ubuntu/app/backend/venv/lib/python3.12/site-packages/fastapi/middleware/asyncexitstack.py", line 18, in __call__
    await self.app(scope, receive, send)
  File "/home/ubuntu/app/backend/venv/lib/python3.12/site-packages/starlette/routing.py", line 660, in __call__
    await self.middleware_stack(scope, receive, send)
  File "/home/ubuntu/app/backend/venv/lib/python3.12/site-packages/fastapi/routing.py", line 2685, in app
    await route.handle(scope, receive, send)
  File "/home/ubuntu/app/backend/venv/lib/python3.12/site-packages/fastapi/routing.py", line 1267, in handle
    await super().handle(scope, receive, send)
  File "/home/ubuntu/app/backend/venv/lib/python3.12/site-packages/starlette/routing.py", line 276, in handle
    await self.app(scope, receive, send)
  File "/home/ubuntu/app/backend/venv/lib/python3.12/site-packages/fastapi/routing.py", line 151, in app
    await wrap_app_handling_exceptions(app, request)(scope, receive, send)
  File "/home/ubuntu/app/backend/venv/lib/python3.12/site-packages/starlette/_exception_handler.py", line 53, in wrapped_app
    raise exc
  File "/home/ubuntu/app/backend/venv/lib/python3.12/site-packages/starlette/_exception_handler.py", line 42, in wrapped_app
    await app(scope, receive, sender)
  File "/home/ubuntu/app/backend/venv/lib/python3.12/site-packages/fastapi/routing.py", line 137, in app
    response = await f(request)
               ^^^^^^^^^^^^^^^^
  File "/home/ubuntu/app/backend/venv/lib/python3.12/site-packages/fastapi/routing.py", line 691, in app
    raw_response = await run_endpoint_function(
                   ^^^^^^^^^^^^^^^^^^^^^^^^^^^^
  File "/home/ubuntu/app/backend/venv/lib/python3.12/site-packages/fastapi/routing.py", line 347, in run_endpoint_function
    return await run_in_threadpool(dependant.call, **values)
           ^^^^^^^^^^^^^^^^^^^^^^^^^^^^^^^^^^^^^^^^^^^^^^^^^
  File "/home/ubuntu/app/backend/venv/lib/python3.12/site-packages/starlette/concurrency.py", line 34, in run_in_threadpool
    return await anyio.to_thread.run_sync(func)
           ^^^^^^^^^^^^^^^^^^^^^^^^^^^^^^^^^^^^
  File "/home/ubuntu/app/backend/venv/lib/python3.12/site-packages/anyio/to_thread.py", line 65, in run_sync
    return await get_async_backend().run_sync_in_worker_thread(
           ^^^^^^^^^^^^^^^^^^^^^^^^^^^^^^^^^^^^^^^^^^^^^^^^^^^^
  File "/home/ubuntu/app/backend/venv/lib/python3.12/site-packages/anyio/_backends/_asyncio.py", line 2641, in run_sync_in_worker_thread
    return await future
           ^^^^^^^^^^^^
  File "/home/ubuntu/app/backend/venv/lib/python3.12/site-packages/anyio/_backends/_asyncio.py", line 1033, in run
    result = context.run(func, *args)
             ^^^^^^^^^^^^^^^^^^^^^^^^
  File "/home/ubuntu/app/backend/main.py", line 1591, in count_pending_approvals
    models.ApprovalRequest.user_id == user.id,
                                      ^^^^^^^
AttributeError: 'NoneType' object has no attribute 'id'
2026-08-28 14:01:27.319433 - GET /api/approvals/count - 866c8907e13e44d8b01c79c3e83fa227 - 'NoneType' object has no attribute 'id'
Traceback (most recent call last):
  File "/home/ubuntu/app/backend/venv/lib/python3.12/site-packages/starlette/middleware/errors.py", line 164, in __call__
    await self.app(scope, receive, _send)
  File "/home/ubuntu/app/backend/venv/lib/python3.12/site-packages/starlette/middleware/cors.py", line 88, in __call__
    await self.app(scope, receive, send)
  File "/home/ubuntu/app/backend/venv/lib/python3.12/site-packages/starlette/middleware/exceptions.py", line 63, in __call__
    await wrap_app_handling_exceptions(self.app, conn)(scope, receive, send)
  File "/home/ubuntu/app/backend/venv/lib/python3.12/site-packages/starlette/_exception_handler.py", line 53, in wrapped_app
    raise exc
  File "/home/ubuntu/app/backend/venv/lib/python3.12/site-packages/starlette/_exception_handler.py", line 42, in wrapped_app
    await app(scope, receive, sender)
  File "/home/ubuntu/app/backend/venv/lib/python3.12/site-packages/fastapi/middleware/asyncexitstack.py", line 18, in __call__
    await self.app(scope, receive, send)
  File "/home/ubuntu/app/backend/venv/lib/python3.12/site-packages/starlette/routing.py", line 660, in __call__
    await self.middleware_stack(scope, receive, send)
  File "/home/ubuntu/app/backend/venv/lib/python3.12/site-packages/fastapi/routing.py", line 2685, in app
    await route.handle(scope, receive, send)
  File "/home/ubuntu/app/backend/venv/lib/python3.12/site-packages/fastapi/routing.py", line 1267, in handle
    await super().handle(scope, receive, send)
  File "/home/ubuntu/app/backend/venv/lib/python3.12/site-packages/starlette/routing.py", line 276, in handle
    await self.app(scope, receive, send)
  File "/home/ubuntu/app/backend/venv/lib/python3.12/site-packages/fastapi/routing.py", line 151, in app
    await wrap_app_handling_exceptions(app, request)(scope, receive, send)
  File "/home/ubuntu/app/backend/venv/lib/python3.12/site-packages/starlette/_exception_handler.py", line 53, in wrapped_app
    raise exc
  File "/home/ubuntu/app/backend/venv/lib/python3.12/site-packages/starlette/_exception_handler.py", line 42, in wrapped_app
    await app(scope, receive, sender)
  File "/home/ubuntu/app/backend/venv/lib/python3.12/site-packages/fastapi/routing.py", line 137, in app
    response = await f(request)
               ^^^^^^^^^^^^^^^^
  File "/home/ubuntu/app/backend/venv/lib/python3.12/site-packages/fastapi/routing.py", line 691, in app
    raw_response = await run_endpoint_function(
                   ^^^^^^^^^^^^^^^^^^^^^^^^^^^^
  File "/home/ubuntu/app/backend/venv/lib/python3.12/site-packages/fastapi/routing.py", line 347, in run_endpoint_function
    return await run_in_threadpool(dependant.call, **values)
           ^^^^^^^^^^^^^^^^^^^^^^^^^^^^^^^^^^^^^^^^^^^^^^^^^
  File "/home/ubuntu/app/backend/venv/lib/python3.12/site-packages/starlette/concurrency.py", line 34, in run_in_threadpool
    return await anyio.to_thread.run_sync(func)
           ^^^^^^^^^^^^^^^^^^^^^^^^^^^^^^^^^^^^
  File "/home/ubuntu/app/backend/venv/lib/python3.12/site-packages/anyio/to_thread.py", line 65, in run_sync
    return await get_async_backend().run_sync_in_worker_thread(
           ^^^^^^^^^^^^^^^^^^^^^^^^^^^^^^^^^^^^^^^^^^^^^^^^^^^^
  File "/home/ubuntu/app/backend/venv/lib/python3.12/site-packages/anyio/_backends/_asyncio.py", line 2641, in run_sync_in_worker_thread
    return await future
           ^^^^^^^^^^^^
  File "/home/ubuntu/app/backend/venv/lib/python3.12/site-packages/anyio/_backends/_asyncio.py", line 1033, in run
    result = context.run(func, *args)
             ^^^^^^^^^^^^^^^^^^^^^^^^
  File "/home/ubuntu/app/backend/main.py", line 1591, in count_pending_approvals
    models.ApprovalRequest.user_id == user.id,
                                      ^^^^^^^
AttributeError: 'NoneType' object has no attribute 'id'
2026-08-28 14:01:28.333632 - GET /api/approvals/count - ed365f1c5ac9493a8b9d6185dd849d87 - 'NoneType' object has no attribute 'id'
Traceback (most recent call last):
  File "/home/ubuntu/app/backend/venv/lib/python3.12/site-packages/starlette/middleware/errors.py", line 164, in __call__
    await self.app(scope, receive, _send)
  File "/home/ubuntu/app/backend/venv/lib/python3.12/site-packages/starlette/middleware/cors.py", line 88, in __call__
    await self.app(scope, receive, send)
  File "/home/ubuntu/app/backend/venv/lib/python3.12/site-packages/starlette/middleware/exceptions.py", line 63, in __call__
    await wrap_app_handling_exceptions(self.app, conn)(scope, receive, send)
  File "/home/ubuntu/app/backend/venv/lib/python3.12/site-packages/starlette/_exception_handler.py", line 53, in wrapped_app
    raise exc
  File "/home/ubuntu/app/backend/venv/lib/python3.12/site-packages/starlette/_exception_handler.py", line 42, in wrapped_app
    await app(scope, receive, sender)
  File "/home/ubuntu/app/backend/venv/lib/python3.12/site-packages/fastapi/middleware/asyncexitstack.py", line 18, in __call__
    await self.app(scope, receive, send)
  File "/home/ubuntu/app/backend/venv/lib/python3.12/site-packages/starlette/routing.py", line 660, in __call__
    await self.middleware_stack(scope, receive, send)
  File "/home/ubuntu/app/backend/venv/lib/python3.12/site-packages/fastapi/routing.py", line 2685, in app
    await route.handle(scope, receive, send)
  File "/home/ubuntu/app/backend/venv/lib/python3.12/site-packages/fastapi/routing.py", line 1267, in handle
    await super().handle(scope, receive, send)
  File "/home/ubuntu/app/backend/venv/lib/python3.12/site-packages/starlette/routing.py", line 276, in handle
    await self.app(scope, receive, send)
  File "/home/ubuntu/app/backend/venv/lib/python3.12/site-packages/fastapi/routing.py", line 151, in app
    await wrap_app_handling_exceptions(app, request)(scope, receive, send)
  File "/home/ubuntu/app/backend/venv/lib/python3.12/site-packages/starlette/_exception_handler.py", line 53, in wrapped_app
    raise exc
  File "/home/ubuntu/app/backend/venv/lib/python3.12/site-packages/starlette/_exception_handler.py", line 42, in wrapped_app
    await app(scope, receive, sender)
  File "/home/ubuntu/app/backend/venv/lib/python3.12/site-packages/fastapi/routing.py", line 137, in app
    response = await f(request)
               ^^^^^^^^^^^^^^^^
  File "/home/ubuntu/app/backend/venv/lib/python3.12/site-packages/fastapi/routing.py", line 691, in app
    raw_response = await run_endpoint_function(
                   ^^^^^^^^^^^^^^^^^^^^^^^^^^^^
  File "/home/ubuntu/app/backend/venv/lib/python3.12/site-packages/fastapi/routing.py", line 347, in run_endpoint_function
    return await run_in_threadpool(dependant.call, **values)
           ^^^^^^^^^^^^^^^^^^^^^^^^^^^^^^^^^^^^^^^^^^^^^^^^^
  File "/home/ubuntu/app/backend/venv/lib/python3.12/site-packages/starlette/concurrency.py", line 34, in run_in_threadpool
    return await anyio.to_thread.run_sync(func)
           ^^^^^^^^^^^^^^^^^^^^^^^^^^^^^^^^^^^^
  File "/home/ubuntu/app/backend/venv/lib/python3.12/site-packages/anyio/to_thread.py", line 65, in run_sync
    return await get_async_backend().run_sync_in_worker_thread(
           ^^^^^^^^^^^^^^^^^^^^^^^^^^^^^^^^^^^^^^^^^^^^^^^^^^^^
  File "/home/ubuntu/app/backend/venv/lib/python3.12/site-packages/anyio/_backends/_asyncio.py", line 2641, in run_sync_in_worker_thread
    return await future
           ^^^^^^^^^^^^
  File "/home/ubuntu/app/backend/venv/lib/python3.12/site-packages/anyio/_backends/_asyncio.py", line 1033, in run
    result = context.run(func, *args)
             ^^^^^^^^^^^^^^^^^^^^^^^^
  File "/home/ubuntu/app/backend/main.py", line 1591, in count_pending_approvals
    models.ApprovalRequest.user_id == user.id,
                                      ^^^^^^^
AttributeError: 'NoneType' object has no attribute 'id'
2026-08-28 14:01:29.348651 - GET /api/approvals/count - 397640b385e64cafb2b4179d8ccf8000 - 'NoneType' object has no attribute 'id'
Traceback (most recent call last):
  File "/home/ubuntu/app/backend/venv/lib/python3.12/site-packages/starlette/middleware/errors.py", line 164, in __call__
    await self.app(scope, receive, _send)
  File "/home/ubuntu/app/backend/venv/lib/python3.12/site-packages/starlette/middleware/cors.py", line 88, in __call__
    await self.app(scope, receive, send)
  File "/home/ubuntu/app/backend/venv/lib/python3.12/site-packages/starlette/middleware/exceptions.py", line 63, in __call__
    await wrap_app_handling_exceptions(self.app, conn)(scope, receive, send)
  File "/home/ubuntu/app/backend/venv/lib/python3.12/site-packages/starlette/_exception_handler.py", line 53, in wrapped_app
    raise exc
  File "/home/ubuntu/app/backend/venv/lib/python3.12/site-packages/starlette/_exception_handler.py", line 42, in wrapped_app
    await app(scope, receive, sender)
  File "/home/ubuntu/app/backend/venv/lib/python3.12/site-packages/fastapi/middleware/asyncexitstack.py", line 18, in __call__
    await self.app(scope, receive, send)
  File "/home/ubuntu/app/backend/venv/lib/python3.12/site-packages/starlette/routing.py", line 660, in __call__
    await self.middleware_stack(scope, receive, send)
  File "/home/ubuntu/app/backend/venv/lib/python3.12/site-packages/fastapi/routing.py", line 2685, in app
    await route.handle(scope, receive, send)
  File "/home/ubuntu/app/backend/venv/lib/python3.12/site-packages/fastapi/routing.py", line 1267, in handle
    await super().handle(scope, receive, send)
  File "/home/ubuntu/app/backend/venv/lib/python3.12/site-packages/starlette/routing.py", line 276, in handle
    await self.app(scope, receive, send)
  File "/home/ubuntu/app/backend/venv/lib/python3.12/site-packages/fastapi/routing.py", line 151, in app
    await wrap_app_handling_exceptions(app, request)(scope, receive, send)
  File "/home/ubuntu/app/backend/venv/lib/python3.12/site-packages/starlette/_exception_handler.py", line 53, in wrapped_app
    raise exc
  File "/home/ubuntu/app/backend/venv/lib/python3.12/site-packages/starlette/_exception_handler.py", line 42, in wrapped_app
    await app(scope, receive, sender)
  File "/home/ubuntu/app/backend/venv/lib/python3.12/site-packages/fastapi/routing.py", line 137, in app
    response = await f(request)
               ^^^^^^^^^^^^^^^^
  File "/home/ubuntu/app/backend/venv/lib/python3.12/site-packages/fastapi/routing.py", line 691, in app
    raw_response = await run_endpoint_function(
                   ^^^^^^^^^^^^^^^^^^^^^^^^^^^^
  File "/home/ubuntu/app/backend/venv/lib/python3.12/site-packages/fastapi/routing.py", line 347, in run_endpoint_function
    return await run_in_threadpool(dependant.call, **values)
           ^^^^^^^^^^^^^^^^^^^^^^^^^^^^^^^^^^^^^^^^^^^^^^^^^
  File "/home/ubuntu/app/backend/venv/lib/python3.12/site-packages/starlette/concurrency.py", line 34, in run_in_threadpool
    return await anyio.to_thread.run_sync(func)
           ^^^^^^^^^^^^^^^^^^^^^^^^^^^^^^^^^^^^
  File "/home/ubuntu/app/backend/venv/lib/python3.12/site-packages/anyio/to_thread.py", line 65, in run_sync
    return await get_async_backend().run_sync_in_worker_thread(
           ^^^^^^^^^^^^^^^^^^^^^^^^^^^^^^^^^^^^^^^^^^^^^^^^^^^^
  File "/home/ubuntu/app/backend/venv/lib/python3.12/site-packages/anyio/_backends/_asyncio.py", line 2641, in run_sync_in_worker_thread
    return await future
           ^^^^^^^^^^^^
  File "/home/ubuntu/app/backend/venv/lib/python3.12/site-packages/anyio/_backends/_asyncio.py", line 1033, in run
    result = context.run(func, *args)
             ^^^^^^^^^^^^^^^^^^^^^^^^
  File "/home/ubuntu/app/backend/main.py", line 1591, in count_pending_approvals
    models.ApprovalRequest.user_id == user.id,
                                      ^^^^^^^
AttributeError: 'NoneType' object has no attribute 'id'
2026-08-28 14:01:30.362705 - GET /api/approvals/count - 7b1a6f94ac784065b77549a02678d09f - 'NoneType' object has no attribute 'id'
Traceback (most recent call last):
  File "/home/ubuntu/app/backend/venv/lib/python3.12/site-packages/starlette/middleware/errors.py", line 164, in __call__
    await self.app(scope, receive, _send)
  File "/home/ubuntu/app/backend/venv/lib/python3.12/site-packages/starlette/middleware/cors.py", line 88, in __call__
    await self.app(scope, receive, send)
  File "/home/ubuntu/app/backend/venv/lib/python3.12/site-packages/starlette/middleware/exceptions.py", line 63, in __call__
    await wrap_app_handling_exceptions(self.app, conn)(scope, receive, send)
  File "/home/ubuntu/app/backend/venv/lib/python3.12/site-packages/starlette/_exception_handler.py", line 53, in wrapped_app
    raise exc
  File "/home/ubuntu/app/backend/venv/lib/python3.12/site-packages/starlette/_exception_handler.py", line 42, in wrapped_app
    await app(scope, receive, sender)
  File "/home/ubuntu/app/backend/venv/lib/python3.12/site-packages/fastapi/middleware/asyncexitstack.py", line 18, in __call__
    await self.app(scope, receive, send)
  File "/home/ubuntu/app/backend/venv/lib/python3.12/site-packages/starlette/routing.py", line 660, in __call__
    await self.middleware_stack(scope, receive, send)
  File "/home/ubuntu/app/backend/venv/lib/python3.12/site-packages/fastapi/routing.py", line 2685, in app
    await route.handle(scope, receive, send)
  File "/home/ubuntu/app/backend/venv/lib/python3.12/site-packages/fastapi/routing.py", line 1267, in handle
    await super().handle(scope, receive, send)
  File "/home/ubuntu/app/backend/venv/lib/python3.12/site-packages/starlette/routing.py", line 276, in handle
    await self.app(scope, receive, send)
  File "/home/ubuntu/app/backend/venv/lib/python3.12/site-packages/fastapi/routing.py", line 151, in app
    await wrap_app_handling_exceptions(app, request)(scope, receive, send)
  File "/home/ubuntu/app/backend/venv/lib/python3.12/site-packages/starlette/_exception_handler.py", line 53, in wrapped_app
    raise exc
  File "/home/ubuntu/app/backend/venv/lib/python3.12/site-packages/starlette/_exception_handler.py", line 42, in wrapped_app
    await app(scope, receive, sender)
  File "/home/ubuntu/app/backend/venv/lib/python3.12/site-packages/fastapi/routing.py", line 137, in app
    response = await f(request)
               ^^^^^^^^^^^^^^^^
  File "/home/ubuntu/app/backend/venv/lib/python3.12/site-packages/fastapi/routing.py", line 691, in app
    raw_response = await run_endpoint_function(
                   ^^^^^^^^^^^^^^^^^^^^^^^^^^^^
  File "/home/ubuntu/app/backend/venv/lib/python3.12/site-packages/fastapi/routing.py", line 347, in run_endpoint_function
    return await run_in_threadpool(dependant.call, **values)
           ^^^^^^^^^^^^^^^^^^^^^^^^^^^^^^^^^^^^^^^^^^^^^^^^^
  File "/home/ubuntu/app/backend/venv/lib/python3.12/site-packages/starlette/concurrency.py", line 34, in run_in_threadpool
    return await anyio.to_thread.run_sync(func)
           ^^^^^^^^^^^^^^^^^^^^^^^^^^^^^^^^^^^^
  File "/home/ubuntu/app/backend/venv/lib/python3.12/site-packages/anyio/to_thread.py", line 65, in run_sync
    return await get_async_backend().run_sync_in_worker_thread(
           ^^^^^^^^^^^^^^^^^^^^^^^^^^^^^^^^^^^^^^^^^^^^^^^^^^^^
  File "/home/ubuntu/app/backend/venv/lib/python3.12/site-packages/anyio/_backends/_asyncio.py", line 2641, in run_sync_in_worker_thread
    return await future
           ^^^^^^^^^^^^
  File "/home/ubuntu/app/backend/venv/lib/python3.12/site-packages/anyio/_backends/_asyncio.py", line 1033, in run
    result = context.run(func, *args)
             ^^^^^^^^^^^^^^^^^^^^^^^^
  File "/home/ubuntu/app/backend/main.py", line 1591, in count_pending_approvals
    models.ApprovalRequest.user_id == user.id,
                                      ^^^^^^^
AttributeError: 'NoneType' object has no attribute 'id'
2026-08-28 14:01:31.377915 - GET /api/approvals/count - 6d30a2825c0a43e0a63b6b6dfd261b4d - 'NoneType' object has no attribute 'id'
Traceback (most recent call last):
  File "/home/ubuntu/app/backend/venv/lib/python3.12/site-packages/starlette/middleware/errors.py", line 164, in __call__
    await self.app(scope, receive, _send)
  File "/home/ubuntu/app/backend/venv/lib/python3.12/site-packages/starlette/middleware/cors.py", line 88, in __call__
    await self.app(scope, receive, send)
  File "/home/ubuntu/app/backend/venv/lib/python3.12/site-packages/starlette/middleware/exceptions.py", line 63, in __call__
    await wrap_app_handling_exceptions(self.app, conn)(scope, receive, send)
  File "/home/ubuntu/app/backend/venv/lib/python3.12/site-packages/starlette/_exception_handler.py", line 53, in wrapped_app
    raise exc
  File "/home/ubuntu/app/backend/venv/lib/python3.12/site-packages/starlette/_exception_handler.py", line 42, in wrapped_app
    await app(scope, receive, sender)
  File "/home/ubuntu/app/backend/venv/lib/python3.12/site-packages/fastapi/middleware/asyncexitstack.py", line 18, in __call__
    await self.app(scope, receive, send)
  File "/home/ubuntu/app/backend/venv/lib/python3.12/site-packages/starlette/routing.py", line 660, in __call__
    await self.middleware_stack(scope, receive, send)
  File "/home/ubuntu/app/backend/venv/lib/python3.12/site-packages/fastapi/routing.py", line 2685, in app
    await route.handle(scope, receive, send)
  File "/home/ubuntu/app/backend/venv/lib/python3.12/site-packages/fastapi/routing.py", line 1267, in handle
    await super().handle(scope, receive, send)
  File "/home/ubuntu/app/backend/venv/lib/python3.12/site-packages/starlette/routing.py", line 276, in handle
    await self.app(scope, receive, send)
  File "/home/ubuntu/app/backend/venv/lib/python3.12/site-packages/fastapi/routing.py", line 151, in app
    await wrap_app_handling_exceptions(app, request)(scope, receive, send)
  File "/home/ubuntu/app/backend/venv/lib/python3.12/site-packages/starlette/_exception_handler.py", line 53, in wrapped_app
    raise exc
  File "/home/ubuntu/app/backend/venv/lib/python3.12/site-packages/starlette/_exception_handler.py", line 42, in wrapped_app
    await app(scope, receive, sender)
  File "/home/ubuntu/app/backend/venv/lib/python3.12/site-packages/fastapi/routing.py", line 137, in app
    response = await f(request)
               ^^^^^^^^^^^^^^^^
  File "/home/ubuntu/app/backend/venv/lib/python3.12/site-packages/fastapi/routing.py", line 691, in app
    raw_response = await run_endpoint_function(
                   ^^^^^^^^^^^^^^^^^^^^^^^^^^^^
  File "/home/ubuntu/app/backend/venv/lib/python3.12/site-packages/fastapi/routing.py", line 347, in run_endpoint_function
    return await run_in_threadpool(dependant.call, **values)
           ^^^^^^^^^^^^^^^^^^^^^^^^^^^^^^^^^^^^^^^^^^^^^^^^^
  File "/home/ubuntu/app/backend/venv/lib/python3.12/site-packages/starlette/concurrency.py", line 34, in run_in_threadpool
    return await anyio.to_thread.run_sync(func)
           ^^^^^^^^^^^^^^^^^^^^^^^^^^^^^^^^^^^^
  File "/home/ubuntu/app/backend/venv/lib/python3.12/site-packages/anyio/to_thread.py", line 65, in run_sync
    return await get_async_backend().run_sync_in_worker_thread(
           ^^^^^^^^^^^^^^^^^^^^^^^^^^^^^^^^^^^^^^^^^^^^^^^^^^^^
  File "/home/ubuntu/app/backend/venv/lib/python3.12/site-packages/anyio/_backends/_asyncio.py", line 2641, in run_sync_in_worker_thread
    return await future
           ^^^^^^^^^^^^
  File "/home/ubuntu/app/backend/venv/lib/python3.12/site-packages/anyio/_backends/_asyncio.py", line 1033, in run
    result = context.run(func, *args)
             ^^^^^^^^^^^^^^^^^^^^^^^^
  File "/home/ubuntu/app/backend/main.py", line 1591, in count_pending_approvals
    models.ApprovalRequest.user_id == user.id,
                                      ^^^^^^^
AttributeError: 'NoneType' object has no attribute 'id'
2026-08-28 14:01:32.391797 - GET /api/approvals/count - 85da433e15344dbbb5f543f78e465e92 - 'NoneType' object has no attribute 'id'
Traceback (most recent call last):
  File "/home/ubuntu/app/backend/venv/lib/python3.12/site-packages/starlette/middleware/errors.py", line 164, in __call__
    await self.app(scope, receive, _send)
  File "/home/ubuntu/app/backend/venv/lib/python3.12/site-packages/starlette/middleware/cors.py", line 88, in __call__
    await self.app(scope, receive, send)
  File "/home/ubuntu/app/backend/venv/lib/python3.12/site-packages/starlette/middleware/exceptions.py", line 63, in __call__
    await wrap_app_handling_exceptions(self.app, conn)(scope, receive, send)
  File "/home/ubuntu/app/backend/venv/lib/python3.12/site-packages/starlette/_exception_handler.py", line 53, in wrapped_app
    raise exc
  File "/home/ubuntu/app/backend/venv/lib/python3.12/site-packages/starlette/_exception_handler.py", line 42, in wrapped_app
    await app(scope, receive, sender)
  File "/home/ubuntu/app/backend/venv/lib/python3.12/site-packages/fastapi/middleware/asyncexitstack.py", line 18, in __call__
    await self.app(scope, receive, send)
  File "/home/ubuntu/app/backend/venv/lib/python3.12/site-packages/starlette/routing.py", line 660, in __call__
    await self.middleware_stack(scope, receive, send)
  File "/home/ubuntu/app/backend/venv/lib/python3.12/site-packages/fastapi/routing.py", line 2685, in app
    await route.handle(scope, receive, send)
  File "/home/ubuntu/app/backend/venv/lib/python3.12/site-packages/fastapi/routing.py", line 1267, in handle
    await super().handle(scope, receive, send)
  File "/home/ubuntu/app/backend/venv/lib/python3.12/site-packages/starlette/routing.py", line 276, in handle
    await self.app(scope, receive, send)
  File "/home/ubuntu/app/backend/venv/lib/python3.12/site-packages/fastapi/routing.py", line 151, in app
    await wrap_app_handling_exceptions(app, request)(scope, receive, send)
  File "/home/ubuntu/app/backend/venv/lib/python3.12/site-packages/starlette/_exception_handler.py", line 53, in wrapped_app
    raise exc
  File "/home/ubuntu/app/backend/venv/lib/python3.12/site-packages/starlette/_exception_handler.py", line 42, in wrapped_app
    await app(scope, receive, sender)
  File "/home/ubuntu/app/backend/venv/lib/python3.12/site-packages/fastapi/routing.py", line 137, in app
    response = await f(request)
               ^^^^^^^^^^^^^^^^
  File "/home/ubuntu/app/backend/venv/lib/python3.12/site-packages/fastapi/routing.py", line 691, in app
    raw_response = await run_endpoint_function(
                   ^^^^^^^^^^^^^^^^^^^^^^^^^^^^
  File "/home/ubuntu/app/backend/venv/lib/python3.12/site-packages/fastapi/routing.py", line 347, in run_endpoint_function
    return await run_in_threadpool(dependant.call, **values)
           ^^^^^^^^^^^^^^^^^^^^^^^^^^^^^^^^^^^^^^^^^^^^^^^^^
  File "/home/ubuntu/app/backend/venv/lib/python3.12/site-packages/starlette/concurrency.py", line 34, in run_in_threadpool
    return await anyio.to_thread.run_sync(func)
           ^^^^^^^^^^^^^^^^^^^^^^^^^^^^^^^^^^^^
  File "/home/ubuntu/app/backend/venv/lib/python3.12/site-packages/anyio/to_thread.py", line 65, in run_sync
    return await get_async_backend().run_sync_in_worker_thread(
           ^^^^^^^^^^^^^^^^^^^^^^^^^^^^^^^^^^^^^^^^^^^^^^^^^^^^
  File "/home/ubuntu/app/backend/venv/lib/python3.12/site-packages/anyio/_backends/_asyncio.py", line 2641, in run_sync_in_worker_thread
    return await future
           ^^^^^^^^^^^^
  File "/home/ubuntu/app/backend/venv/lib/python3.12/site-packages/anyio/_backends/_asyncio.py", line 1033, in run
    result = context.run(func, *args)
             ^^^^^^^^^^^^^^^^^^^^^^^^
  File "/home/ubuntu/app/backend/main.py", line 1591, in count_pending_approvals
    models.ApprovalRequest.user_id == user.id,
                                      ^^^^^^^
AttributeError: 'NoneType' object has no attribute 'id'
2026-08-28 14:01:33.405924 - GET /api/approvals/count - d0d876b1c9144c6aa3a93064fbefa06f - 'NoneType' object has no attribute 'id'
Traceback (most recent call last):
  File "/home/ubuntu/app/backend/venv/lib/python3.12/site-packages/starlette/middleware/errors.py", line 164, in __call__
    await self.app(scope, receive, _send)
  File "/home/ubuntu/app/backend/venv/lib/python3.12/site-packages/starlette/middleware/cors.py", line 88, in __call__
    await self.app(scope, receive, send)
  File "/home/ubuntu/app/backend/venv/lib/python3.12/site-packages/starlette/middleware/exceptions.py", line 63, in __call__
    await wrap_app_handling_exceptions(self.app, conn)(scope, receive, send)
  File "/home/ubuntu/app/backend/venv/lib/python3.12/site-packages/starlette/_exception_handler.py", line 53, in wrapped_app
    raise exc
  File "/home/ubuntu/app/backend/venv/lib/python3.12/site-packages/starlette/_exception_handler.py", line 42, in wrapped_app
    await app(scope, receive, sender)
  File "/home/ubuntu/app/backend/venv/lib/python3.12/site-packages/fastapi/middleware/asyncexitstack.py", line 18, in __call__
    await self.app(scope, receive, send)
  File "/home/ubuntu/app/backend/venv/lib/python3.12/site-packages/starlette/routing.py", line 660, in __call__
    await self.middleware_stack(scope, receive, send)
  File "/home/ubuntu/app/backend/venv/lib/python3.12/site-packages/fastapi/routing.py", line 2685, in app
    await route.handle(scope, receive, send)
  File "/home/ubuntu/app/backend/venv/lib/python3.12/site-packages/fastapi/routing.py", line 1267, in handle
    await super().handle(scope, receive, send)
  File "/home/ubuntu/app/backend/venv/lib/python3.12/site-packages/starlette/routing.py", line 276, in handle
    await self.app(scope, receive, send)
  File "/home/ubuntu/app/backend/venv/lib/python3.12/site-packages/fastapi/routing.py", line 151, in app
    await wrap_app_handling_exceptions(app, request)(scope, receive, send)
  File "/home/ubuntu/app/backend/venv/lib/python3.12/site-packages/starlette/_exception_handler.py", line 53, in wrapped_app
    raise exc
  File "/home/ubuntu/app/backend/venv/lib/python3.12/site-packages/starlette/_exception_handler.py", line 42, in wrapped_app
    await app(scope, receive, sender)
  File "/home/ubuntu/app/backend/venv/lib/python3.12/site-packages/fastapi/routing.py", line 137, in app
    response = await f(request)
               ^^^^^^^^^^^^^^^^
  File "/home/ubuntu/app/backend/venv/lib/python3.12/site-packages/fastapi/routing.py", line 691, in app
    raw_response = await run_endpoint_function(
                   ^^^^^^^^^^^^^^^^^^^^^^^^^^^^
  File "/home/ubuntu/app/backend/venv/lib/python3.12/site-packages/fastapi/routing.py", line 347, in run_endpoint_function
    return await run_in_threadpool(dependant.call, **values)
           ^^^^^^^^^^^^^^^^^^^^^^^^^^^^^^^^^^^^^^^^^^^^^^^^^
  File "/home/ubuntu/app/backend/venv/lib/python3.12/site-packages/starlette/concurrency.py", line 34, in run_in_threadpool
    return await anyio.to_thread.run_sync(func)
           ^^^^^^^^^^^^^^^^^^^^^^^^^^^^^^^^^^^^
  File "/home/ubuntu/app/backend/venv/lib/python3.12/site-packages/anyio/to_thread.py", line 65, in run_sync
    return await get_async_backend().run_sync_in_worker_thread(
           ^^^^^^^^^^^^^^^^^^^^^^^^^^^^^^^^^^^^^^^^^^^^^^^^^^^^
  File "/home/ubuntu/app/backend/venv/lib/python3.12/site-packages/anyio/_backends/_asyncio.py", line 2641, in run_sync_in_worker_thread
    return await future
           ^^^^^^^^^^^^
  File "/home/ubuntu/app/backend/venv/lib/python3.12/site-packages/anyio/_backends/_asyncio.py", line 1033, in run
    result = context.run(func, *args)
             ^^^^^^^^^^^^^^^^^^^^^^^^
  File "/home/ubuntu/app/backend/main.py", line 1591, in count_pending_approvals
    models.ApprovalRequest.user_id == user.id,
                                      ^^^^^^^
AttributeError: 'NoneType' object has no attribute 'id'
2026-08-28 14:01:34.420281 - GET /api/approvals/count - 2aedfc9a40604cf7a89fb96946a71a07 - 'NoneType' object has no attribute 'id'
Traceback (most recent call last):
  File "/home/ubuntu/app/backend/venv/lib/python3.12/site-packages/starlette/middleware/errors.py", line 164, in __call__
    await self.app(scope, receive, _send)
  File "/home/ubuntu/app/backend/venv/lib/python3.12/site-packages/starlette/middleware/cors.py", line 88, in __call__
    await self.app(scope, receive, send)
  File "/home/ubuntu/app/backend/venv/lib/python3.12/site-packages/starlette/middleware/exceptions.py", line 63, in __call__
    await wrap_app_handling_exceptions(self.app, conn)(scope, receive, send)
  File "/home/ubuntu/app/backend/venv/lib/python3.12/site-packages/starlette/_exception_handler.py", line 53, in wrapped_app
    raise exc
  File "/home/ubuntu/app/backend/venv/lib/python3.12/site-packages/starlette/_exception_handler.py", line 42, in wrapped_app
    await app(scope, receive, sender)
  File "/home/ubuntu/app/backend/venv/lib/python3.12/site-packages/fastapi/middleware/asyncexitstack.py", line 18, in __call__
    await self.app(scope, receive, send)
  File "/home/ubuntu/app/backend/venv/lib/python3.12/site-packages/starlette/routing.py", line 660, in __call__
    await self.middleware_stack(scope, receive, send)
  File "/home/ubuntu/app/backend/venv/lib/python3.12/site-packages/fastapi/routing.py", line 2685, in app
    await route.handle(scope, receive, send)
  File "/home/ubuntu/app/backend/venv/lib/python3.12/site-packages/fastapi/routing.py", line 1267, in handle
    await super().handle(scope, receive, send)
  File "/home/ubuntu/app/backend/venv/lib/python3.12/site-packages/starlette/routing.py", line 276, in handle
    await self.app(scope, receive, send)
  File "/home/ubuntu/app/backend/venv/lib/python3.12/site-packages/fastapi/routing.py", line 151, in app
    await wrap_app_handling_exceptions(app, request)(scope, receive, send)
  File "/home/ubuntu/app/backend/venv/lib/python3.12/site-packages/starlette/_exception_handler.py", line 53, in wrapped_app
    raise exc
  File "/home/ubuntu/app/backend/venv/lib/python3.12/site-packages/starlette/_exception_handler.py", line 42, in wrapped_app
    await app(scope, receive, sender)
  File "/home/ubuntu/app/backend/venv/lib/python3.12/site-packages/fastapi/routing.py", line 137, in app
    response = await f(request)
               ^^^^^^^^^^^^^^^^
  File "/home/ubuntu/app/backend/venv/lib/python3.12/site-packages/fastapi/routing.py", line 691, in app
    raw_response = await run_endpoint_function(
                   ^^^^^^^^^^^^^^^^^^^^^^^^^^^^
  File "/home/ubuntu/app/backend/venv/lib/python3.12/site-packages/fastapi/routing.py", line 347, in run_endpoint_function
    return await run_in_threadpool(dependant.call, **values)
           ^^^^^^^^^^^^^^^^^^^^^^^^^^^^^^^^^^^^^^^^^^^^^^^^^
  File "/home/ubuntu/app/backend/venv/lib/python3.12/site-packages/starlette/concurrency.py", line 34, in run_in_threadpool
    return await anyio.to_thread.run_sync(func)
           ^^^^^^^^^^^^^^^^^^^^^^^^^^^^^^^^^^^^
  File "/home/ubuntu/app/backend/venv/lib/python3.12/site-packages/anyio/to_thread.py", line 65, in run_sync
    return await get_async_backend().run_sync_in_worker_thread(
           ^^^^^^^^^^^^^^^^^^^^^^^^^^^^^^^^^^^^^^^^^^^^^^^^^^^^
  File "/home/ubuntu/app/backend/venv/lib/python3.12/site-packages/anyio/_backends/_asyncio.py", line 2641, in run_sync_in_worker_thread
    return await future
           ^^^^^^^^^^^^
  File "/home/ubuntu/app/backend/venv/lib/python3.12/site-packages/anyio/_backends/_asyncio.py", line 1033, in run
    result = context.run(func, *args)
             ^^^^^^^^^^^^^^^^^^^^^^^^
  File "/home/ubuntu/app/backend/main.py", line 1591, in count_pending_approvals
    models.ApprovalRequest.user_id == user.id,
                                      ^^^^^^^
AttributeError: 'NoneType' object has no attribute 'id'
2026-08-28 14:01:35.433665 - GET /api/approvals/count - d23dccce4f86471a802ba70da40cc897 - 'NoneType' object has no attribute 'id'
Traceback (most recent call last):
  File "/home/ubuntu/app/backend/venv/lib/python3.12/site-packages/starlette/middleware/errors.py", line 164, in __call__
    await self.app(scope, receive, _send)
  File "/home/ubuntu/app/backend/venv/lib/python3.12/site-packages/starlette/middleware/cors.py", line 88, in __call__
    await self.app(scope, receive, send)
  File "/home/ubuntu/app/backend/venv/lib/python3.12/site-packages/starlette/middleware/exceptions.py", line 63, in __call__
    await wrap_app_handling_exceptions(self.app, conn)(scope, receive, send)
  File "/home/ubuntu/app/backend/venv/lib/python3.12/site-packages/starlette/_exception_handler.py", line 53, in wrapped_app
    raise exc
  File "/home/ubuntu/app/backend/venv/lib/python3.12/site-packages/starlette/_exception_handler.py", line 42, in wrapped_app
    await app(scope, receive, sender)
  File "/home/ubuntu/app/backend/venv/lib/python3.12/site-packages/fastapi/middleware/asyncexitstack.py", line 18, in __call__
    await self.app(scope, receive, send)
  File "/home/ubuntu/app/backend/venv/lib/python3.12/site-packages/starlette/routing.py", line 660, in __call__
    await self.middleware_stack(scope, receive, send)
  File "/home/ubuntu/app/backend/venv/lib/python3.12/site-packages/fastapi/routing.py", line 2685, in app
    await route.handle(scope, receive, send)
  File "/home/ubuntu/app/backend/venv/lib/python3.12/site-packages/fastapi/routing.py", line 1267, in handle
    await super().handle(scope, receive, send)
  File "/home/ubuntu/app/backend/venv/lib/python3.12/site-packages/starlette/routing.py", line 276, in handle
    await self.app(scope, receive, send)
  File "/home/ubuntu/app/backend/venv/lib/python3.12/site-packages/fastapi/routing.py", line 151, in app
    await wrap_app_handling_exceptions(app, request)(scope, receive, send)
  File "/home/ubuntu/app/backend/venv/lib/python3.12/site-packages/starlette/_exception_handler.py", line 53, in wrapped_app
    raise exc
  File "/home/ubuntu/app/backend/venv/lib/python3.12/site-packages/starlette/_exception_handler.py", line 42, in wrapped_app
    await app(scope, receive, sender)
  File "/home/ubuntu/app/backend/venv/lib/python3.12/site-packages/fastapi/routing.py", line 137, in app
    response = await f(request)
               ^^^^^^^^^^^^^^^^
  File "/home/ubuntu/app/backend/venv/lib/python3.12/site-packages/fastapi/routing.py", line 691, in app
    raw_response = await run_endpoint_function(
                   ^^^^^^^^^^^^^^^^^^^^^^^^^^^^
  File "/home/ubuntu/app/backend/venv/lib/python3.12/site-packages/fastapi/routing.py", line 347, in run_endpoint_function
    return await run_in_threadpool(dependant.call, **values)
           ^^^^^^^^^^^^^^^^^^^^^^^^^^^^^^^^^^^^^^^^^^^^^^^^^
  File "/home/ubuntu/app/backend/venv/lib/python3.12/site-packages/starlette/concurrency.py", line 34, in run_in_threadpool
    return await anyio.to_thread.run_sync(func)
           ^^^^^^^^^^^^^^^^^^^^^^^^^^^^^^^^^^^^
  File "/home/ubuntu/app/backend/venv/lib/python3.12/site-packages/anyio/to_thread.py", line 65, in run_sync
    return await get_async_backend().run_sync_in_worker_thread(
           ^^^^^^^^^^^^^^^^^^^^^^^^^^^^^^^^^^^^^^^^^^^^^^^^^^^^
  File "/home/ubuntu/app/backend/venv/lib/python3.12/site-packages/anyio/_backends/_asyncio.py", line 2641, in run_sync_in_worker_thread
    return await future
           ^^^^^^^^^^^^
  File "/home/ubuntu/app/backend/venv/lib/python3.12/site-packages/anyio/_backends/_asyncio.py", line 1033, in run
    result = context.run(func, *args)
             ^^^^^^^^^^^^^^^^^^^^^^^^
  File "/home/ubuntu/app/backend/main.py", line 1591, in count_pending_approvals
    models.ApprovalRequest.user_id == user.id,
                                      ^^^^^^^
AttributeError: 'NoneType' object has no attribute 'id'
2026-08-28 14:01:36.447344 - GET /api/approvals/count - e9011107a1ee4e0e82f9ddf4c5747c28 - 'NoneType' object has no attribute 'id'
Traceback (most recent call last):
  File "/home/ubuntu/app/backend/venv/lib/python3.12/site-packages/starlette/middleware/errors.py", line 164, in __call__
    await self.app(scope, receive, _send)
  File "/home/ubuntu/app/backend/venv/lib/python3.12/site-packages/starlette/middleware/cors.py", line 88, in __call__
    await self.app(scope, receive, send)
  File "/home/ubuntu/app/backend/venv/lib/python3.12/site-packages/starlette/middleware/exceptions.py", line 63, in __call__
    await wrap_app_handling_exceptions(self.app, conn)(scope, receive, send)
  File "/home/ubuntu/app/backend/venv/lib/python3.12/site-packages/starlette/_exception_handler.py", line 53, in wrapped_app
    raise exc
  File "/home/ubuntu/app/backend/venv/lib/python3.12/site-packages/starlette/_exception_handler.py", line 42, in wrapped_app
    await app(scope, receive, sender)
  File "/home/ubuntu/app/backend/venv/lib/python3.12/site-packages/fastapi/middleware/asyncexitstack.py", line 18, in __call__
    await self.app(scope, receive, send)
  File "/home/ubuntu/app/backend/venv/lib/python3.12/site-packages/starlette/routing.py", line 660, in __call__
    await self.middleware_stack(scope, receive, send)
  File "/home/ubuntu/app/backend/venv/lib/python3.12/site-packages/fastapi/routing.py", line 2685, in app
    await route.handle(scope, receive, send)
  File "/home/ubuntu/app/backend/venv/lib/python3.12/site-packages/fastapi/routing.py", line 1267, in handle
    await super().handle(scope, receive, send)
  File "/home/ubuntu/app/backend/venv/lib/python3.12/site-packages/starlette/routing.py", line 276, in handle
    await self.app(scope, receive, send)
  File "/home/ubuntu/app/backend/venv/lib/python3.12/site-packages/fastapi/routing.py", line 151, in app
    await wrap_app_handling_exceptions(app, request)(scope, receive, send)
  File "/home/ubuntu/app/backend/venv/lib/python3.12/site-packages/starlette/_exception_handler.py", line 53, in wrapped_app
    raise exc
  File "/home/ubuntu/app/backend/venv/lib/python3.12/site-packages/starlette/_exception_handler.py", line 42, in wrapped_app
    await app(scope, receive, sender)
  File "/home/ubuntu/app/backend/venv/lib/python3.12/site-packages/fastapi/routing.py", line 137, in app
    response = await f(request)
               ^^^^^^^^^^^^^^^^
  File "/home/ubuntu/app/backend/venv/lib/python3.12/site-packages/fastapi/routing.py", line 691, in app
    raw_response = await run_endpoint_function(
                   ^^^^^^^^^^^^^^^^^^^^^^^^^^^^
  File "/home/ubuntu/app/backend/venv/lib/python3.12/site-packages/fastapi/routing.py", line 347, in run_endpoint_function
    return await run_in_threadpool(dependant.call, **values)
           ^^^^^^^^^^^^^^^^^^^^^^^^^^^^^^^^^^^^^^^^^^^^^^^^^
  File "/home/ubuntu/app/backend/venv/lib/python3.12/site-packages/starlette/concurrency.py", line 34, in run_in_threadpool
    return await anyio.to_thread.run_sync(func)
           ^^^^^^^^^^^^^^^^^^^^^^^^^^^^^^^^^^^^
  File "/home/ubuntu/app/backend/venv/lib/python3.12/site-packages/anyio/to_thread.py", line 65, in run_sync
    return await get_async_backend().run_sync_in_worker_thread(
           ^^^^^^^^^^^^^^^^^^^^^^^^^^^^^^^^^^^^^^^^^^^^^^^^^^^^
  File "/home/ubuntu/app/backend/venv/lib/python3.12/site-packages/anyio/_backends/_asyncio.py", line 2641, in run_sync_in_worker_thread
    return await future
           ^^^^^^^^^^^^
  File "/home/ubuntu/app/backend/venv/lib/python3.12/site-packages/anyio/_backends/_asyncio.py", line 1033, in run
    result = context.run(func, *args)
             ^^^^^^^^^^^^^^^^^^^^^^^^
  File "/home/ubuntu/app/backend/main.py", line 1591, in count_pending_approvals
    models.ApprovalRequest.user_id == user.id,
                                      ^^^^^^^
AttributeError: 'NoneType' object has no attribute 'id'
2026-08-28 14:01:37.460746 - GET /api/approvals/count - d128e37554a444319a60f4004c4d56a3 - 'NoneType' object has no attribute 'id'
Traceback (most recent call last):
  File "/home/ubuntu/app/backend/venv/lib/python3.12/site-packages/starlette/middleware/errors.py", line 164, in __call__
    await self.app(scope, receive, _send)
  File "/home/ubuntu/app/backend/venv/lib/python3.12/site-packages/starlette/middleware/cors.py", line 88, in __call__
    await self.app(scope, receive, send)
  File "/home/ubuntu/app/backend/venv/lib/python3.12/site-packages/starlette/middleware/exceptions.py", line 63, in __call__
    await wrap_app_handling_exceptions(self.app, conn)(scope, receive, send)
  File "/home/ubuntu/app/backend/venv/lib/python3.12/site-packages/starlette/_exception_handler.py", line 53, in wrapped_app
    raise exc
  File "/home/ubuntu/app/backend/venv/lib/python3.12/site-packages/starlette/_exception_handler.py", line 42, in wrapped_app
    await app(scope, receive, sender)
  File "/home/ubuntu/app/backend/venv/lib/python3.12/site-packages/fastapi/middleware/asyncexitstack.py", line 18, in __call__
    await self.app(scope, receive, send)
  File "/home/ubuntu/app/backend/venv/lib/python3.12/site-packages/starlette/routing.py", line 660, in __call__
    await self.middleware_stack(scope, receive, send)
  File "/home/ubuntu/app/backend/venv/lib/python3.12/site-packages/fastapi/routing.py", line 2685, in app
    await route.handle(scope, receive, send)
  File "/home/ubuntu/app/backend/venv/lib/python3.12/site-packages/fastapi/routing.py", line 1267, in handle
    await super().handle(scope, receive, send)
  File "/home/ubuntu/app/backend/venv/lib/python3.12/site-packages/starlette/routing.py", line 276, in handle
    await self.app(scope, receive, send)
  File "/home/ubuntu/app/backend/venv/lib/python3.12/site-packages/fastapi/routing.py", line 151, in app
    await wrap_app_handling_exceptions(app, request)(scope, receive, send)
  File "/home/ubuntu/app/backend/venv/lib/python3.12/site-packages/starlette/_exception_handler.py", line 53, in wrapped_app
    raise exc
  File "/home/ubuntu/app/backend/venv/lib/python3.12/site-packages/starlette/_exception_handler.py", line 42, in wrapped_app
    await app(scope, receive, sender)
  File "/home/ubuntu/app/backend/venv/lib/python3.12/site-packages/fastapi/routing.py", line 137, in app
    response = await f(request)
               ^^^^^^^^^^^^^^^^
  File "/home/ubuntu/app/backend/venv/lib/python3.12/site-packages/fastapi/routing.py", line 691, in app
    raw_response = await run_endpoint_function(
                   ^^^^^^^^^^^^^^^^^^^^^^^^^^^^
  File "/home/ubuntu/app/backend/venv/lib/python3.12/site-packages/fastapi/routing.py", line 347, in run_endpoint_function
    return await run_in_threadpool(dependant.call, **values)
           ^^^^^^^^^^^^^^^^^^^^^^^^^^^^^^^^^^^^^^^^^^^^^^^^^
  File "/home/ubuntu/app/backend/venv/lib/python3.12/site-packages/starlette/concurrency.py", line 34, in run_in_threadpool
    return await anyio.to_thread.run_sync(func)
           ^^^^^^^^^^^^^^^^^^^^^^^^^^^^^^^^^^^^
  File "/home/ubuntu/app/backend/venv/lib/python3.12/site-packages/anyio/to_thread.py", line 65, in run_sync
    return await get_async_backend().run_sync_in_worker_thread(
           ^^^^^^^^^^^^^^^^^^^^^^^^^^^^^^^^^^^^^^^^^^^^^^^^^^^^
  File "/home/ubuntu/app/backend/venv/lib/python3.12/site-packages/anyio/_backends/_asyncio.py", line 2641, in run_sync_in_worker_thread
    return await future
           ^^^^^^^^^^^^
  File "/home/ubuntu/app/backend/venv/lib/python3.12/site-packages/anyio/_backends/_asyncio.py", line 1033, in run
    result = context.run(func, *args)
             ^^^^^^^^^^^^^^^^^^^^^^^^
  File "/home/ubuntu/app/backend/main.py", line 1591, in count_pending_approvals
    models.ApprovalRequest.user_id == user.id,
                                      ^^^^^^^
AttributeError: 'NoneType' object has no attribute 'id'
2026-08-28 14:01:38.474323 - GET /api/approvals/count - 63ff613559fd4278964e0067b61659f6 - 'NoneType' object has no attribute 'id'
Traceback (most recent call last):
  File "/home/ubuntu/app/backend/venv/lib/python3.12/site-packages/starlette/middleware/errors.py", line 164, in __call__
    await self.app(scope, receive, _send)
  File "/home/ubuntu/app/backend/venv/lib/python3.12/site-packages/starlette/middleware/cors.py", line 88, in __call__
    await self.app(scope, receive, send)
  File "/home/ubuntu/app/backend/venv/lib/python3.12/site-packages/starlette/middleware/exceptions.py", line 63, in __call__
    await wrap_app_handling_exceptions(self.app, conn)(scope, receive, send)
  File "/home/ubuntu/app/backend/venv/lib/python3.12/site-packages/starlette/_exception_handler.py", line 53, in wrapped_app
    raise exc
  File "/home/ubuntu/app/backend/venv/lib/python3.12/site-packages/starlette/_exception_handler.py", line 42, in wrapped_app
    await app(scope, receive, sender)
  File "/home/ubuntu/app/backend/venv/lib/python3.12/site-packages/fastapi/middleware/asyncexitstack.py", line 18, in __call__
    await self.app(scope, receive, send)
  File "/home/ubuntu/app/backend/venv/lib/python3.12/site-packages/starlette/routing.py", line 660, in __call__
    await self.middleware_stack(scope, receive, send)
  File "/home/ubuntu/app/backend/venv/lib/python3.12/site-packages/fastapi/routing.py", line 2685, in app
    await route.handle(scope, receive, send)
  File "/home/ubuntu/app/backend/venv/lib/python3.12/site-packages/fastapi/routing.py", line 1267, in handle
    await super().handle(scope, receive, send)
  File "/home/ubuntu/app/backend/venv/lib/python3.12/site-packages/starlette/routing.py", line 276, in handle
    await self.app(scope, receive, send)
  File "/home/ubuntu/app/backend/venv/lib/python3.12/site-packages/fastapi/routing.py", line 151, in app
    await wrap_app_handling_exceptions(app, request)(scope, receive, send)
  File "/home/ubuntu/app/backend/venv/lib/python3.12/site-packages/starlette/_exception_handler.py", line 53, in wrapped_app
    raise exc
  File "/home/ubuntu/app/backend/venv/lib/python3.12/site-packages/starlette/_exception_handler.py", line 42, in wrapped_app
    await app(scope, receive, sender)
  File "/home/ubuntu/app/backend/venv/lib/python3.12/site-packages/fastapi/routing.py", line 137, in app
    response = await f(request)
               ^^^^^^^^^^^^^^^^
  File "/home/ubuntu/app/backend/venv/lib/python3.12/site-packages/fastapi/routing.py", line 691, in app
    raw_response = await run_endpoint_function(
                   ^^^^^^^^^^^^^^^^^^^^^^^^^^^^
  File "/home/ubuntu/app/backend/venv/lib/python3.12/site-packages/fastapi/routing.py", line 347, in run_endpoint_function
    return await run_in_threadpool(dependant.call, **values)
           ^^^^^^^^^^^^^^^^^^^^^^^^^^^^^^^^^^^^^^^^^^^^^^^^^
  File "/home/ubuntu/app/backend/venv/lib/python3.12/site-packages/starlette/concurrency.py", line 34, in run_in_threadpool
    return await anyio.to_thread.run_sync(func)
           ^^^^^^^^^^^^^^^^^^^^^^^^^^^^^^^^^^^^
  File "/home/ubuntu/app/backend/venv/lib/python3.12/site-packages/anyio/to_thread.py", line 65, in run_sync
    return await get_async_backend().run_sync_in_worker_thread(
           ^^^^^^^^^^^^^^^^^^^^^^^^^^^^^^^^^^^^^^^^^^^^^^^^^^^^
  File "/home/ubuntu/app/backend/venv/lib/python3.12/site-packages/anyio/_backends/_asyncio.py", line 2641, in run_sync_in_worker_thread
    return await future
           ^^^^^^^^^^^^
  File "/home/ubuntu/app/backend/venv/lib/python3.12/site-packages/anyio/_backends/_asyncio.py", line 1033, in run
    result = context.run(func, *args)
             ^^^^^^^^^^^^^^^^^^^^^^^^
  File "/home/ubuntu/app/backend/main.py", line 1591, in count_pending_approvals
    models.ApprovalRequest.user_id == user.id,
                                      ^^^^^^^
AttributeError: 'NoneType' object has no attribute 'id'
2026-08-28 14:01:39.489933 - GET /api/approvals/count - 762360b7baa844c29ce73dfbd6f473b9 - 'NoneType' object has no attribute 'id'
Traceback (most recent call last):
  File "/home/ubuntu/app/backend/venv/lib/python3.12/site-packages/starlette/middleware/errors.py", line 164, in __call__
    await self.app(scope, receive, _send)
  File "/home/ubuntu/app/backend/venv/lib/python3.12/site-packages/starlette/middleware/cors.py", line 88, in __call__
    await self.app(scope, receive, send)
  File "/home/ubuntu/app/backend/venv/lib/python3.12/site-packages/starlette/middleware/exceptions.py", line 63, in __call__
    await wrap_app_handling_exceptions(self.app, conn)(scope, receive, send)
  File "/home/ubuntu/app/backend/venv/lib/python3.12/site-packages/starlette/_exception_handler.py", line 53, in wrapped_app
    raise exc
  File "/home/ubuntu/app/backend/venv/lib/python3.12/site-packages/starlette/_exception_handler.py", line 42, in wrapped_app
    await app(scope, receive, sender)
  File "/home/ubuntu/app/backend/venv/lib/python3.12/site-packages/fastapi/middleware/asyncexitstack.py", line 18, in __call__
    await self.app(scope, receive, send)
  File "/home/ubuntu/app/backend/venv/lib/python3.12/site-packages/starlette/routing.py", line 660, in __call__
    await self.middleware_stack(scope, receive, send)
  File "/home/ubuntu/app/backend/venv/lib/python3.12/site-packages/fastapi/routing.py", line 2685, in app
    await route.handle(scope, receive, send)
  File "/home/ubuntu/app/backend/venv/lib/python3.12/site-packages/fastapi/routing.py", line 1267, in handle
    await super().handle(scope, receive, send)
  File "/home/ubuntu/app/backend/venv/lib/python3.12/site-packages/starlette/routing.py", line 276, in handle
    await self.app(scope, receive, send)
  File "/home/ubuntu/app/backend/venv/lib/python3.12/site-packages/fastapi/routing.py", line 151, in app
    await wrap_app_handling_exceptions(app, request)(scope, receive, send)
  File "/home/ubuntu/app/backend/venv/lib/python3.12/site-packages/starlette/_exception_handler.py", line 53, in wrapped_app
    raise exc
  File "/home/ubuntu/app/backend/venv/lib/python3.12/site-packages/starlette/_exception_handler.py", line 42, in wrapped_app
    await app(scope, receive, sender)
  File "/home/ubuntu/app/backend/venv/lib/python3.12/site-packages/fastapi/routing.py", line 137, in app
    response = await f(request)
               ^^^^^^^^^^^^^^^^
  File "/home/ubuntu/app/backend/venv/lib/python3.12/site-packages/fastapi/routing.py", line 691, in app
    raw_response = await run_endpoint_function(
                   ^^^^^^^^^^^^^^^^^^^^^^^^^^^^
  File "/home/ubuntu/app/backend/venv/lib/python3.12/site-packages/fastapi/routing.py", line 347, in run_endpoint_function
    return await run_in_threadpool(dependant.call, **values)
           ^^^^^^^^^^^^^^^^^^^^^^^^^^^^^^^^^^^^^^^^^^^^^^^^^
  File "/home/ubuntu/app/backend/venv/lib/python3.12/site-packages/starlette/concurrency.py", line 34, in run_in_threadpool
    return await anyio.to_thread.run_sync(func)
           ^^^^^^^^^^^^^^^^^^^^^^^^^^^^^^^^^^^^
  File "/home/ubuntu/app/backend/venv/lib/python3.12/site-packages/anyio/to_thread.py", line 65, in run_sync
    return await get_async_backend().run_sync_in_worker_thread(
           ^^^^^^^^^^^^^^^^^^^^^^^^^^^^^^^^^^^^^^^^^^^^^^^^^^^^
  File "/home/ubuntu/app/backend/venv/lib/python3.12/site-packages/anyio/_backends/_asyncio.py", line 2641, in run_sync_in_worker_thread
    return await future
           ^^^^^^^^^^^^
  File "/home/ubuntu/app/backend/venv/lib/python3.12/site-packages/anyio/_backends/_asyncio.py", line 1033, in run
    result = context.run(func, *args)
             ^^^^^^^^^^^^^^^^^^^^^^^^
  File "/home/ubuntu/app/backend/main.py", line 1591, in count_pending_approvals
    models.ApprovalRequest.user_id == user.id,
                                      ^^^^^^^
AttributeError: 'NoneType' object has no attribute 'id'
2026-08-28 14:01:40.503729 - GET /api/approvals/count - 76ab3c9bad1c4f0f9919b40ac1198a45 - 'NoneType' object has no attribute 'id'
Traceback (most recent call last):
  File "/home/ubuntu/app/backend/venv/lib/python3.12/site-packages/starlette/middleware/errors.py", line 164, in __call__
    await self.app(scope, receive, _send)
  File "/home/ubuntu/app/backend/venv/lib/python3.12/site-packages/starlette/middleware/cors.py", line 88, in __call__
    await self.app(scope, receive, send)
  File "/home/ubuntu/app/backend/venv/lib/python3.12/site-packages/starlette/middleware/exceptions.py", line 63, in __call__
    await wrap_app_handling_exceptions(self.app, conn)(scope, receive, send)
  File "/home/ubuntu/app/backend/venv/lib/python3.12/site-packages/starlette/_exception_handler.py", line 53, in wrapped_app
    raise exc
  File "/home/ubuntu/app/backend/venv/lib/python3.12/site-packages/starlette/_exception_handler.py", line 42, in wrapped_app
    await app(scope, receive, sender)
  File "/home/ubuntu/app/backend/venv/lib/python3.12/site-packages/fastapi/middleware/asyncexitstack.py", line 18, in __call__
    await self.app(scope, receive, send)
  File "/home/ubuntu/app/backend/venv/lib/python3.12/site-packages/starlette/routing.py", line 660, in __call__
    await self.middleware_stack(scope, receive, send)
  File "/home/ubuntu/app/backend/venv/lib/python3.12/site-packages/fastapi/routing.py", line 2685, in app
    await route.handle(scope, receive, send)
  File "/home/ubuntu/app/backend/venv/lib/python3.12/site-packages/fastapi/routing.py", line 1267, in handle
    await super().handle(scope, receive, send)
  File "/home/ubuntu/app/backend/venv/lib/python3.12/site-packages/starlette/routing.py", line 276, in handle
    await self.app(scope, receive, send)
  File "/home/ubuntu/app/backend/venv/lib/python3.12/site-packages/fastapi/routing.py", line 151, in app
    await wrap_app_handling_exceptions(app, request)(scope, receive, send)
  File "/home/ubuntu/app/backend/venv/lib/python3.12/site-packages/starlette/_exception_handler.py", line 53, in wrapped_app
    raise exc
  File "/home/ubuntu/app/backend/venv/lib/python3.12/site-packages/starlette/_exception_handler.py", line 42, in wrapped_app
    await app(scope, receive, sender)
  File "/home/ubuntu/app/backend/venv/lib/python3.12/site-packages/fastapi/routing.py", line 137, in app
    response = await f(request)
               ^^^^^^^^^^^^^^^^
  File "/home/ubuntu/app/backend/venv/lib/python3.12/site-packages/fastapi/routing.py", line 691, in app
    raw_response = await run_endpoint_function(
                   ^^^^^^^^^^^^^^^^^^^^^^^^^^^^
  File "/home/ubuntu/app/backend/venv/lib/python3.12/site-packages/fastapi/routing.py", line 347, in run_endpoint_function
    return await run_in_threadpool(dependant.call, **values)
           ^^^^^^^^^^^^^^^^^^^^^^^^^^^^^^^^^^^^^^^^^^^^^^^^^
  File "/home/ubuntu/app/backend/venv/lib/python3.12/site-packages/starlette/concurrency.py", line 34, in run_in_threadpool
    return await anyio.to_thread.run_sync(func)
           ^^^^^^^^^^^^^^^^^^^^^^^^^^^^^^^^^^^^
  File "/home/ubuntu/app/backend/venv/lib/python3.12/site-packages/anyio/to_thread.py", line 65, in run_sync
    return await get_async_backend().run_sync_in_worker_thread(
           ^^^^^^^^^^^^^^^^^^^^^^^^^^^^^^^^^^^^^^^^^^^^^^^^^^^^
  File "/home/ubuntu/app/backend/venv/lib/python3.12/site-packages/anyio/_backends/_asyncio.py", line 2641, in run_sync_in_worker_thread
    return await future
           ^^^^^^^^^^^^
  File "/home/ubuntu/app/backend/venv/lib/python3.12/site-packages/anyio/_backends/_asyncio.py", line 1033, in run
    result = context.run(func, *args)
             ^^^^^^^^^^^^^^^^^^^^^^^^
  File "/home/ubuntu/app/backend/main.py", line 1591, in count_pending_approvals
    models.ApprovalRequest.user_id == user.id,
                                      ^^^^^^^
AttributeError: 'NoneType' object has no attribute 'id'
2026-08-28 14:01:41.518510 - GET /api/approvals/count - ae15de41508c4a40a0c1b0be8a9266dc - 'NoneType' object has no attribute 'id'
Traceback (most recent call last):
  File "/home/ubuntu/app/backend/venv/lib/python3.12/site-packages/starlette/middleware/errors.py", line 164, in __call__
    await self.app(scope, receive, _send)
  File "/home/ubuntu/app/backend/venv/lib/python3.12/site-packages/starlette/middleware/cors.py", line 88, in __call__
    await self.app(scope, receive, send)
  File "/home/ubuntu/app/backend/venv/lib/python3.12/site-packages/starlette/middleware/exceptions.py", line 63, in __call__
    await wrap_app_handling_exceptions(self.app, conn)(scope, receive, send)
  File "/home/ubuntu/app/backend/venv/lib/python3.12/site-packages/starlette/_exception_handler.py", line 53, in wrapped_app
    raise exc
  File "/home/ubuntu/app/backend/venv/lib/python3.12/site-packages/starlette/_exception_handler.py", line 42, in wrapped_app
    await app(scope, receive, sender)
  File "/home/ubuntu/app/backend/venv/lib/python3.12/site-packages/fastapi/middleware/asyncexitstack.py", line 18, in __call__
    await self.app(scope, receive, send)
  File "/home/ubuntu/app/backend/venv/lib/python3.12/site-packages/starlette/routing.py", line 660, in __call__
    await self.middleware_stack(scope, receive, send)
  File "/home/ubuntu/app/backend/venv/lib/python3.12/site-packages/fastapi/routing.py", line 2685, in app
    await route.handle(scope, receive, send)
  File "/home/ubuntu/app/backend/venv/lib/python3.12/site-packages/fastapi/routing.py", line 1267, in handle
    await super().handle(scope, receive, send)
  File "/home/ubuntu/app/backend/venv/lib/python3.12/site-packages/starlette/routing.py", line 276, in handle
    await self.app(scope, receive, send)
  File "/home/ubuntu/app/backend/venv/lib/python3.12/site-packages/fastapi/routing.py", line 151, in app
    await wrap_app_handling_exceptions(app, request)(scope, receive, send)
  File "/home/ubuntu/app/backend/venv/lib/python3.12/site-packages/starlette/_exception_handler.py", line 53, in wrapped_app
    raise exc
  File "/home/ubuntu/app/backend/venv/lib/python3.12/site-packages/starlette/_exception_handler.py", line 42, in wrapped_app
    await app(scope, receive, sender)
  File "/home/ubuntu/app/backend/venv/lib/python3.12/site-packages/fastapi/routing.py", line 137, in app
    response = await f(request)
               ^^^^^^^^^^^^^^^^
  File "/home/ubuntu/app/backend/venv/lib/python3.12/site-packages/fastapi/routing.py", line 691, in app
    raw_response = await run_endpoint_function(
                   ^^^^^^^^^^^^^^^^^^^^^^^^^^^^
  File "/home/ubuntu/app/backend/venv/lib/python3.12/site-packages/fastapi/routing.py", line 347, in run_endpoint_function
    return await run_in_threadpool(dependant.call, **values)
           ^^^^^^^^^^^^^^^^^^^^^^^^^^^^^^^^^^^^^^^^^^^^^^^^^
  File "/home/ubuntu/app/backend/venv/lib/python3.12/site-packages/starlette/concurrency.py", line 34, in run_in_threadpool
    return await anyio.to_thread.run_sync(func)
           ^^^^^^^^^^^^^^^^^^^^^^^^^^^^^^^^^^^^
  File "/home/ubuntu/app/backend/venv/lib/python3.12/site-packages/anyio/to_thread.py", line 65, in run_sync
    return await get_async_backend().run_sync_in_worker_thread(
           ^^^^^^^^^^^^^^^^^^^^^^^^^^^^^^^^^^^^^^^^^^^^^^^^^^^^
  File "/home/ubuntu/app/backend/venv/lib/python3.12/site-packages/anyio/_backends/_asyncio.py", line 2641, in run_sync_in_worker_thread
    return await future
           ^^^^^^^^^^^^
  File "/home/ubuntu/app/backend/venv/lib/python3.12/site-packages/anyio/_backends/_asyncio.py", line 1033, in run
    result = context.run(func, *args)
             ^^^^^^^^^^^^^^^^^^^^^^^^
  File "/home/ubuntu/app/backend/main.py", line 1591, in count_pending_approvals
    models.ApprovalRequest.user_id == user.id,
                                      ^^^^^^^
AttributeError: 'NoneType' object has no attribute 'id'
2026-08-28 14:01:42.532978 - GET /api/approvals/count - 0f3e991732ef4a8286b7cf099b81a52c - 'NoneType' object has no attribute 'id'
Traceback (most recent call last):
  File "/home/ubuntu/app/backend/venv/lib/python3.12/site-packages/starlette/middleware/errors.py", line 164, in __call__
    await self.app(scope, receive, _send)
  File "/home/ubuntu/app/backend/venv/lib/python3.12/site-packages/starlette/middleware/cors.py", line 88, in __call__
    await self.app(scope, receive, send)
  File "/home/ubuntu/app/backend/venv/lib/python3.12/site-packages/starlette/middleware/exceptions.py", line 63, in __call__
    await wrap_app_handling_exceptions(self.app, conn)(scope, receive, send)
  File "/home/ubuntu/app/backend/venv/lib/python3.12/site-packages/starlette/_exception_handler.py", line 53, in wrapped_app
    raise exc
  File "/home/ubuntu/app/backend/venv/lib/python3.12/site-packages/starlette/_exception_handler.py", line 42, in wrapped_app
    await app(scope, receive, sender)
  File "/home/ubuntu/app/backend/venv/lib/python3.12/site-packages/fastapi/middleware/asyncexitstack.py", line 18, in __call__
    await self.app(scope, receive, send)
  File "/home/ubuntu/app/backend/venv/lib/python3.12/site-packages/starlette/routing.py", line 660, in __call__
    await self.middleware_stack(scope, receive, send)
  File "/home/ubuntu/app/backend/venv/lib/python3.12/site-packages/fastapi/routing.py", line 2685, in app
    await route.handle(scope, receive, send)
  File "/home/ubuntu/app/backend/venv/lib/python3.12/site-packages/fastapi/routing.py", line 1267, in handle
    await super().handle(scope, receive, send)
  File "/home/ubuntu/app/backend/venv/lib/python3.12/site-packages/starlette/routing.py", line 276, in handle
    await self.app(scope, receive, send)
  File "/home/ubuntu/app/backend/venv/lib/python3.12/site-packages/fastapi/routing.py", line 151, in app
    await wrap_app_handling_exceptions(app, request)(scope, receive, send)
  File "/home/ubuntu/app/backend/venv/lib/python3.12/site-packages/starlette/_exception_handler.py", line 53, in wrapped_app
    raise exc
  File "/home/ubuntu/app/backend/venv/lib/python3.12/site-packages/starlette/_exception_handler.py", line 42, in wrapped_app
    await app(scope, receive, sender)
  File "/home/ubuntu/app/backend/venv/lib/python3.12/site-packages/fastapi/routing.py", line 137, in app
    response = await f(request)
               ^^^^^^^^^^^^^^^^
  File "/home/ubuntu/app/backend/venv/lib/python3.12/site-packages/fastapi/routing.py", line 691, in app
    raw_response = await run_endpoint_function(
                   ^^^^^^^^^^^^^^^^^^^^^^^^^^^^
  File "/home/ubuntu/app/backend/venv/lib/python3.12/site-packages/fastapi/routing.py", line 347, in run_endpoint_function
    return await run_in_threadpool(dependant.call, **values)
           ^^^^^^^^^^^^^^^^^^^^^^^^^^^^^^^^^^^^^^^^^^^^^^^^^
  File "/home/ubuntu/app/backend/venv/lib/python3.12/site-packages/starlette/concurrency.py", line 34, in run_in_threadpool
    return await anyio.to_thread.run_sync(func)
           ^^^^^^^^^^^^^^^^^^^^^^^^^^^^^^^^^^^^
  File "/home/ubuntu/app/backend/venv/lib/python3.12/site-packages/anyio/to_thread.py", line 65, in run_sync
    return await get_async_backend().run_sync_in_worker_thread(
           ^^^^^^^^^^^^^^^^^^^^^^^^^^^^^^^^^^^^^^^^^^^^^^^^^^^^
  File "/home/ubuntu/app/backend/venv/lib/python3.12/site-packages/anyio/_backends/_asyncio.py", line 2641, in run_sync_in_worker_thread
    return await future
           ^^^^^^^^^^^^
  File "/home/ubuntu/app/backend/venv/lib/python3.12/site-packages/anyio/_backends/_asyncio.py", line 1033, in run
    result = context.run(func, *args)
             ^^^^^^^^^^^^^^^^^^^^^^^^
  File "/home/ubuntu/app/backend/main.py", line 1591, in count_pending_approvals
    models.ApprovalRequest.user_id == user.id,
                                      ^^^^^^^
AttributeError: 'NoneType' object has no attribute 'id'
2026-08-28 14:01:43.546227 - GET /api/approvals/count - 17a62bed779848479a5724d46615161e - 'NoneType' object has no attribute 'id'
Traceback (most recent call last):
  File "/home/ubuntu/app/backend/venv/lib/python3.12/site-packages/starlette/middleware/errors.py", line 164, in __call__
    await self.app(scope, receive, _send)
  File "/home/ubuntu/app/backend/venv/lib/python3.12/site-packages/starlette/middleware/cors.py", line 88, in __call__
    await self.app(scope, receive, send)
  File "/home/ubuntu/app/backend/venv/lib/python3.12/site-packages/starlette/middleware/exceptions.py", line 63, in __call__
    await wrap_app_handling_exceptions(self.app, conn)(scope, receive, send)
  File "/home/ubuntu/app/backend/venv/lib/python3.12/site-packages/starlette/_exception_handler.py", line 53, in wrapped_app
    raise exc
  File "/home/ubuntu/app/backend/venv/lib/python3.12/site-packages/starlette/_exception_handler.py", line 42, in wrapped_app
    await app(scope, receive, sender)
  File "/home/ubuntu/app/backend/venv/lib/python3.12/site-packages/fastapi/middleware/asyncexitstack.py", line 18, in __call__
    await self.app(scope, receive, send)
  File "/home/ubuntu/app/backend/venv/lib/python3.12/site-packages/starlette/routing.py", line 660, in __call__
    await self.middleware_stack(scope, receive, send)
  File "/home/ubuntu/app/backend/venv/lib/python3.12/site-packages/fastapi/routing.py", line 2685, in app
    await route.handle(scope, receive, send)
  File "/home/ubuntu/app/backend/venv/lib/python3.12/site-packages/fastapi/routing.py", line 1267, in handle
    await super().handle(scope, receive, send)
  File "/home/ubuntu/app/backend/venv/lib/python3.12/site-packages/starlette/routing.py", line 276, in handle
    await self.app(scope, receive, send)
  File "/home/ubuntu/app/backend/venv/lib/python3.12/site-packages/fastapi/routing.py", line 151, in app
    await wrap_app_handling_exceptions(app, request)(scope, receive, send)
  File "/home/ubuntu/app/backend/venv/lib/python3.12/site-packages/starlette/_exception_handler.py", line 53, in wrapped_app
    raise exc
  File "/home/ubuntu/app/backend/venv/lib/python3.12/site-packages/starlette/_exception_handler.py", line 42, in wrapped_app
    await app(scope, receive, sender)
  File "/home/ubuntu/app/backend/venv/lib/python3.12/site-packages/fastapi/routing.py", line 137, in app
    response = await f(request)
               ^^^^^^^^^^^^^^^^
  File "/home/ubuntu/app/backend/venv/lib/python3.12/site-packages/fastapi/routing.py", line 691, in app
    raw_response = await run_endpoint_function(
                   ^^^^^^^^^^^^^^^^^^^^^^^^^^^^
  File "/home/ubuntu/app/backend/venv/lib/python3.12/site-packages/fastapi/routing.py", line 347, in run_endpoint_function
    return await run_in_threadpool(dependant.call, **values)
           ^^^^^^^^^^^^^^^^^^^^^^^^^^^^^^^^^^^^^^^^^^^^^^^^^
  File "/home/ubuntu/app/backend/venv/lib/python3.12/site-packages/starlette/concurrency.py", line 34, in run_in_threadpool
    return await anyio.to_thread.run_sync(func)
           ^^^^^^^^^^^^^^^^^^^^^^^^^^^^^^^^^^^^
  File "/home/ubuntu/app/backend/venv/lib/python3.12/site-packages/anyio/to_thread.py", line 65, in run_sync
    return await get_async_backend().run_sync_in_worker_thread(
           ^^^^^^^^^^^^^^^^^^^^^^^^^^^^^^^^^^^^^^^^^^^^^^^^^^^^
  File "/home/ubuntu/app/backend/venv/lib/python3.12/site-packages/anyio/_backends/_asyncio.py", line 2641, in run_sync_in_worker_thread
    return await future
           ^^^^^^^^^^^^
  File "/home/ubuntu/app/backend/venv/lib/python3.12/site-packages/anyio/_backends/_asyncio.py", line 1033, in run
    result = context.run(func, *args)
             ^^^^^^^^^^^^^^^^^^^^^^^^
  File "/home/ubuntu/app/backend/main.py", line 1591, in count_pending_approvals
    models.ApprovalRequest.user_id == user.id,
                                      ^^^^^^^
AttributeError: 'NoneType' object has no attribute 'id'
2026-08-28 14:01:44.562387 - GET /api/approvals/count - 219d09a2b06e4558a1896f6ab5b65c96 - 'NoneType' object has no attribute 'id'
Traceback (most recent call last):
  File "/home/ubuntu/app/backend/venv/lib/python3.12/site-packages/starlette/middleware/errors.py", line 164, in __call__
    await self.app(scope, receive, _send)
  File "/home/ubuntu/app/backend/venv/lib/python3.12/site-packages/starlette/middleware/cors.py", line 88, in __call__
    await self.app(scope, receive, send)
  File "/home/ubuntu/app/backend/venv/lib/python3.12/site-packages/starlette/middleware/exceptions.py", line 63, in __call__
    await wrap_app_handling_exceptions(self.app, conn)(scope, receive, send)
  File "/home/ubuntu/app/backend/venv/lib/python3.12/site-packages/starlette/_exception_handler.py", line 53, in wrapped_app
    raise exc
  File "/home/ubuntu/app/backend/venv/lib/python3.12/site-packages/starlette/_exception_handler.py", line 42, in wrapped_app
    await app(scope, receive, sender)
  File "/home/ubuntu/app/backend/venv/lib/python3.12/site-packages/fastapi/middleware/asyncexitstack.py", line 18, in __call__
    await self.app(scope, receive, send)
  File "/home/ubuntu/app/backend/venv/lib/python3.12/site-packages/starlette/routing.py", line 660, in __call__
    await self.middleware_stack(scope, receive, send)
  File "/home/ubuntu/app/backend/venv/lib/python3.12/site-packages/fastapi/routing.py", line 2685, in app
    await route.handle(scope, receive, send)
  File "/home/ubuntu/app/backend/venv/lib/python3.12/site-packages/fastapi/routing.py", line 1267, in handle
    await super().handle(scope, receive, send)
  File "/home/ubuntu/app/backend/venv/lib/python3.12/site-packages/starlette/routing.py", line 276, in handle
    await self.app(scope, receive, send)
  File "/home/ubuntu/app/backend/venv/lib/python3.12/site-packages/fastapi/routing.py", line 151, in app
    await wrap_app_handling_exceptions(app, request)(scope, receive, send)
  File "/home/ubuntu/app/backend/venv/lib/python3.12/site-packages/starlette/_exception_handler.py", line 53, in wrapped_app
    raise exc
  File "/home/ubuntu/app/backend/venv/lib/python3.12/site-packages/starlette/_exception_handler.py", line 42, in wrapped_app
    await app(scope, receive, sender)
  File "/home/ubuntu/app/backend/venv/lib/python3.12/site-packages/fastapi/routing.py", line 137, in app
    response = await f(request)
               ^^^^^^^^^^^^^^^^
  File "/home/ubuntu/app/backend/venv/lib/python3.12/site-packages/fastapi/routing.py", line 691, in app
    raw_response = await run_endpoint_function(
                   ^^^^^^^^^^^^^^^^^^^^^^^^^^^^
  File "/home/ubuntu/app/backend/venv/lib/python3.12/site-packages/fastapi/routing.py", line 347, in run_endpoint_function
    return await run_in_threadpool(dependant.call, **values)
           ^^^^^^^^^^^^^^^^^^^^^^^^^^^^^^^^^^^^^^^^^^^^^^^^^
  File "/home/ubuntu/app/backend/venv/lib/python3.12/site-packages/starlette/concurrency.py", line 34, in run_in_threadpool
    return await anyio.to_thread.run_sync(func)
           ^^^^^^^^^^^^^^^^^^^^^^^^^^^^^^^^^^^^
  File "/home/ubuntu/app/backend/venv/lib/python3.12/site-packages/anyio/to_thread.py", line 65, in run_sync
    return await get_async_backend().run_sync_in_worker_thread(
           ^^^^^^^^^^^^^^^^^^^^^^^^^^^^^^^^^^^^^^^^^^^^^^^^^^^^
  File "/home/ubuntu/app/backend/venv/lib/python3.12/site-packages/anyio/_backends/_asyncio.py", line 2641, in run_sync_in_worker_thread
    return await future
           ^^^^^^^^^^^^
  File "/home/ubuntu/app/backend/venv/lib/python3.12/site-packages/anyio/_backends/_asyncio.py", line 1033, in run
    result = context.run(func, *args)
             ^^^^^^^^^^^^^^^^^^^^^^^^
  File "/home/ubuntu/app/backend/main.py", line 1591, in count_pending_approvals
    models.ApprovalRequest.user_id == user.id,
                                      ^^^^^^^
AttributeError: 'NoneType' object has no attribute 'id'
2026-08-28 14:02:04.880509 - GET /api/approvals/count - ac7a02960e9c4241a972087a81568814 - 'NoneType' object has no attribute 'id'
Traceback (most recent call last):
  File "/home/ubuntu/app/backend/venv/lib/python3.12/site-packages/starlette/middleware/errors.py", line 164, in __call__
    await self.app(scope, receive, _send)
  File "/home/ubuntu/app/backend/venv/lib/python3.12/site-packages/starlette/middleware/cors.py", line 88, in __call__
    await self.app(scope, receive, send)
  File "/home/ubuntu/app/backend/venv/lib/python3.12/site-packages/starlette/middleware/exceptions.py", line 63, in __call__
    await wrap_app_handling_exceptions(self.app, conn)(scope, receive, send)
  File "/home/ubuntu/app/backend/venv/lib/python3.12/site-packages/starlette/_exception_handler.py", line 53, in wrapped_app
    raise exc
  File "/home/ubuntu/app/backend/venv/lib/python3.12/site-packages/starlette/_exception_handler.py", line 42, in wrapped_app
    await app(scope, receive, sender)
  File "/home/ubuntu/app/backend/venv/lib/python3.12/site-packages/fastapi/middleware/asyncexitstack.py", line 18, in __call__
    await self.app(scope, receive, send)
  File "/home/ubuntu/app/backend/venv/lib/python3.12/site-packages/starlette/routing.py", line 660, in __call__
    await self.middleware_stack(scope, receive, send)
  File "/home/ubuntu/app/backend/venv/lib/python3.12/site-packages/fastapi/routing.py", line 2685, in app
    await route.handle(scope, receive, send)
  File "/home/ubuntu/app/backend/venv/lib/python3.12/site-packages/fastapi/routing.py", line 1267, in handle
    await super().handle(scope, receive, send)
  File "/home/ubuntu/app/backend/venv/lib/python3.12/site-packages/starlette/routing.py", line 276, in handle
    await self.app(scope, receive, send)
  File "/home/ubuntu/app/backend/venv/lib/python3.12/site-packages/fastapi/routing.py", line 151, in app
    await wrap_app_handling_exceptions(app, request)(scope, receive, send)
  File "/home/ubuntu/app/backend/venv/lib/python3.12/site-packages/starlette/_exception_handler.py", line 53, in wrapped_app
    raise exc
  File "/home/ubuntu/app/backend/venv/lib/python3.12/site-packages/starlette/_exception_handler.py", line 42, in wrapped_app
    await app(scope, receive, sender)
  File "/home/ubuntu/app/backend/venv/lib/python3.12/site-packages/fastapi/routing.py", line 137, in app
    response = await f(request)
               ^^^^^^^^^^^^^^^^
  File "/home/ubuntu/app/backend/venv/lib/python3.12/site-packages/fastapi/routing.py", line 691, in app
    raw_response = await run_endpoint_function(
                   ^^^^^^^^^^^^^^^^^^^^^^^^^^^^
  File "/home/ubuntu/app/backend/venv/lib/python3.12/site-packages/fastapi/routing.py", line 347, in run_endpoint_function
    return await run_in_threadpool(dependant.call, **values)
           ^^^^^^^^^^^^^^^^^^^^^^^^^^^^^^^^^^^^^^^^^^^^^^^^^
  File "/home/ubuntu/app/backend/venv/lib/python3.12/site-packages/starlette/concurrency.py", line 34, in run_in_threadpool
    return await anyio.to_thread.run_sync(func)
           ^^^^^^^^^^^^^^^^^^^^^^^^^^^^^^^^^^^^
  File "/home/ubuntu/app/backend/venv/lib/python3.12/site-packages/anyio/to_thread.py", line 65, in run_sync
    return await get_async_backend().run_sync_in_worker_thread(
           ^^^^^^^^^^^^^^^^^^^^^^^^^^^^^^^^^^^^^^^^^^^^^^^^^^^^
  File "/home/ubuntu/app/backend/venv/lib/python3.12/site-packages/anyio/_backends/_asyncio.py", line 2641, in run_sync_in_worker_thread
    return await future
           ^^^^^^^^^^^^
  File "/home/ubuntu/app/backend/venv/lib/python3.12/site-packages/anyio/_backends/_asyncio.py", line 1033, in run
    result = context.run(func, *args)
             ^^^^^^^^^^^^^^^^^^^^^^^^
  File "/home/ubuntu/app/backend/main.py", line 1591, in count_pending_approvals
    models.ApprovalRequest.user_id == user.id,
                                      ^^^^^^^
AttributeError: 'NoneType' object has no attribute 'id'
2026-08-28 14:02:04.976095 - GET /api/approvals/count - 05af675f74404d05abf469b9051e98d3 - 'NoneType' object has no attribute 'id'
Traceback (most recent call last):
  File "/home/ubuntu/app/backend/venv/lib/python3.12/site-packages/starlette/middleware/errors.py", line 164, in __call__
    await self.app(scope, receive, _send)
  File "/home/ubuntu/app/backend/venv/lib/python3.12/site-packages/starlette/middleware/cors.py", line 88, in __call__
    await self.app(scope, receive, send)
  File "/home/ubuntu/app/backend/venv/lib/python3.12/site-packages/starlette/middleware/exceptions.py", line 63, in __call__
    await wrap_app_handling_exceptions(self.app, conn)(scope, receive, send)
  File "/home/ubuntu/app/backend/venv/lib/python3.12/site-packages/starlette/_exception_handler.py", line 53, in wrapped_app
    raise exc
  File "/home/ubuntu/app/backend/venv/lib/python3.12/site-packages/starlette/_exception_handler.py", line 42, in wrapped_app
    await app(scope, receive, sender)
  File "/home/ubuntu/app/backend/venv/lib/python3.12/site-packages/fastapi/middleware/asyncexitstack.py", line 18, in __call__
    await self.app(scope, receive, send)
  File "/home/ubuntu/app/backend/venv/lib/python3.12/site-packages/starlette/routing.py", line 660, in __call__
    await self.middleware_stack(scope, receive, send)
  File "/home/ubuntu/app/backend/venv/lib/python3.12/site-packages/fastapi/routing.py", line 2685, in app
    await route.handle(scope, receive, send)
  File "/home/ubuntu/app/backend/venv/lib/python3.12/site-packages/fastapi/routing.py", line 1267, in handle
    await super().handle(scope, receive, send)
  File "/home/ubuntu/app/backend/venv/lib/python3.12/site-packages/starlette/routing.py", line 276, in handle
    await self.app(scope, receive, send)
  File "/home/ubuntu/app/backend/venv/lib/python3.12/site-packages/fastapi/routing.py", line 151, in app
    await wrap_app_handling_exceptions(app, request)(scope, receive, send)
  File "/home/ubuntu/app/backend/venv/lib/python3.12/site-packages/starlette/_exception_handler.py", line 53, in wrapped_app
    raise exc
  File "/home/ubuntu/app/backend/venv/lib/python3.12/site-packages/starlette/_exception_handler.py", line 42, in wrapped_app
    await app(scope, receive, sender)
  File "/home/ubuntu/app/backend/venv/lib/python3.12/site-packages/fastapi/routing.py", line 137, in app
    response = await f(request)
               ^^^^^^^^^^^^^^^^
  File "/home/ubuntu/app/backend/venv/lib/python3.12/site-packages/fastapi/routing.py", line 691, in app
    raw_response = await run_endpoint_function(
                   ^^^^^^^^^^^^^^^^^^^^^^^^^^^^
  File "/home/ubuntu/app/backend/venv/lib/python3.12/site-packages/fastapi/routing.py", line 347, in run_endpoint_function
    return await run_in_threadpool(dependant.call, **values)
           ^^^^^^^^^^^^^^^^^^^^^^^^^^^^^^^^^^^^^^^^^^^^^^^^^
  File "/home/ubuntu/app/backend/venv/lib/python3.12/site-packages/starlette/concurrency.py", line 34, in run_in_threadpool
    return await anyio.to_thread.run_sync(func)
           ^^^^^^^^^^^^^^^^^^^^^^^^^^^^^^^^^^^^
  File "/home/ubuntu/app/backend/venv/lib/python3.12/site-packages/anyio/to_thread.py", line 65, in run_sync
    return await get_async_backend().run_sync_in_worker_thread(
           ^^^^^^^^^^^^^^^^^^^^^^^^^^^^^^^^^^^^^^^^^^^^^^^^^^^^
  File "/home/ubuntu/app/backend/venv/lib/python3.12/site-packages/anyio/_backends/_asyncio.py", line 2641, in run_sync_in_worker_thread
    return await future
           ^^^^^^^^^^^^
  File "/home/ubuntu/app/backend/venv/lib/python3.12/site-packages/anyio/_backends/_asyncio.py", line 1033, in run
    result = context.run(func, *args)
             ^^^^^^^^^^^^^^^^^^^^^^^^
  File "/home/ubuntu/app/backend/main.py", line 1591, in count_pending_approvals
    models.ApprovalRequest.user_id == user.id,
                                      ^^^^^^^
AttributeError: 'NoneType' object has no attribute 'id'
2026-08-29 00:45:38.541432 - GET /api/approvals/count - a5b21ab25d5a44238cbe2a25d8816726 - 'NoneType' object has no attribute 'id'
Traceback (most recent call last):
  File "/home/ubuntu/app/backend/venv/lib/python3.12/site-packages/starlette/middleware/errors.py", line 164, in __call__
    await self.app(scope, receive, _send)
  File "/home/ubuntu/app/backend/venv/lib/python3.12/site-packages/starlette/middleware/cors.py", line 88, in __call__
    await self.app(scope, receive, send)
  File "/home/ubuntu/app/backend/venv/lib/python3.12/site-packages/starlette/middleware/exceptions.py", line 63, in __call__
    await wrap_app_handling_exceptions(self.app, conn)(scope, receive, send)
  File "/home/ubuntu/app/backend/venv/lib/python3.12/site-packages/starlette/_exception_handler.py", line 53, in wrapped_app
    raise exc
  File "/home/ubuntu/app/backend/venv/lib/python3.12/site-packages/starlette/_exception_handler.py", line 42, in wrapped_app
    await app(scope, receive, sender)
  File "/home/ubuntu/app/backend/venv/lib/python3.12/site-packages/fastapi/middleware/asyncexitstack.py", line 18, in __call__
    await self.app(scope, receive, send)
  File "/home/ubuntu/app/backend/venv/lib/python3.12/site-packages/starlette/routing.py", line 660, in __call__
    await self.middleware_stack(scope, receive, send)
  File "/home/ubuntu/app/backend/venv/lib/python3.12/site-packages/fastapi/routing.py", line 2685, in app
    await route.handle(scope, receive, send)
  File "/home/ubuntu/app/backend/venv/lib/python3.12/site-packages/fastapi/routing.py", line 1267, in handle
    await super().handle(scope, receive, send)
  File "/home/ubuntu/app/backend/venv/lib/python3.12/site-packages/starlette/routing.py", line 276, in handle
    await self.app(scope, receive, send)
  File "/home/ubuntu/app/backend/venv/lib/python3.12/site-packages/fastapi/routing.py", line 151, in app
    await wrap_app_handling_exceptions(app, request)(scope, receive, send)
  File "/home/ubuntu/app/backend/venv/lib/python3.12/site-packages/starlette/_exception_handler.py", line 53, in wrapped_app
    raise exc
  File "/home/ubuntu/app/backend/venv/lib/python3.12/site-packages/starlette/_exception_handler.py", line 42, in wrapped_app
    await app(scope, receive, sender)
  File "/home/ubuntu/app/backend/venv/lib/python3.12/site-packages/fastapi/routing.py", line 137, in app
    response = await f(request)
               ^^^^^^^^^^^^^^^^
  File "/home/ubuntu/app/backend/venv/lib/python3.12/site-packages/fastapi/routing.py", line 691, in app
    raw_response = await run_endpoint_function(
                   ^^^^^^^^^^^^^^^^^^^^^^^^^^^^
  File "/home/ubuntu/app/backend/venv/lib/python3.12/site-packages/fastapi/routing.py", line 347, in run_endpoint_function
    return await run_in_threadpool(dependant.call, **values)
           ^^^^^^^^^^^^^^^^^^^^^^^^^^^^^^^^^^^^^^^^^^^^^^^^^
  File "/home/ubuntu/app/backend/venv/lib/python3.12/site-packages/starlette/concurrency.py", line 34, in run_in_threadpool
    return await anyio.to_thread.run_sync(func)
           ^^^^^^^^^^^^^^^^^^^^^^^^^^^^^^^^^^^^
  File "/home/ubuntu/app/backend/venv/lib/python3.12/site-packages/anyio/to_thread.py", line 65, in run_sync
    return await get_async_backend().run_sync_in_worker_thread(
           ^^^^^^^^^^^^^^^^^^^^^^^^^^^^^^^^^^^^^^^^^^^^^^^^^^^^
  File "/home/ubuntu/app/backend/venv/lib/python3.12/site-packages/anyio/_backends/_asyncio.py", line 2641, in run_sync_in_worker_thread
    return await future
           ^^^^^^^^^^^^
  File "/home/ubuntu/app/backend/venv/lib/python3.12/site-packages/anyio/_backends/_asyncio.py", line 1033, in run
    result = context.run(func, *args)
             ^^^^^^^^^^^^^^^^^^^^^^^^
  File "/home/ubuntu/app/backend/main.py", line 1591, in count_pending_approvals
    **({"approval_decisions": payload.approval_decisions} if payload.approval_decisions else {}),
                                  ^^^^^^^
AttributeError: 'NoneType' object has no attribute 'id'
2026-08-29 00:46:29.603580 - GET /api/approvals/count - aad523d71a3540699b486a9556aabfd1 - 'NoneType' object has no attribute 'id'
Traceback (most recent call last):
  File "/home/ubuntu/app/backend/venv/lib/python3.12/site-packages/starlette/middleware/errors.py", line 164, in __call__
    await self.app(scope, receive, _send)
  File "/home/ubuntu/app/backend/venv/lib/python3.12/site-packages/starlette/middleware/cors.py", line 88, in __call__
    await self.app(scope, receive, send)
  File "/home/ubuntu/app/backend/venv/lib/python3.12/site-packages/starlette/middleware/exceptions.py", line 63, in __call__
    await wrap_app_handling_exceptions(self.app, conn)(scope, receive, send)
  File "/home/ubuntu/app/backend/venv/lib/python3.12/site-packages/starlette/_exception_handler.py", line 53, in wrapped_app
    raise exc
  File "/home/ubuntu/app/backend/venv/lib/python3.12/site-packages/starlette/_exception_handler.py", line 42, in wrapped_app
    await app(scope, receive, sender)
  File "/home/ubuntu/app/backend/venv/lib/python3.12/site-packages/fastapi/middleware/asyncexitstack.py", line 18, in __call__
    await self.app(scope, receive, send)
  File "/home/ubuntu/app/backend/venv/lib/python3.12/site-packages/starlette/routing.py", line 660, in __call__
    await self.middleware_stack(scope, receive, send)
  File "/home/ubuntu/app/backend/venv/lib/python3.12/site-packages/fastapi/routing.py", line 2685, in app
    await route.handle(scope, receive, send)
  File "/home/ubuntu/app/backend/venv/lib/python3.12/site-packages/fastapi/routing.py", line 1267, in handle
    await super().handle(scope, receive, send)
  File "/home/ubuntu/app/backend/venv/lib/python3.12/site-packages/starlette/routing.py", line 276, in handle
    await self.app(scope, receive, send)
  File "/home/ubuntu/app/backend/venv/lib/python3.12/site-packages/fastapi/routing.py", line 151, in app
    await wrap_app_handling_exceptions(app, request)(scope, receive, send)
  File "/home/ubuntu/app/backend/venv/lib/python3.12/site-packages/starlette/_exception_handler.py", line 53, in wrapped_app
    raise exc
  File "/home/ubuntu/app/backend/venv/lib/python3.12/site-packages/starlette/_exception_handler.py", line 42, in wrapped_app
    await app(scope, receive, sender)
  File "/home/ubuntu/app/backend/venv/lib/python3.12/site-packages/fastapi/routing.py", line 137, in app
    response = await f(request)
               ^^^^^^^^^^^^^^^^
  File "/home/ubuntu/app/backend/venv/lib/python3.12/site-packages/fastapi/routing.py", line 691, in app
    raw_response = await run_endpoint_function(
                   ^^^^^^^^^^^^^^^^^^^^^^^^^^^^
  File "/home/ubuntu/app/backend/venv/lib/python3.12/site-packages/fastapi/routing.py", line 347, in run_endpoint_function
    return await run_in_threadpool(dependant.call, **values)
           ^^^^^^^^^^^^^^^^^^^^^^^^^^^^^^^^^^^^^^^^^^^^^^^^^
  File "/home/ubuntu/app/backend/venv/lib/python3.12/site-packages/starlette/concurrency.py", line 34, in run_in_threadpool
    return await anyio.to_thread.run_sync(func)
           ^^^^^^^^^^^^^^^^^^^^^^^^^^^^^^^^^^^^
  File "/home/ubuntu/app/backend/venv/lib/python3.12/site-packages/anyio/to_thread.py", line 65, in run_sync
    return await get_async_backend().run_sync_in_worker_thread(
           ^^^^^^^^^^^^^^^^^^^^^^^^^^^^^^^^^^^^^^^^^^^^^^^^^^^^
  File "/home/ubuntu/app/backend/venv/lib/python3.12/site-packages/anyio/_backends/_asyncio.py", line 2641, in run_sync_in_worker_thread
    return await future
           ^^^^^^^^^^^^
  File "/home/ubuntu/app/backend/venv/lib/python3.12/site-packages/anyio/_backends/_asyncio.py", line 1033, in run
    result = context.run(func, *args)
             ^^^^^^^^^^^^^^^^^^^^^^^^
  File "/home/ubuntu/app/backend/main.py", line 1712, in count_pending_approvals
    models.ApprovalRequest.user_id == user.id,
                                      ^^^^^^^
AttributeError: 'NoneType' object has no attribute 'id'
2026-08-29 00:47:06.777785 - GET /api/approvals/count - e8778ccf957e4e9292cb3da3c4d678af - 'NoneType' object has no attribute 'id'
Traceback (most recent call last):
  File "/home/ubuntu/app/backend/venv/lib/python3.12/site-packages/starlette/middleware/errors.py", line 164, in __call__
    await self.app(scope, receive, _send)
  File "/home/ubuntu/app/backend/venv/lib/python3.12/site-packages/starlette/middleware/cors.py", line 88, in __call__
    await self.app(scope, receive, send)
  File "/home/ubuntu/app/backend/venv/lib/python3.12/site-packages/starlette/middleware/exceptions.py", line 63, in __call__
    await wrap_app_handling_exceptions(self.app, conn)(scope, receive, send)
  File "/home/ubuntu/app/backend/venv/lib/python3.12/site-packages/starlette/_exception_handler.py", line 53, in wrapped_app
    raise exc
  File "/home/ubuntu/app/backend/venv/lib/python3.12/site-packages/starlette/_exception_handler.py", line 42, in wrapped_app
    await app(scope, receive, sender)
  File "/home/ubuntu/app/backend/venv/lib/python3.12/site-packages/fastapi/middleware/asyncexitstack.py", line 18, in __call__
    await self.app(scope, receive, send)
  File "/home/ubuntu/app/backend/venv/lib/python3.12/site-packages/starlette/routing.py", line 660, in __call__
    await self.middleware_stack(scope, receive, send)
  File "/home/ubuntu/app/backend/venv/lib/python3.12/site-packages/fastapi/routing.py", line 2685, in app
    await route.handle(scope, receive, send)
  File "/home/ubuntu/app/backend/venv/lib/python3.12/site-packages/fastapi/routing.py", line 1267, in handle
    await super().handle(scope, receive, send)
  File "/home/ubuntu/app/backend/venv/lib/python3.12/site-packages/starlette/routing.py", line 276, in handle
    await self.app(scope, receive, send)
  File "/home/ubuntu/app/backend/venv/lib/python3.12/site-packages/fastapi/routing.py", line 151, in app
    await wrap_app_handling_exceptions(app, request)(scope, receive, send)
  File "/home/ubuntu/app/backend/venv/lib/python3.12/site-packages/starlette/_exception_handler.py", line 53, in wrapped_app
    raise exc
  File "/home/ubuntu/app/backend/venv/lib/python3.12/site-packages/starlette/_exception_handler.py", line 42, in wrapped_app
    await app(scope, receive, sender)
  File "/home/ubuntu/app/backend/venv/lib/python3.12/site-packages/fastapi/routing.py", line 137, in app
    response = await f(request)
               ^^^^^^^^^^^^^^^^
  File "/home/ubuntu/app/backend/venv/lib/python3.12/site-packages/fastapi/routing.py", line 691, in app
    raw_response = await run_endpoint_function(
                   ^^^^^^^^^^^^^^^^^^^^^^^^^^^^
  File "/home/ubuntu/app/backend/venv/lib/python3.12/site-packages/fastapi/routing.py", line 347, in run_endpoint_function
    return await run_in_threadpool(dependant.call, **values)
           ^^^^^^^^^^^^^^^^^^^^^^^^^^^^^^^^^^^^^^^^^^^^^^^^^
  File "/home/ubuntu/app/backend/venv/lib/python3.12/site-packages/starlette/concurrency.py", line 34, in run_in_threadpool
    return await anyio.to_thread.run_sync(func)
           ^^^^^^^^^^^^^^^^^^^^^^^^^^^^^^^^^^^^
  File "/home/ubuntu/app/backend/venv/lib/python3.12/site-packages/anyio/to_thread.py", line 65, in run_sync
    return await get_async_backend().run_sync_in_worker_thread(
           ^^^^^^^^^^^^^^^^^^^^^^^^^^^^^^^^^^^^^^^^^^^^^^^^^^^^
  File "/home/ubuntu/app/backend/venv/lib/python3.12/site-packages/anyio/_backends/_asyncio.py", line 2641, in run_sync_in_worker_thread
    return await future
           ^^^^^^^^^^^^
  File "/home/ubuntu/app/backend/venv/lib/python3.12/site-packages/anyio/_backends/_asyncio.py", line 1033, in run
    result = context.run(func, *args)
             ^^^^^^^^^^^^^^^^^^^^^^^^
  File "/home/ubuntu/app/backend/main.py", line 1712, in count_pending_approvals
    models.ApprovalRequest.user_id == user.id,
                                      ^^^^^^^
AttributeError: 'NoneType' object has no attribute 'id'
2026-08-31 14:17:14.717680 - POST /api/deploy/999999 - Validation Error: [{'type': 'missing', 'loc': ('body', 'mode'), 'msg': 'Field required', 'input': {}}]
2026-08-31 15:10:04.267467 - POST /api/chat - Validation Error: [{'type': 'missing', 'loc': ('body', 'project_id'), 'msg': 'Field required', 'input': {}}, {'type': 'missing', 'loc': ('body', 'message'), 'msg': 'Field required', 'input': {}}]
2026-08-31 15:10:04.346661 - POST /api/evaluate - Validation Error: [{'type': 'missing', 'loc': ('body', 'project_id'), 'msg': 'Field required', 'input': {}}, {'type': 'missing', 'loc': ('body', 'graph_data'), 'msg': 'Field required', 'input': {}}]
2026-08-31 15:10:04.396720 - POST /api/evaluate/autofix - Validation Error: [{'type': 'missing', 'loc': ('body', 'project_id'), 'msg': 'Field required', 'input': {}}, {'type': 'missing', 'loc': ('body', 'graph_data'), 'msg': 'Field required', 'input': {}}]
2026-08-31 15:13:42.187923 - GET /api/community/shares/1 - ae97150941874d1bb637c291c0b14b04 - 'NoneType' object has no attribute 'post_id'
Traceback (most recent call last):
  File "/home/ubuntu/app/backend/venv/lib/python3.12/site-packages/starlette/middleware/errors.py", line 164, in __call__
    await self.app(scope, receive, _send)
  File "/home/ubuntu/app/backend/venv/lib/python3.12/site-packages/starlette/middleware/cors.py", line 88, in __call__
    await self.app(scope, receive, send)
  File "/home/ubuntu/app/backend/venv/lib/python3.12/site-packages/starlette/middleware/exceptions.py", line 63, in __call__
    await wrap_app_handling_exceptions(self.app, conn)(scope, receive, send)
  File "/home/ubuntu/app/backend/venv/lib/python3.12/site-packages/starlette/_exception_handler.py", line 53, in wrapped_app
    raise exc
  File "/home/ubuntu/app/backend/venv/lib/python3.12/site-packages/starlette/_exception_handler.py", line 42, in wrapped_app
    await app(scope, receive, sender)
  File "/home/ubuntu/app/backend/venv/lib/python3.12/site-packages/fastapi/middleware/asyncexitstack.py", line 18, in __call__
    await self.app(scope, receive, send)
  File "/home/ubuntu/app/backend/venv/lib/python3.12/site-packages/starlette/routing.py", line 660, in __call__
    await self.middleware_stack(scope, receive, send)
  File "/home/ubuntu/app/backend/venv/lib/python3.12/site-packages/fastapi/routing.py", line 2685, in app
    await route.handle(scope, receive, send)
  File "/home/ubuntu/app/backend/venv/lib/python3.12/site-packages/fastapi/routing.py", line 1267, in handle
    await super().handle(scope, receive, send)
  File "/home/ubuntu/app/backend/venv/lib/python3.12/site-packages/starlette/routing.py", line 276, in handle
    await self.app(scope, receive, send)
  File "/home/ubuntu/app/backend/venv/lib/python3.12/site-packages/fastapi/routing.py", line 151, in app
    await wrap_app_handling_exceptions(app, request)(scope, receive, send)
  File "/home/ubuntu/app/backend/venv/lib/python3.12/site-packages/starlette/_exception_handler.py", line 53, in wrapped_app
    raise exc
  File "/home/ubuntu/app/backend/venv/lib/python3.12/site-packages/starlette/_exception_handler.py", line 42, in wrapped_app
    await app(scope, receive, sender)
  File "/home/ubuntu/app/backend/venv/lib/python3.12/site-packages/fastapi/routing.py", line 137, in app
    response = await f(request)
               ^^^^^^^^^^^^^^^^
  File "/home/ubuntu/app/backend/venv/lib/python3.12/site-packages/fastapi/routing.py", line 691, in app
    raw_response = await run_endpoint_function(
                   ^^^^^^^^^^^^^^^^^^^^^^^^^^^^
  File "/home/ubuntu/app/backend/venv/lib/python3.12/site-packages/fastapi/routing.py", line 347, in run_endpoint_function
    return await run_in_threadpool(dependant.call, **values)
           ^^^^^^^^^^^^^^^^^^^^^^^^^^^^^^^^^^^^^^^^^^^^^^^^^
  File "/home/ubuntu/app/backend/venv/lib/python3.12/site-packages/starlette/concurrency.py", line 34, in run_in_threadpool
    return await anyio.to_thread.run_sync(func)
           ^^^^^^^^^^^^^^^^^^^^^^^^^^^^^^^^^^^^
  File "/home/ubuntu/app/backend/venv/lib/python3.12/site-packages/anyio/to_thread.py", line 65, in run_sync
    return await get_async_backend().run_sync_in_worker_thread(
           ^^^^^^^^^^^^^^^^^^^^^^^^^^^^^^^^^^^^^^^^^^^^^^^^^^^^
  File "/home/ubuntu/app/backend/venv/lib/python3.12/site-packages/anyio/_backends/_asyncio.py", line 2641, in run_sync_in_worker_thread
    return await future
           ^^^^^^^^^^^^
  File "/home/ubuntu/app/backend/venv/lib/python3.12/site-packages/anyio/_backends/_asyncio.py", line 1033, in run
    result = context.run(func, *args)
             ^^^^^^^^^^^^^^^^^^^^^^^^
  File "/home/ubuntu/app/backend/main.py", line 4934, in get_share
    db.query(models.Answer).filter(models.Answer.id == share.owner_id).first().post_id)
    ^^^^^^^^^^^^^^^^^^^^^^^^^^^^^^^^^^^^^^^^^^^^^^^^^^^^^^^^^^^^^^^^^^^^^^^^^^^^^^^^^^
AttributeError: 'NoneType' object has no attribute 'post_id'
2026-08-31 15:14:02.236764 - GET /api/community/shares/1 - 22f3be2284e74656aa6ecc5834be40c2 - 'NoneType' object has no attribute 'post_id'
Traceback (most recent call last):
  File "/home/ubuntu/app/backend/venv/lib/python3.12/site-packages/starlette/middleware/errors.py", line 164, in __call__
    await self.app(scope, receive, _send)
  File "/home/ubuntu/app/backend/venv/lib/python3.12/site-packages/starlette/middleware/cors.py", line 88, in __call__
    await self.app(scope, receive, send)
  File "/home/ubuntu/app/backend/venv/lib/python3.12/site-packages/starlette/middleware/exceptions.py", line 63, in __call__
    await wrap_app_handling_exceptions(self.app, conn)(scope, receive, send)
  File "/home/ubuntu/app/backend/venv/lib/python3.12/site-packages/starlette/_exception_handler.py", line 53, in wrapped_app
    raise exc
  File "/home/ubuntu/app/backend/venv/lib/python3.12/site-packages/starlette/_exception_handler.py", line 42, in wrapped_app
    await app(scope, receive, sender)
  File "/home/ubuntu/app/backend/venv/lib/python3.12/site-packages/fastapi/middleware/asyncexitstack.py", line 18, in __call__
    await self.app(scope, receive, send)
  File "/home/ubuntu/app/backend/venv/lib/python3.12/site-packages/starlette/routing.py", line 660, in __call__
    await self.middleware_stack(scope, receive, send)
  File "/home/ubuntu/app/backend/venv/lib/python3.12/site-packages/fastapi/routing.py", line 2685, in app
    await route.handle(scope, receive, send)
  File "/home/ubuntu/app/backend/venv/lib/python3.12/site-packages/fastapi/routing.py", line 1267, in handle
    await super().handle(scope, receive, send)
  File "/home/ubuntu/app/backend/venv/lib/python3.12/site-packages/starlette/routing.py", line 276, in handle
    await self.app(scope, receive, send)
  File "/home/ubuntu/app/backend/venv/lib/python3.12/site-packages/fastapi/routing.py", line 151, in app
    await wrap_app_handling_exceptions(app, request)(scope, receive, send)
  File "/home/ubuntu/app/backend/venv/lib/python3.12/site-packages/starlette/_exception_handler.py", line 53, in wrapped_app
    raise exc
  File "/home/ubuntu/app/backend/venv/lib/python3.12/site-packages/starlette/_exception_handler.py", line 42, in wrapped_app
    await app(scope, receive, sender)
  File "/home/ubuntu/app/backend/venv/lib/python3.12/site-packages/fastapi/routing.py", line 137, in app
    response = await f(request)
               ^^^^^^^^^^^^^^^^
  File "/home/ubuntu/app/backend/venv/lib/python3.12/site-packages/fastapi/routing.py", line 691, in app
    raw_response = await run_endpoint_function(
                   ^^^^^^^^^^^^^^^^^^^^^^^^^^^^
  File "/home/ubuntu/app/backend/venv/lib/python3.12/site-packages/fastapi/routing.py", line 347, in run_endpoint_function
    return await run_in_threadpool(dependant.call, **values)
           ^^^^^^^^^^^^^^^^^^^^^^^^^^^^^^^^^^^^^^^^^^^^^^^^^
  File "/home/ubuntu/app/backend/venv/lib/python3.12/site-packages/starlette/concurrency.py", line 34, in run_in_threadpool
    return await anyio.to_thread.run_sync(func)
           ^^^^^^^^^^^^^^^^^^^^^^^^^^^^^^^^^^^^
  File "/home/ubuntu/app/backend/venv/lib/python3.12/site-packages/anyio/to_thread.py", line 65, in run_sync
    return await get_async_backend().run_sync_in_worker_thread(
           ^^^^^^^^^^^^^^^^^^^^^^^^^^^^^^^^^^^^^^^^^^^^^^^^^^^^
  File "/home/ubuntu/app/backend/venv/lib/python3.12/site-packages/anyio/_backends/_asyncio.py", line 2641, in run_sync_in_worker_thread
    return await future
           ^^^^^^^^^^^^
  File "/home/ubuntu/app/backend/venv/lib/python3.12/site-packages/anyio/_backends/_asyncio.py", line 1033, in run
    result = context.run(func, *args)
             ^^^^^^^^^^^^^^^^^^^^^^^^
  File "/home/ubuntu/app/backend/main.py", line 4934, in get_share
    db.query(models.Answer).filter(models.Answer.id == share.owner_id).first().post_id)
    ^^^^^^^^^^^^^^^^^^^^^^^^^^^^^^^^^^^^^^^^^^^^^^^^^^^^^^^^^^^^^^^^^^^^^^^^^^^^^^^^^^
AttributeError: 'NoneType' object has no attribute 'post_id'
2026-08-31 15:14:20.760074 - GET /api/community/shares/1 - 482830b124004476bc581883b4aae320 - 'NoneType' object has no attribute 'post_id'
Traceback (most recent call last):
  File "/home/ubuntu/app/backend/venv/lib/python3.12/site-packages/starlette/middleware/errors.py", line 164, in __call__
    await self.app(scope, receive, _send)
  File "/home/ubuntu/app/backend/venv/lib/python3.12/site-packages/starlette/middleware/cors.py", line 88, in __call__
    await self.app(scope, receive, send)
  File "/home/ubuntu/app/backend/venv/lib/python3.12/site-packages/starlette/middleware/exceptions.py", line 63, in __call__
    await wrap_app_handling_exceptions(self.app, conn)(scope, receive, send)
  File "/home/ubuntu/app/backend/venv/lib/python3.12/site-packages/starlette/_exception_handler.py", line 53, in wrapped_app
    raise exc
  File "/home/ubuntu/app/backend/venv/lib/python3.12/site-packages/starlette/_exception_handler.py", line 42, in wrapped_app
    await app(scope, receive, sender)
  File "/home/ubuntu/app/backend/venv/lib/python3.12/site-packages/fastapi/middleware/asyncexitstack.py", line 18, in __call__
    await self.app(scope, receive, send)
  File "/home/ubuntu/app/backend/venv/lib/python3.12/site-packages/starlette/routing.py", line 660, in __call__
    await self.middleware_stack(scope, receive, send)
  File "/home/ubuntu/app/backend/venv/lib/python3.12/site-packages/fastapi/routing.py", line 2685, in app
    await route.handle(scope, receive, send)
  File "/home/ubuntu/app/backend/venv/lib/python3.12/site-packages/fastapi/routing.py", line 1267, in handle
    await super().handle(scope, receive, send)
  File "/home/ubuntu/app/backend/venv/lib/python3.12/site-packages/starlette/routing.py", line 276, in handle
    await self.app(scope, receive, send)
  File "/home/ubuntu/app/backend/venv/lib/python3.12/site-packages/fastapi/routing.py", line 151, in app
    await wrap_app_handling_exceptions(app, request)(scope, receive, send)
  File "/home/ubuntu/app/backend/venv/lib/python3.12/site-packages/starlette/_exception_handler.py", line 53, in wrapped_app
    raise exc
  File "/home/ubuntu/app/backend/venv/lib/python3.12/site-packages/starlette/_exception_handler.py", line 42, in wrapped_app
    await app(scope, receive, sender)
  File "/home/ubuntu/app/backend/venv/lib/python3.12/site-packages/fastapi/routing.py", line 137, in app
    response = await f(request)
               ^^^^^^^^^^^^^^^^
  File "/home/ubuntu/app/backend/venv/lib/python3.12/site-packages/fastapi/routing.py", line 691, in app
    raw_response = await run_endpoint_function(
                   ^^^^^^^^^^^^^^^^^^^^^^^^^^^^
  File "/home/ubuntu/app/backend/venv/lib/python3.12/site-packages/fastapi/routing.py", line 347, in run_endpoint_function
    return await run_in_threadpool(dependant.call, **values)
           ^^^^^^^^^^^^^^^^^^^^^^^^^^^^^^^^^^^^^^^^^^^^^^^^^
  File "/home/ubuntu/app/backend/venv/lib/python3.12/site-packages/starlette/concurrency.py", line 34, in run_in_threadpool
    return await anyio.to_thread.run_sync(func)
           ^^^^^^^^^^^^^^^^^^^^^^^^^^^^^^^^^^^^
  File "/home/ubuntu/app/backend/venv/lib/python3.12/site-packages/anyio/to_thread.py", line 65, in run_sync
    return await get_async_backend().run_sync_in_worker_thread(
           ^^^^^^^^^^^^^^^^^^^^^^^^^^^^^^^^^^^^^^^^^^^^^^^^^^^^
  File "/home/ubuntu/app/backend/venv/lib/python3.12/site-packages/anyio/_backends/_asyncio.py", line 2641, in run_sync_in_worker_thread
    return await future
           ^^^^^^^^^^^^
  File "/home/ubuntu/app/backend/venv/lib/python3.12/site-packages/anyio/_backends/_asyncio.py", line 1033, in run
    result = context.run(func, *args)
             ^^^^^^^^^^^^^^^^^^^^^^^^
  File "/home/ubuntu/app/backend/main.py", line 4934, in get_share
    db.query(models.Answer).filter(models.Answer.id == share.owner_id).first().post_id)
    ^^^^^^^^^^^^^^^^^^^^^^^^^^^^^^^^^^^^^^^^^^^^^^^^^^^^^^^^^^^^^^^^^^^^^^^^^^^^^^^^^^
AttributeError: 'NoneType' object has no attribute 'post_id'
